01-06 06:26:28.689   475   660 D ThermalEngine: sensor_monitor: case_therm Reading 30000 .
01-06 06:26:28.689   475   660 I ThermalEngine: Sensor:case_therm:30000 mC
01-06 06:26:28.689   475   660 D ThermalEngine: update_active_thresh: case_therm Active(1), Hi(1) 42000, Lo(0) -2147483648, Interval(1) 5000
01-06 06:26:28.689   475   660 D ThermalEngine: sensor_monitor: case_therm Sensor wait.
01-06 06:26:28.689   475   660 D ThermalEngine: sensor_wait: case_therm Wait start. 5000ms
01-06 06:26:28.689  5866  5866 I Settings: Content JS LOG: before-------info [object Object] 
01-06 06:26:28.689  5866  5866 I Settings:     at _rootReset (app://settings.gaiamobile.org/js/navigation_map.js:248:9)
01-06 06:26:28.689  5866  5866 I Settings: Content JS LOG: before-------info [object Object] 
01-06 06:26:28.689  5866  5866 I Settings:     at _rootReset (app://settings.gaiamobile.org/js/navigation_map.js:248:9)
01-06 06:26:28.689  5866  5866 I FocusManager: << focus() called >>
01-06 06:26:28.699  5866  5866 I FocusManager:    trying to set focus on, tag: LI, id: , class: focus
01-06 06:26:28.719  5866  5866 I FocusManager:    current focused element, tag: LI, id: , class: 
01-06 06:26:28.719  5866  5866 I FocusManager: <- blur on, tag: LI, id: , class: 
01-06 06:26:28.719  5866  5866 I FocusManager: -> focus is now on, tag: LI, id: , class: focus
01-06 06:26:28.729  5866  5866 I Settings: Content JS LOG: NavigationMap update 
01-06 06:26:28.729  5866  5866 I Settings:     at _update (app://settings.gaiamobile.org/js/navigation_map.js:401:7)
01-06 06:26:28.729  5866  5866 I Gecko   : [BrowserElement] event type: keydown, key: ArrowRight, target: [object HTMLLIElement]
01-06 06:26:28.749  4661  4661 I Gecko   : [BrowserElement] Resume painting on app://launcher.gaiamobile.org/manifest.webapp
01-06 06:26:28.889   485   485 I Gecko   : [BrowserElement] event type: keyup, key: ArrowRight, target: [object HTMLIFrameElement], src: app://settings.gaiamobile.org/index.html, id: browser7, class: browser
01-06 06:26:28.889  5866  5866 I Gecko   : [BrowserElement] event type: keyup, key: ArrowRight, target: [object HTMLLIElement], class: focus
01-06 06:26:29.079   485   485 I Gecko   : [BrowserElement] event type: keydown, key: ArrowRight, target: [object HTMLIFrameElement], src: app://settings.gaiamobile.org/index.html, id: browser7, class: browser
01-06 06:26:29.109  5866  5866 I Settings: Content JS LOG: before-------info [object Object] 
01-06 06:26:29.109  5866  5866 I Settings:     at _rootReset (app://settings.gaiamobile.org/js/navigation_map.js:248:9)
01-06 06:26:29.109  5866  5866 I Settings: Content JS LOG: before-------info [object Object] 
01-06 06:26:29.109  5866  5866 I Settings:     at _rootReset (app://settings.gaiamobile.org/js/navigation_map.js:248:9)
01-06 06:26:29.119  5866  5866 I Settings: Content JS LOG: before-------info [object Object] 
01-06 06:26:29.119  5866  5866 I Settings:     at _rootReset (app://settings.gaiamobile.org/js/navigation_map.js:248:9)
01-06 06:26:29.119  5866  5866 I FocusManager: << focus() called >>
01-06 06:26:29.119  5866  5866 I FocusManager:    trying to set focus on, tag: LI, id: , class: focus
01-06 06:26:29.139  5866  5866 I FocusManager:    current focused element, tag: LI, id: , class: 
01-06 06:26:29.139  5866  5866 I FocusManager: <- blur on, tag: LI, id: , class: 
01-06 06:26:29.139  5866  5866 I FocusManager: -> focus is now on, tag: LI, id: , class: focus
01-06 06:26:29.149  5866  5866 I Settings: Content JS LOG: NavigationMap update 
01-06 06:26:29.149  5866  5866 I Settings:     at _update (app://settings.gaiamobile.org/js/navigation_map.js:401:7)
01-06 06:26:29.149  5866  5866 I Gecko   : [BrowserElement] event type: keydown, key: ArrowRight, target: [object HTMLLIElement]
01-06 06:26:29.229   485   485 I Gecko   : [BrowserElement] event type: keyup, key: ArrowRight, target: [object HTMLIFrameElement], src: app://settings.gaiamobile.org/index.html, id: browser7, class: browser
01-06 06:26:29.229  5866  5866 I Gecko   : [BrowserElement] event type: keyup, key: ArrowRight, target: [object HTMLLIElement], class: focus
01-06 06:26:29.559   485   485 I Gecko   : [BrowserElement] event type: keydown, key: ArrowRight, target: [object HTMLIFrameElement], src: app://settings.gaiamobile.org/index.html, id: browser7, class: browser
01-06 06:26:29.579  2525  2525 E sdcard  : missing packages.list; retrying
01-06 06:26:29.589  5866  5866 I Settings: Content JS LOG: before-------info [object Object] 
01-06 06:26:29.589  5866  5866 I Settings:     at _rootReset (app://settings.gaiamobile.org/js/navigation_map.js:248:9)
01-06 06:26:29.589  5866  5866 I Settings: Content JS LOG: before-------info [object Object] 
01-06 06:26:29.589  5866  5866 I Settings:     at _rootReset (app://settings.gaiamobile.org/js/navigation_map.js:248:9)
01-06 06:26:29.589  5866  5866 I Settings: Content JS LOG: before-------info [object Object] 
01-06 06:26:29.589  5866  5866 I Settings:     at _rootReset (app://settings.gaiamobile.org/js/navigation_map.js:248:9)
01-06 06:26:29.599  5866  5866 I Settings: Content JS LOG: before-------info [object Object] 
01-06 06:26:29.599  5866  5866 I Settings:     at _rootReset (app://settings.gaiamobile.org/js/navigation_map.js:248:9)
01-06 06:26:29.599  5866  5866 I FocusManager: << focus() called >>
01-06 06:26:29.599  5866  5866 I FocusManager:    trying to set focus on, tag: LI, id: fota-settings, class: focus
01-06 06:26:29.629  5866  5866 I FocusManager:    current focused element, tag: LI, id: , class: 
01-06 06:26:29.629  5866  5866 I FocusManager: <- blur on, tag: LI, id: , class: 
01-06 06:26:29.629  5866  5866 I FocusManager: -> focus is now on, tag: LI, id: fota-settings, class: focus
01-06 06:26:29.639  5866  5866 I Settings: Content JS LOG: NavigationMap update 
01-06 06:26:29.639  5866  5866 I Settings:     at _update (app://settings.gaiamobile.org/js/navigation_map.js:401:7)
01-06 06:26:29.649  5866  5866 I Gecko   : [BrowserElement] event type: keydown, key: ArrowRight, target: [object HTMLLIElement]
01-06 06:26:29.689   485   485 I Gecko   : [BrowserElement] event type: keyup, key: ArrowRight, target: [object HTMLIFrameElement], src: app://settings.gaiamobile.org/index.html, id: browser7, class: browser
01-06 06:26:29.689  5866  5866 I Gecko   : [BrowserElement] event type: keyup, key: ArrowRight, target: [object HTMLLIElement], id: fota-settings, class: focus
01-06 06:26:30.879   485   485 I Gecko   : [BrowserElement] event type: keydown, key: ArrowDown, target: [object HTMLIFrameElement], src: app://settings.gaiamobile.org/index.html, id: browser7, class: browser
01-06 06:26:30.929  5866  5866 I FocusManager: << focus() called >>
01-06 06:26:30.929  5866  5866 I FocusManager:    trying to set focus on, tag: LI, id: , class: focus
01-06 06:26:30.929  5866  5866 I FocusManager:    current focused element, tag: LI, id: fota-settings, class: 
01-06 06:26:30.929  5866  5866 I FocusManager: <- blur on, tag: LI, id: fota-settings, class: 
01-06 06:26:30.939  5866  5866 I FocusManager: -> focus is now on, tag: LI, id: , class: focus
01-06 06:26:30.939  5866  5866 I Gecko   : [BrowserElement] event type: keydown, key: ArrowDown, target: [object HTMLLIElement], id: fota-settings
01-06 06:26:30.989   485   485 I Gecko   : [BrowserElement] event type: keyup, key: ArrowDown, target: [object HTMLIFrameElement], src: app://settings.gaiamobile.org/index.html, id: browser7, class: browser
01-06 06:26:31.069  5866  5866 I Gecko   : [BrowserElement] event type: keyup, key: ArrowDown, target: [object HTMLLIElement], class: focus
01-06 06:26:31.339   485   485 I Gecko   : [BrowserElement] event type: keydown, key: Enter, target: [object HTMLIFrameElement], src: app://settings.gaiamobile.org/index.html, id: browser7, class: browser
01-06 06:26:31.359   485   485 D QLOC-OSAgent: WIFIHARDWARESTATE_DATA_ITEM_ID: 0
01-06 06:26:31.359   485   485 E IzatSvc_OSObserver: I/LocTech-Label :: OSOBSERVER :: Data Items In
01-06 06:26:31.359   485   485 E IzatSvc_OSObserver: I/LocTech-Value :: Data Item Value: IS_WIFI_HARDWARE_ON: false
01-06 06:26:31.359   485   485 E GeckoConsole: [JavaScript Error: "NS_ERROR_NOT_IMPLEMENTED: Component returned failure code: 0x80004001 (NS_ERROR_NOT_IMPLEMENTED) [nsIQMozSettingsCallback.notifyMozSettingChangeBool]" {file: "file:///system/b2g/distribution/bundles/location/QMozSettingsShim.js" line: 6}]
01-06 06:26:31.359   485   485 I Gecko   : [SUB0] QCONTENT_HELPER Received observer notification: mozsettings-changed
01-06 06:26:31.389  5866  5866 I FocusManager: << focus() called >>
01-06 06:26:31.389  5866  5866 I FocusManager:    trying to set focus on, tag: LI, id: , class: focus
01-06 06:26:31.389  5866  5866 I FocusManager: Warning: element is already focused.
01-06 06:26:31.409  5866  5866 I Gecko   : [BrowserElement] event type: keydown, key: Enter, target: [object HTMLLIElement], class: focus
01-06 06:26:31.439   485   485 I Gecko   : [BrowserElement] event type: keyup, key: Enter, target: [object HTMLIFrameElement], src: app://settings.gaiamobile.org/index.html, id: browser7, class: browser
01-06 06:26:31.509  5866  5866 I Gecko   : [BrowserElement] event type: keyup, key: Enter, target: [object HTMLLIElement], class: focus
01-06 06:26:31.859  5866  5866 I FocusManager: << focus() called >>
01-06 06:26:31.859  5866  5866 I FocusManager:    trying to set focus on, tag: FORM, id: softkeyPanel, class: skbar none-paddings visible focused
01-06 06:26:31.859  5866  5866 I FocusManager: Warning: element is not focusable.
01-06 06:26:32.259  5866  5866 I Settings: Content JS LOG: ***open new page operation, previous panel --> #root 
01-06 06:26:32.259  5866  5866 I Settings:     at _findNaviId (app://settings.gaiamobile.org/js/navigation_map.js:440:9)
01-06 06:26:32.259  5866  5866 I Settings: Content JS LOG: ***previous panel focus navi id --> 30 
01-06 06:26:32.259  5866  5866 I Settings:     at _findNaviId (app://settings.gaiamobile.org/js/navigation_map.js:452:9)
01-06 06:26:32.259  5866  5866 I FocusManager: << focus() called >>
01-06 06:26:32.259  5866  5866 I FocusManager:    trying to set focus on, tag: LI, id: , class: none-select focus
01-06 06:26:32.319  6003  6032 I (Preallocated app): PAC file installed from data: URI
01-06 06:26:32.359  5866  5866 I FocusManager:    current focused element, tag: LI, id: , class: 
01-06 06:26:32.359  5866  5866 I FocusManager: <- blur on, tag: LI, id: , class: 
01-06 06:26:32.359  5866  5866 I FocusManager: -> focus is now on, tag: LI, id: , class: none-select focus
01-06 06:26:32.369  5866  5866 I Settings: Content JS LOG: NavigationMap update 
01-06 06:26:32.369  5866  5866 I Settings:     at _update (app://settings.gaiamobile.org/js/navigation_map.js:401:7)
01-06 06:26:32.579  2525  2525 E sdcard  : missing packages.list; retrying
01-06 06:26:32.879   485   485 I Gecko   : [BrowserElement] event type: keydown, key: ArrowDown, target: [object HTMLIFrameElement], src: app://settings.gaiamobile.org/index.html, id: browser7, class: browser
01-06 06:26:32.889  5866  5866 I FocusManager: << focus() called >>
01-06 06:26:32.889  5866  5866 I FocusManager:    trying to set focus on, tag: LI, id: , class: none-select focus
01-06 06:26:32.889  5866  5866 I FocusManager:    current focused element, tag: LI, id: , class: none-select
01-06 06:26:32.889  5866  5866 I FocusManager: <- blur on, tag: LI, id: , class: none-select
01-06 06:26:32.899  5866  5866 I FocusManager: -> focus is now on, tag: LI, id: , class: none-select focus
01-06 06:26:32.909  5866  5866 I Gecko   : [BrowserElement] event type: keydown, key: ArrowDown, target: [object HTMLLIElement], class: none-select
01-06 06:26:32.959   680   680 D VM_BMS  : wake_lock acquired
01-06 06:26:32.959   680   680 D VM_BMS  : New BMS data - Size=56
01-06 06:26:32.959   680   680 D VM_BMS  : Start process_bms_data
01-06 06:26:32.959   680   680 D VM_BMS  : For batt_temp=298 fcc_mah=2030
01-06 06:26:32.959   680   680 D VM_BMS  : For ocv=3774386 batt_temp=298 soc=39
01-06 06:26:32.959   680   680 D VM_BMS  : fifo_count=5 acc_count=0
01-06 06:26:32.959   680   680 D VM_BMS  : INIT: ocv=3774386 last_ocv=3774386 batt_temp=298 soc=39
01-06 06:26:32.959   680   680 D VM_BMS  : For soc=39 batt_temp=298 slope=1000
01-06 06:26:32.959   680   680 D VM_BMS  : For soc=39 batt_temp=298 rbatt_sf=99
01-06 06:26:32.959   680   680 D VM_BMS  : rbatt_mohm_default=136, rbatt_mohm=134, sf=99 batt_temp=298
01-06 06:26:32.959   680   680 D VM_BMS  : For ocv=3774408 batt_temp=298 soc=39
01-06 06:26:32.959   680   680 D VM_BMS  : FIFO=0 fifo_avg=3.808508 rbatt=0.184000 slope=0.100000 ibatt=-0.185384 ocv=3.774409 soc=39 fcc_ah=2.030000 sample_count=128 sample_interval=70 seq_num=15
01-06 06:26:32.959   680   680 D VM_BMS  : For soc=39 batt_temp=298 slope=1000
01-06 06:26:32.959   680   680 D VM_BMS  : For soc=39 batt_temp=298 rbatt_sf=99
01-06 06:26:32.959   680   680 D VM_BMS  : rbatt_mohm_default=136, rbatt_mohm=134, sf=99 batt_temp=298
01-06 06:26:32.959   680   680 D VM_BMS  : For ocv=3774431 batt_temp=298 soc=39
01-06 06:26:32.959   680   680 D VM_BMS  : FIFO=1 fifo_avg=3.809985 rbatt=0.184000 slope=0.100000 ibatt=-0.193288 ocv=3.774432 soc=39 fcc_ah=2.030000 sample_count=128 sample_interval=70 seq_num=15
01-06 06:26:32.959   680   680 D VM_BMS  : For soc=39 batt_temp=298 slope=1000
01-06 06:26:32.959   680   680 D VM_BMS  : For soc=39 batt_temp=298 rbatt_sf=99
01-06 06:26:32.959   680   680 D VM_BMS  : rbatt_mohm_default=136, rbatt_mohm=134, sf=99 batt_temp=298
01-06 06:26:32.959   680   680 D VM_BMS  : For ocv=3774456 batt_temp=298 soc=39
01-06 06:26:32.959   680   680 D VM_BMS  : FIFO=2 fifo_avg=3.813217 rbatt=0.184000 slope=0.100000 ibatt=-0.210723 ocv=3.774457 soc=39 fcc_ah=2.030000 sample_count=128 sample_interval=70 seq_num=15
01-06 06:26:32.959   680   680 D VM_BMS  : For soc=39 batt_temp=298 slope=1000
01-06 06:26:32.959   680   680 D VM_BMS  : For soc=39 batt_temp=298 rbatt_sf=99
01-06 06:26:32.959   680   680 D VM_BMS  : rbatt_mohm_default=136, rbatt_mohm=134, sf=99 batt_temp=298
01-06 06:26:32.959   680   680 D VM_BMS  : For ocv=3774479 batt_temp=298 soc=39
01-06 06:26:32.959   680   680 D VM_BMS  : FIFO=3 fifo_avg=3.810279 rbatt=0.184000 slope=0.100000 ibatt=-0.194625 ocv=3.774480 soc=39 fcc_ah=2.030000 sample_count=128 sample_interval=70 seq_num=15
01-06 06:26:32.959   680   680 D VM_BMS  : For soc=39 batt_temp=298 slope=1000
01-06 06:26:32.959   680   680 D VM_BMS  : For soc=39 batt_temp=298 rbatt_sf=99
01-06 06:26:32.959   680   680 D VM_BMS  : rbatt_mohm_default=136, rbatt_mohm=134, sf=99 batt_temp=298
01-06 06:26:32.959   680   680 D VM_BMS  : For ocv=3774492 batt_temp=298 soc=39
01-06 06:26:32.959   680   680 D VM_BMS  : FIFO=4 fifo_avg=3.795306 rbatt=0.184000 slope=0.100000 ibatt=-0.113153 ocv=3.774493 soc=39 fcc_ah=2.030000 sample_count=128 sample_interval=70 seq_num=15
01-06 06:26:32.959   680   680 I VM_BMS  : power_supply_update: ocv_uv=3774492 ibatt=-113152 soc=39 seq_num=15
01-06 06:26:32.959   680   680 D VM_BMS  : End process_bms_data
01-06 06:26:32.959   680   680 D VM_BMS  : wake_lock released
01-06 06:26:33.059   485   485 I Gecko   : [BrowserElement] event type: keyup, key: ArrowDown, target: [object HTMLIFrameElement], src: app://settings.gaiamobile.org/index.html, id: browser7, class: browser
01-06 06:26:33.059  5866  5866 I Gecko   : [BrowserElement] event type: keyup, key: ArrowDown, target: [object HTMLLIElement], class: none-select focus
01-06 06:26:33.679   475   658 D ThermalEngine: sensor_wait: xo_therm Wait done.
01-06 06:26:33.679   475   658 D ThermalEngine: sensor_monitor: xo_therm Reading 39000 .
01-06 06:26:33.679   475   658 I ThermalEngine: Sensor:xo_therm:39000 mC
01-06 06:26:33.679   475   658 D ThermalEngine: sensor_thresh_notify: Update recieved BATTERY-CHARGE-MONITOR 39000
01-06 06:26:33.679   475   658 D ThermalEngine: update_active_thresh: xo_therm Active(1), Hi(1) 40000, Lo(0) -2147483648, Interval(0) -1
01-06 06:26:33.679   475   658 D ThermalEngine: sensor_monitor: xo_therm Sensor wait.
01-06 06:26:33.679   475   658 D ThermalEngine: sensor_wait: xo_therm Wait start. 10000ms
01-06 06:26:33.679   475   709 D ThermalEngine: sensor_monitor: Thresh EVT
01-06 06:26:33.679   475   709 I ThermalEngine: Sensor:xo_therm:39000 mC
01-06 06:26:33.679   475   709 D ThermalEngine: TM Id BATTERY-CHARGE-MONITOR Sensor xo_therm Reading 39000
01-06 06:26:33.679   475   709 D ThermalEngine: handle_thresh_sig: TM Id BATTERY-CHARGE-MONITOR Sensor xo_therm Temp 39000
01-06 06:26:33.679   475   709 I ThermalEngine: TM Id 'BATTERY-CHARGE-MONITOR' Sensor 'xo_therm' - alarm raised 1 at 39.0 degC
01-06 06:26:33.679   475   709 D ThermalEngine: sensor_update_thresholds: TM Id BATTERY-CHARGE-MONITOR Sensor xo_therm threshold_type 1, level 1
01-06 06:26:33.679   475   709 D ThermalEngine: sensors_manager_set_thresh_lvl: xo_therm Hi(1) 42000, Lo(1) 37000, Interval(1) 5000
01-06 06:26:33.679   475   709 D ThermalEngine: update_active_thresh: xo_therm Active(1), Hi(1) 40000, Lo(1) 37000, Interval(1) 5000
01-06 06:26:33.679   475   709 D ThermalEngine: j=0 i=0 TM Id BATTERY-CHARGE-MONITOR Sensor xo_therm: Action battery value 1
01-06 06:26:33.679   475   709 D ThermalEngine: devices_manager_set_lvl: DEV battery, lvl 1
01-06 06:26:33.679   475   709 D ThermalEngine: ACTION: BATTERY - Setting battery charging mitigation to 1
01-06 06:26:33.679   475   709 I ThermalEngine: Mitigation:Battery:1
01-06 06:26:33.679   475   709 D ThermalEngine: sensor_monitor: Wait for EV
01-06 06:26:33.689   475   660 D ThermalEngine: sensor_wait: case_therm Wait done.
01-06 06:26:33.689   475   660 D ThermalEngine: sensor_monitor: case_therm Reading 30000 .
01-06 06:26:33.689   475   660 I ThermalEngine: Sensor:case_therm:30000 mC
01-06 06:26:33.689   475   660 D ThermalEngine: update_active_thresh: case_therm Active(1), Hi(1) 42000, Lo(0) -2147483648, Interval(1) 5000
01-06 06:26:33.689   475   660 D ThermalEngine: sensor_monitor: case_therm Sensor wait.
01-06 06:26:33.689   475   660 D ThermalEngine: sensor_wait: case_therm Wait start. 5000ms
01-06 06:26:33.699   485   485 I GeckoConsole: QLOC: MozSettingShim: Got topic change:gonkhal-battery-notifier
01-06 06:26:33.699  5455  5455 D bt_btif : BTHF: device_status_notification
01-06 06:26:33.699  5455  5455 D bt_btif : BTHF: device_status_notification
01-06 06:26:33.799   485   485 I Gecko   : [BrowserElement] event type: keydown, key: ArrowDown, target: [object HTMLIFrameElement], src: app://settings.gaiamobile.org/index.html, id: browser7, class: browser
01-06 06:26:33.809  5866  5866 I FocusManager: << focus() called >>
01-06 06:26:33.809  5866  5866 I FocusManager:    trying to set focus on, tag: LI, id: , class: focus
01-06 06:26:33.819  5866  5866 I FocusManager:    current focused element, tag: LI, id: , class: none-select
01-06 06:26:33.819  5866  5866 I FocusManager: <- blur on, tag: LI, id: , class: none-select
01-06 06:26:33.819  5866  5866 I FocusManager: -> focus is now on, tag: LI, id: , class: focus
01-06 06:26:33.839  5866  5866 I Gecko   : [BrowserElement] event type: keydown, key: ArrowDown, target: [object HTMLLIElement], class: none-select
01-06 06:26:33.939   485   485 I Gecko   : [BrowserElement] event type: keyup, key: ArrowDown, target: [object HTMLIFrameElement], src: app://settings.gaiamobile.org/index.html, id: browser7, class: browser
01-06 06:26:33.939  5866  5866 I Gecko   : [BrowserElement] event type: keyup, key: ArrowDown, target: [object HTMLLIElement], class: focus
01-06 06:26:34.079  5866  5866 I FocusManager: << focus() called >>
01-06 06:26:34.079  5866  5866 I FocusManager:    trying to set focus on, tag: FORM, id: softkeyPanel, class: skbar none-paddings visible focused
01-06 06:26:34.099  5866  5866 I FocusManager: Warning: element is not focusable.
01-06 06:26:34.199   485   485 I Gecko   : [BrowserElement] event type: keydown, key: Enter, target: [object HTMLIFrameElement], src: app://settings.gaiamobile.org/index.html, id: browser7, class: browser
01-06 06:26:34.199  5866  5866 I FocusManager: << focus() called >>
01-06 06:26:34.209  5866  5866 I FocusManager:    trying to set focus on, tag: LI, id: , class: focus
01-06 06:26:34.209  5866  5866 I FocusManager: Warning: element is already focused.
01-06 06:26:34.249  5866  5866 I Gecko   : [BrowserElement] event type: keydown, key: Enter, target: [object HTMLLIElement], class: focus
01-06 06:26:34.349   485   485 I Gecko   : [BrowserElement] event type: keyup, key: Enter, target: [object HTMLIFrameElement], src: app://settings.gaiamobile.org/index.html, id: browser7, class: browser
01-06 06:26:34.349  5866  5866 I Gecko   : [BrowserElement] event type: keyup, key: Enter, target: [object HTMLLIElement], class: focus
01-06 06:26:34.359   485   485 D NS_TELEPHONY_SERVICE: EnumerateCalls:
01-06 06:26:34.899  5866  5866 I Settings: Content JS LOG: ***open new page operation, previous panel --> #about 
01-06 06:26:34.899  5866  5866 I Settings:     at _findNaviId (app://settings.gaiamobile.org/js/navigation_map.js:440:9)
01-06 06:26:34.909  5866  5866 I Settings: Content JS LOG: ***previous panel focus navi id --> 37 
01-06 06:26:34.909  5866  5866 I Settings:     at _findNaviId (app://settings.gaiamobile.org/js/navigation_map.js:452:9)
01-06 06:26:34.909  5866  5866 I FocusManager: << focus() called >>
01-06 06:26:34.919  5866  5866 I FocusManager:    trying to set focus on, tag: LI, id: , class: focus
01-06 06:26:34.949  5866  5866 I FocusManager:    current focused element, tag: LI, id: , class: 
01-06 06:26:34.949  5866  5866 I FocusManager: <- blur on, tag: LI, id: , class: 
01-06 06:26:34.949  5866  5866 I FocusManager: -> focus is now on, tag: LI, id: , class: focus
01-06 06:26:34.959  5866  5866 I Settings: Content JS LOG: NavigationMap update 
01-06 06:26:34.959  5866  5866 I Settings:     at _update (app://settings.gaiamobile.org/js/navigation_map.js:401:7)
01-06 06:26:35.399   485   485 I Gecko   : [BrowserElement] event type: keydown, key: ArrowDown, target: [object HTMLIFrameElement], src: app://settings.gaiamobile.org/index.html, id: browser7, class: browser
01-06 06:26:35.409  5866  5866 I FocusManager: << focus() called >>
01-06 06:26:35.409  5866  5866 I FocusManager:    trying to set focus on, tag: LI, id: , class: focus
01-06 06:26:35.409  5866  5866 I FocusManager:    current focused element, tag: LI, id: , class: 
01-06 06:26:35.409  5866  5866 I FocusManager: <- blur on, tag: LI, id: , class: 
01-06 06:26:35.419  5866  5866 I FocusManager: -> focus is now on, tag: LI, id: , class: focus
01-06 06:26:35.429  5866  5866 I Gecko   : [BrowserElement] event type: keydown, key: ArrowDown, target: [object HTMLLIElement]
01-06 06:26:35.579  2525  2525 E sdcard  : missing packages.list; retrying
01-06 06:26:35.589   485   485 I Gecko   : [BrowserElement] event type: keyup, key: ArrowDown, target: [object HTMLIFrameElement], src: app://settings.gaiamobile.org/index.html, id: browser7, class: browser
01-06 06:26:35.589  5866  5866 I Gecko   : [BrowserElement] event type: keyup, key: ArrowDown, target: [object HTMLLIElement], class: focus
01-06 06:26:36.159   485   485 I Gecko   : [BrowserElement] event type: keydown, key: Enter, target: [object HTMLIFrameElement], src: app://settings.gaiamobile.org/index.html, id: browser7, class: browser
01-06 06:26:36.169  5866  5866 I FocusManager: << focus() called >>
01-06 06:26:36.169  5866  5866 I FocusManager:    trying to set focus on, tag: LI, id: , class: focus
01-06 06:26:36.169  5866  5866 I FocusManager: Warning: element is already focused.
01-06 06:26:36.169  5866  5866 I Gecko   : [BrowserElement] event type: keydown, key: Enter, target: [object HTMLLIElement], class: focus
01-06 06:26:36.319   485   485 I Gecko   : [BrowserElement] event type: keyup, key: Enter, target: [object HTMLIFrameElement], src: app://settings.gaiamobile.org/index.html, id: browser7, class: browser
01-06 06:26:36.319  5866  5866 I Gecko   : [BrowserElement] event type: keyup, key: Enter, target: [object HTMLLIElement], class: focus
01-06 06:26:38.579  2525  2525 E sdcard  : missing packages.list; retrying
01-06 06:26:38.689   475   660 D ThermalEngine: sensor_wait: case_therm Wait done.
01-06 06:26:38.689   475   660 D ThermalEngine: sensor_monitor: case_therm Reading 30000 .
01-06 06:26:38.689   475   660 I ThermalEngine: Sensor:case_therm:30000 mC
01-06 06:26:38.689   475   660 D ThermalEngine: update_active_thresh: case_therm Active(1), Hi(1) 42000, Lo(0) -2147483648, Interval(1) 5000
01-06 06:26:38.689   475   660 D ThermalEngine: sensor_monitor: case_therm Sensor wait.
01-06 06:26:38.689   475   660 D ThermalEngine: sensor_wait: case_therm Wait start. 5000ms
01-06 06:26:40.159   485   485 I Gecko   : [BrowserElement] event type: keydown, key: Enter, target: [object HTMLIFrameElement], src: app://settings.gaiamobile.org/index.html, id: browser7, class: browser
01-06 06:26:40.159  5866  5866 I FocusManager: << focus() called >>
01-06 06:26:40.159  5866  5866 I FocusManager:    trying to set focus on, tag: LI, id: , class: focus
01-06 06:26:40.169  5866  5866 I FocusManager: Warning: element is already focused.
01-06 06:26:40.169  5866  5866 I Gecko   : [BrowserElement] event type: keydown, key: Enter, target: [object HTMLLIElement], class: focus
01-06 06:26:40.389   485   485 I Gecko   : [BrowserElement] event type: keyup, key: Enter, target: [object HTMLIFrameElement], src: app://settings.gaiamobile.org/index.html, id: browser7, class: browser
01-06 06:26:40.399  5866  5866 I Gecko   : [BrowserElement] event type: keyup, key: Enter, target: [object HTMLLIElement], class: focus
01-06 06:26:41.579  2525  2525 E sdcard  : missing packages.list; retrying
01-06 06:26:43.679   475   658 D ThermalEngine: sensor_wait: xo_therm Wait done.
01-06 06:26:43.679   475   658 D ThermalEngine: sensor_monitor: xo_therm Reading 39000 .
01-06 06:26:43.679   475   658 I ThermalEngine: Sensor:xo_therm:39000 mC
01-06 06:26:43.679   475   658 D ThermalEngine: update_active_thresh: xo_therm Active(1), Hi(1) 40000, Lo(1) 37000, Interval(1) 5000
01-06 06:26:43.679   475   658 D ThermalEngine: sensor_monitor: xo_therm Sensor wait.
01-06 06:26:43.679   475   658 D ThermalEngine: sensor_wait: xo_therm Wait start. 5000ms
01-06 06:26:43.689   475   660 D ThermalEngine: sensor_wait: case_therm Wait done.
01-06 06:26:43.689   475   660 D ThermalEngine: sensor_monitor: case_therm Reading 30000 .
01-06 06:26:43.689   475   660 I ThermalEngine: Sensor:case_therm:30000 mC
01-06 06:26:43.689   475   660 D ThermalEngine: update_active_thresh: case_therm Active(1), Hi(1) 42000, Lo(0) -2147483648, Interval(1) 5000
01-06 06:26:43.689   475   660 D ThermalEngine: sensor_monitor: case_therm Sensor wait.
01-06 06:26:43.689   475   660 D ThermalEngine: sensor_wait: case_therm Wait start. 5000ms
01-06 06:26:44.579  2525  2525 E sdcard  : missing packages.list; retrying
01-06 06:26:45.889   485   485 I Gecko   : [BrowserElement] event type: keydown, key: Backspace, target: [object HTMLIFrameElement], src: app://settings.gaiamobile.org/index.html, id: browser7, class: browser
01-06 06:26:45.899  5866  5866 I Gecko   : [BrowserElement] event type: keydown, key: Backspace, target: [object HTMLLIElement], class: focus
01-06 06:26:46.019   485   485 E GeckoConsole: Content JS ERROR: Unexpected hardware key:  backspace-button-release 
01-06 06:26:46.019   485   485 E GeckoConsole:     at HardwareButtonsBaseState.prototype.process (app://system.gaiamobile.org/js/hardware_buttons.js:14:1)
01-06 06:26:46.019   485   485 E GeckoConsole:     at hb_handleEvent (app://system.gaiamobile.org/js/hardware_buttons.js:9:1)
01-06 06:26:46.039   485   485 I Gecko   : [BrowserElement] event type: keyup, key: Backspace, target: [object HTMLIFrameElement], src: app://settings.gaiamobile.org/index.html, id: browser7, class: browser
01-06 06:26:46.049  5866  5866 I Gecko   : [BrowserElement] event type: keyup, key: Backspace, target: [object HTMLLIElement], class: focus
01-06 06:26:46.059   485   485 E GeckoConsole: Content JS ERROR: Unexpected hardware key:  backspace-button-release 
01-06 06:26:46.059   485   485 E GeckoConsole:     at HardwareButtonsBaseState.prototype.process (app://system.gaiamobile.org/js/hardware_buttons.js:14:1)
01-06 06:26:46.059   485   485 E GeckoConsole:     at hb_handleEvent (app://system.gaiamobile.org/js/hardware_buttons.js:9:1)
file name is /home/takkaakb/file.txt and data in file is
file name is /home/takkaakb/grepfile.txt and data in file is
file name is /home/takkaakb/hello.txt and data in file is
hi how are you
{
i am (good/bad)[hi]
}

file name is /home/takkaakb/INSTRUCTIONS-README.txt and data in file is
NOOBS INSTALLATION INSTRUCTIONS

1. Insert an SD card that is 8GB or greater in size into your computer.
2. Format the SD card using the platform-specific instructions below:
   a. Windows (32GB cards and under)
      i. Download the SD Association's Formatting Tool from https://www.sdcard.org/downloads/formatter_4/eula_windows/
      ii. Install and run the Formatting Tool on your machine
      iii. Check that the SD card you inserted matches the one selected by the Tool
      iv. Click the "Format" button
   b. Mac (32GB cards and under)
      i. Download the SD Association's Formatting Tool from https://www.sdcard.org/downloads/formatter_4/eula_mac/
      ii. Install and run the Formatting Tool on your machine
      iii. Select "Overwrite Format"
      iv. Check that the SD card you inserted matches the one selected by the Tool
      v. Click the "Format" button
   c. Linux
      i. We recommend using gparted (or the command line version parted)
      ii. Format the entire disk as FAT32
   d. Cards over 32GB
      i. Follow the instructions on https://www.raspberrypi.org/documentation/installation/sdxc_formatting.md
3. Extract the files contained in this NOOBS zip file.
4. Copy the extracted files onto the SD card that you just formatted so that this file is at the root directory of the SD card. Please note that in some cases it may extract the files into a folder, if this is the case then please copy across the files from inside the folder rather than the folder itself.
5. Insert the SD card into your Pi and connect the power supply.

Your Pi will now boot into NOOBS and should display a list of operating systems that you can choose to install.
If your display remains blank, you should select the correct output mode for your display by pressing one of the following number keys on your keyboard:
1. HDMI mode - this is the default display mode.
2. HDMI safe mode - select this mode if you are using the HDMI connector and cannot see anything on screen when the Pi has booted.
3. Composite PAL mode - select either this mode or composite NTSC mode if you are using the composite RCA video connector.
4. Composite NTSC mode

If you are still having difficulties after following these instructions, then please visit the Raspberry Pi Forums ( http://www.raspberrypi.org/forums/ ) for support.
file name is /home/takkaakb/jiok.txt and data in file is
--------- beginning of system
DATE      TIME      PIDPPID status  module   message
01-02 06:00:53.409   230   230 I vold    : Vold 3.0 (the awakening) firing up
01-02 06:00:53.409   230   230 V vold    : Detected support for: ext4 vfat
01-02 06:00:55.469   431   431 I irsc_util: Starting irsc tool
01-02 06:00:55.509   431   431 I irsc_util: Num of entries:284
01-02 06:00:55.559   431   431 I irsc_util: Ending irsc tool
01-02 06:01:08.669   230   240 V vold    : Waiting for FUSE to spin up...
01-02 06:01:08.719   230   240 V vold    : Waiting for FUSE to spin up...
01-02 06:01:08.769   230   240 V vold    : Waiting for FUSE to spin up...
01-02 06:01:08.819   230   240 V vold    : Waiting for FUSE to spin up...
01-02 06:01:08.909   230   240 D vold    : Linking /storage/emulated/0 to /mnt/user/0/primary
01-02 06:01:11.139   461   461 I Gecko   : ============ KaiOS device information ============
01-02 06:01:11.139   461   461 I Gecko   : Build UID         = 
01-02 06:01:11.139   461   461 I Gecko   : Build Description = msm8909_512-userdebug 6.0.1 MMB29M eng.arepuhar.20190319.145354 dev-keys
01-02 06:01:11.139   461   461 I Gecko   : Bootloader        = unknown
01-02 06:01:11.139   461   461 I Gecko   : OS Version        = KaiOS 2.5
01-02 06:01:11.139   461   461 I Gecko   : ==================================================
01-02 06:01:17.879  3121  5126 W SocketClient: write error (Broken pipe)
01-02 06:01:17.879  3121  5126 W SocketClient: Unable to send msg '616 Route updated fe80::/64 dev rmnet_data7'
01-02 06:01:17.879  3121  5126 W SocketListener: Error sending broadcast (Broken pipe)
01-02 06:06:03.749  3121  5126 E NetlinkEvent: Unknown ifindex 22 in RTM_DELADDR
01-02 06:06:03.749  3121  5126 E NetlinkEvent: Unknown ifindex 22 in RTM_DELADDR
01-02 06:08:11.489  3121  5126 E NetlinkEvent: Unknown ifindex 23 in RTM_DELADDR
01-02 06:08:11.489  3121  5126 E NetlinkEvent: Unknown ifindex 23 in RTM_DELADDR
--------- beginning of main
01-02 06:15:16.869   511  6499 D mm-camera: c2d_port_check_caps_unreserve:179, identity=0x10004, unreserved
01-02 06:15:16.869   511  6499 E mm-camera-img: faceproc_save_album:795] Error No album 
01-02 06:15:16.869   511  6499 E mm-camera-img: faceproc_comp_eng_destroy: Album save failed -1
01-02 06:15:16.869   511  6499 D mm-camera: gyro_port_unlink: Enter
01-02 06:15:16.869   511  6499 D mm-camera: gyro_port_unlink: Exit
01-02 06:15:16.869   511  6499 D mm-camera: mct_pipeline_process_set:command=800000b
01-02 06:15:16.869   511  6499 D mm-camera: mct_stream_streamoff: Enter
01-02 06:15:16.869   511  6499 D mm-camera: mct_stream_streamoff: Enter
01-02 06:15:16.869   511  6499 D mm-camera: c2d_port_check_caps_unreserve:179, identity=0x10002, unreserved
01-02 06:15:16.869   511  6499 D mm-camera: gyro_port_unlink: Enter
01-02 06:15:16.869   511  6499 D mm-camera: gyro_port_unlink: Exit
01-02 06:15:16.869   511  6499 D mm-camera: mct_pipeline_process_set:command=800000b
01-02 06:15:16.869   511  6499 D mm-camera: mct_stream_streamoff: Enter
01-02 06:15:16.869   511  6499 E mm-camera: q3a_thread_aecawb_stop:384 MSG_STOP_THREAD
01-02 06:15:16.869   511  6499 E mm-camera: q3a_thread_af_stop:574 MSG_STOP_THREAD
01-02 06:15:16.879   511  6499 E mm-camera: q3a_thread_divertstats_stop:868 MSG_STOP_THREAD
01-02 06:15:16.879   511  6584 E mm-camera: is_thread_handler: Exiting IS thread handler
01-02 06:15:16.879   511  6499 D mm-camera: gyro_port_event  MCT_EVENT_MODULE_START_STOP_STATS_THREADS start_flag: 0
01-02 06:15:16.879   511  6499 D mm-camera: gyro_port_unlink: Enter
01-02 06:15:16.879   511  6499 D mm-camera: gyro_port_unlink: Exit
01-02 06:15:16.879   413  6483 D QCamera2HWI: int qcamera::QCamera2HardwareInterface::stopPreview(): X
01-02 06:15:16.879   413   413 D QCamera2HWI: [KPI Perf] static void qcamera::QCamera2HardwareInterface::stop_preview(camera_device*): X
01-02 06:15:16.879   413  6483 D QCamera2HWI: int qcamera::QCamera2HardwareInterface::disableMsgType(int32_t) (0x10) : mMsgEnabled = 0xc0d
01-02 06:15:16.879   413  6712 D QCamera2HWI: [KPI Perf] static void qcamera::QCamera2HardwareInterface::stop_preview(camera_device*): E PROFILE_STOP_PREVIEW
01-02 06:15:16.879   413  6483 D QCameraStateMachine: int32_t qcamera::QCameraStateMachine::procEvtPreviewStoppedState(qcamera::qcamera_sm_evt_enum_t, void*): already in preview stopped state, do nothing
01-02 06:15:16.879   413  6712 D QCamera2HWI: [KPI Perf] static void qcamera::QCamera2HardwareInterface::stop_preview(camera_device*): X
01-02 06:15:16.879   413  6483 D QCamera2HWI: int qcamera::QCamera2HardwareInterface::disableMsgType(int32_t) (0xffff) : mMsgEnabled = 0x0
01-02 06:15:16.879   413  2768 D QCamera2HWI: [KPI Perf] static void qcamera::QCamera2HardwareInterface::stop_preview(camera_device*): E PROFILE_STOP_PREVIEW
01-02 06:15:16.879   413  6483 D QCameraStateMachine: int32_t qcamera::QCameraStateMachine::procEvtPreviewStoppedState(qcamera::qcamera_sm_evt_enum_t, void*): already in preview stopped state, do nothing
01-02 06:15:16.889   413  2768 D QCamera2HWI: [KPI Perf] static void qcamera::QCamera2HardwareInterface::stop_preview(camera_device*): X
01-02 06:15:16.889   413  2768 D QCamera2HWI: [KPI Perf] static int qcamera::QCamera2HardwareInterface::cancel_picture(camera_device*): E PROFILE_CANCEL_PICTURE
01-02 06:15:16.889   413  6483 D QCameraStateMachine: int32_t qcamera::QCameraStateMachine::procEvtPreviewStoppedState(qcamera::qcamera_sm_evt_enum_t, void*): No ops for evt(20) in state(0)
01-02 06:15:16.889   413  2768 D QCamera2HWI: [KPI Perf] static int qcamera::QCamera2HardwareInterface::cancel_picture(camera_device*): X
01-02 06:15:16.889   413  2768 I CameraFlashlight: Destroying camera 0
01-02 06:15:16.889   413  2768 D QCamera2HWI: [KPI Perf] static int qcamera::QCamera2HardwareInterface::close_camera_device(hw_device_t*): E
01-02 06:15:16.889   413  2768 D QCamera2HWI: virtual qcamera::QCamera2HardwareInterface::~QCamera2HardwareInterface(): E
01-02 06:15:16.889   413  6484 D QCamera2HWI: static void* qcamera::QCamera2HardwareInterface::defferedWorkRoutine(void*): stop data proc
01-02 06:15:16.889   413  6483 D QCameraStateMachine: static void* qcamera::QCameraStateMachine::smEvtProcRoutine(void*): X
01-02 06:15:16.889   413  2768 D QCamera2HWI: int qcamera::QCamera2HardwareInterface::closeCamera(): E
01-02 06:15:16.899   413  2768 E qomx_image_core: OMX_Deinit:118] Complete
01-02 06:15:16.899   413  2768 E QCameraPostProc: int32_t qcamera::QCameraPostProcessor::deinit(): Jpeg closed, rc = 0, mJpegClientHandle = 300
01-02 06:15:16.899   413  2768 I Thermal-Lib: Thermal-Lib-Client: Unregisteration is successfull for handle:1
01-02 06:15:16.899   448   720 I ThermalEngine: Thermal-Server: removing client on fd 37
01-02 06:15:16.899   413  2768 I Thermal-Lib: Thermal-Lib-Client: Unregisteration is successfull for handle:2
01-02 06:15:16.899   511  6499 D mm-camera: mct_pipeline_process_set:command=800000b
01-02 06:15:16.899   413  2768 D QCamera2HWI: int qcamera::QCamera2HardwareInterface::closeCamera(): X
01-02 06:15:16.899   413  2768 D QCamera2HWI: virtual qcamera::QCamera2HardwareInterface::~QCamera2HardwareInterface(): X
01-02 06:15:16.899   413  2768 D QCamera2HWI: [KPI Perf] static int qcamera::QCamera2HardwareInterface::close_camera_device(hw_device_t*): X
01-02 06:15:16.899   511   511 I mm-camera-eztune: vendor/qcom/proprietary/mm-camera/mm-camera2/server-tuning/tuning/eztune_interface.cpp(381): "Delete Server : 0xb73e0e20"
01-02 06:15:16.899   413  2768 E         : batterystats service unavailable!
01-02 06:15:16.899  6432  6432 I FocusManager: << focus() called >>
01-02 06:15:16.899  6432  6432 I FocusManager:    trying to set focus on, tag: DIV, id: view4, class: controls test-controls visible mode-video thumbnail disabled timer-inactive
01-02 06:15:16.899   413  2768 I CameraService: onTorchStatusChangedLocked: Torch status changed for cameraId=0, newStatus=1
01-02 06:15:16.899   413  2768 I CameraService: onTorchStatusChangedLocked: Torch status changed for cameraId=0, newStatus=1
01-02 06:15:16.899   413  2768 I CameraService: disconnect: Disconnected client for camera 0 for PID 6432
01-02 06:15:16.909   511  6497 W mm-camera-sensor: vendor/qcom/proprietary/mm-camera/mm-camera2/server-tuning/tuning/mmcam_socket_utils.cpp(318): "Received event from non socket fd"
01-02 06:15:16.909   511  6497 W mm-camera-eztune: vendor/qcom/proprietary/mm-camera/mm-camera2/server-tuning/tuning/eztune_interface.cpp(72): "Stop message. Exiting server thread"
01-02 06:15:16.909   511  6497 E mm-camera-eztune: vendor/qcom/proprietary/mm-camera/mm-camera2/server-tuning/tuning/eztune_cam_adapter.cpp(667): "mct_stream_t* eztune::get_mct_stream(mct_pipeline_t*, eztune::mct_pipeline_get_stream_info_t*): no children"
01-02 06:15:16.909   511  6497 W mm-camera-eztune: vendor/qcom/proprietary/mm-camera/mm-camera2/server-tuning/tuning/eztune_cam_adapter.cpp(719): "Message send ignored as stream or stream state not valid"
01-02 06:15:16.909   511  6497 E mm-camera-eztune: vendor/qcom/proprietary/mm-camera/mm-camera2/server-tuning/tuning/eztune_cam_adapter.cpp(667): "mct_stream_t* eztune::get_mct_stream(mct_pipeline_t*, eztune::mct_pipeline_get_stream_info_t*): no children"
01-02 06:15:16.909   511  6497 W mm-camera-eztune: vendor/qcom/proprietary/mm-camera/mm-camera2/server-tuning/tuning/eztune_cam_adapter.cpp(719): "Message send ignored as stream or stream state not valid"
01-02 06:15:16.909   511  6497 E mm-camera-eztune: vendor/qcom/proprietary/mm-camera/mm-camera2/server-tuning/tuning/eztune_cam_adapter.cpp(667): "mct_stream_t* eztune::get_mct_stream(mct_pipeline_t*, eztune::mct_pipeline_get_stream_info_t*): no children"
01-02 06:15:16.909   511  6497 W mm-camera-eztune: vendor/qcom/proprietary/mm-camera/mm-camera2/server-tuning/tuning/eztune_cam_adapter.cpp(719): "Message send ignored as stream or stream state not valid"
01-02 06:15:16.909   511   511 I mm-camera-eztune: vendor/qcom/proprietary/mm-camera/mm-camera2/server-tuning/tuning/eztune_interface.cpp(381): "Delete Server : 0xb73fa798"
01-02 06:15:16.909   511  6498 W mm-camera-sensor: vendor/qcom/proprietary/mm-camera/mm-camera2/server-tuning/tuning/mmcam_socket_utils.cpp(318): "Received event from non socket fd"
01-02 06:15:16.909   511  6498 W mm-camera-eztune: vendor/qcom/proprietary/mm-camera/mm-camera2/server-tuning/tuning/eztune_interface.cpp(72): "Stop message. Exiting server thread"
01-02 06:15:16.909   511  6498 E mm-camera-eztune: vendor/qcom/proprietary/mm-camera/mm-camera2/server-tuning/tuning/eztune_process.cpp(445): "Process layer not initialized. just return"
01-02 06:15:16.909   511   511 D mm-camera: mct_pipeline_stop_session - E
01-02 06:15:16.909   511  6741 D mm-camera: mct_pipeline_stop_session_thread thread_id is 6741
01-02 06:15:16.919   511  6741 D mm-camera: mct_pipeline_stop_session_thread: Stop module name: sensor - E
01-02 06:15:16.919   511  6742 D mm-camera: mct_pipeline_stop_session_thread thread_id is 6742
01-02 06:15:16.919   511  6742 D mm-camera: mct_pipeline_stop_session_thread: Stop module name: iface - E
01-02 06:15:16.919   511  6742 D mm-camera: mct_pipeline_stop_session_thread: Stop module name: iface - X
01-02 06:15:16.919   511  6743 D mm-camera: mct_pipeline_stop_session_thread thread_id is 6743
01-02 06:15:16.919   511  6743 D mm-camera: mct_pipeline_stop_session_thread: Stop module name: isp - E
01-02 06:15:16.929   511  6744 D mm-camera: mct_pipeline_stop_session_thread thread_id is 6744
01-02 06:15:16.929   413   413 D NuPlayerDriver: reset(0xb8a3a198)
01-02 06:15:16.929   413   413 D NuPlayerDriver: notifyListener_l(0xb8a3a198), (8, 0, 0)
01-02 06:15:16.929   413  6477 W AMessage: failed to post message as target looper for handler 0 is gone.
01-02 06:15:16.929   413  6477 D NuPlayerDriver: notifyResetComplete(0xb8a3a198)
01-02 06:15:16.929   413   413 D NuPlayerDriver: reset(0xb8a426c8)
01-02 06:15:16.929   413   413 D NuPlayerDriver: notifyListener_l(0xb8a426c8), (8, 0, 0)
01-02 06:15:16.929  6432  6432 W Camera  : [JavaScript Warning: "Property contained reference to invalid variable.  Error in parsing value for 'transition-delay'.  Falling back to 'initial'." {file: "app://camera.gaiamobile.org/index.html" line: 93 column: 1894 source: "  var(--button-transition-delay)"}]
01-02 06:15:16.929   413  6479 W AMessage: failed to post message as target looper for handler 0 is gone.
01-02 06:15:16.929   413  6479 D NuPlayerDriver: notifyResetComplete(0xb8a426c8)
01-02 06:15:16.929   413   413 D NuPlayerDriver: reset(0xb8a449f0)
01-02 06:15:16.929   413   413 D NuPlayerDriver: notifyListener_l(0xb8a449f0), (8, 0, 0)
01-02 06:15:16.929   413  6481 W AMessage: failed to post message as target looper for handler 0 is gone.
01-02 06:15:16.929   413  6481 D NuPlayerDriver: notifyResetComplete(0xb8a449f0)
01-02 06:15:16.939   511  6743 E         : dmlroc_deinit
01-02 06:15:16.939   511  6743 D mm-camera: mct_pipeline_stop_session_thread: Stop module name: isp - X
01-02 06:15:16.949   511  6744 D mm-camera: mct_pipeline_stop_session_thread: Stop module name: stats - E
01-02 06:15:16.949   511  6744 D mm-camera: gyro_port_deinit , Enter 
01-02 06:15:16.949   511  6744 D mm-camera: gyro_port_deinit:Deinit Gyro port
01-02 06:15:16.949   511  6744 E mm-camera: gyro_port_deinit: Error in android Deinit
01-02 06:15:16.949   511  6744 D mm-camera: gyro_port_deinit , EXIT 
01-02 06:15:16.949   511  6744 D mm-camera: mct_pipeline_stop_session_thread: Stop module name: stats - X
01-02 06:15:16.949   511  6746 D mm-camera: mct_pipeline_stop_session_thread thread_id is 6746
01-02 06:15:16.949   511  6746 D mm-camera: mct_pipeline_stop_session_thread: Stop module name: pproc - E
01-02 06:15:16.949   511  6746 D mm-camera: c2d_module_stop_session:444, info: stopping session 1 ...
01-02 06:15:16.949   511  6493 D mm-camera: c2d_thread_process_pipe_message:793, C2D_THREAD_MSG_ABORT: c2d_thread exiting..
01-02 06:15:16.949   511  6746 D mm-camera: c2d_module_stop_session:488, info: session 1 stopped.
01-02 06:15:16.949   511  6746 D mm-camera: mct_pipeline_stop_session_thread: Stop module name: pproc - X
01-02 06:15:16.949   511  6747 D mm-camera: mct_pipeline_stop_session_thread thread_id is 6747
01-02 06:15:16.949   511   511 E mm-camera: mct_pipeline_stop_session: left modules: 5
01-02 06:15:16.949   511   511 E mm-camera: mct_pipeline_stop_session: left modules: 4
01-02 06:15:16.949   511   511 E mm-camera: mct_pipeline_stop_session: left modules: 3
01-02 06:15:16.949   511   511 E mm-camera: mct_pipeline_stop_session: left modules: 2
01-02 06:15:16.949   511  6747 D mm-camera: mct_pipeline_stop_session_thread: Stop module name: imglib - E
01-02 06:15:16.949   511  6747 D mm-camera: mct_pipeline_stop_session_thread: Stop module name: imglib - X
01-02 06:15:16.949   511   511 E mm-camera: mct_pipeline_stop_session: left modules: 1
01-02 06:15:16.959  6432  6432 I FocusManager: Warning: element is already focused.
01-02 06:15:16.969   461   461 I Gecko   : XXX FIXME : Dispatch a mozChromeEvent: default-volume-channel-changed
01-02 06:15:16.969  6432  6432 I FocusManager: <- blur on, NULL, tag: , id: , class: 
01-02 06:15:16.982   511  6743 I KERNEL  : [  867.076237] msm_isp_close_node: halt timeout rc=0
01-02 06:15:16.989  6432  6432 I Gecko   : -*- SettingsManager: Received: inner-window-destroyed for valid innerWindowID=25769803779, cleanup.
01-02 06:15:16.989   511  6741 D mm-camera: mct_pipeline_stop_session_thread: Stop module name: sensor - X
01-02 06:15:16.989   511  6496 E mm-camera: Got some events
01-02 06:15:16.989   511   511 E mm-camera: mct_pipeline_stop_session: left modules: 0
01-02 06:15:16.989   511   511 D mm-camera: mct_pipeline_stop_session - X
01-02 06:15:16.1013   511  6741 I KERNEL  : [  867.106779] msm_camera_config_single_vreg can't disable cam_vio
01-02 06:15:16.1047   511  6741 I KERNEL  : [  867.140955] msm_sensor_config:1348 sensor state 0
01-02 06:15:17.579   617   617 D VM_BMS  : wake_lock acquired
01-02 06:15:17.579   617   617 D VM_BMS  : New BMS data - Size=56
01-02 06:15:17.579   617   617 D VM_BMS  : Start process_bms_data
01-02 06:15:17.579   617   617 D VM_BMS  : For batt_temp=369 fcc_mah=2074
01-02 06:15:17.579   617   617 D VM_BMS  : For ocv=3852095 batt_temp=369 soc=65
01-02 06:15:17.579   617   617 D VM_BMS  : fifo_count=5 acc_count=0
01-02 06:15:17.579   617   617 D VM_BMS  : INIT: ocv=3852095 last_ocv=3852095 batt_temp=369 soc=65
01-02 06:15:17.579   617   617 D VM_BMS  : For soc=65 batt_temp=369 slope=6000
01-02 06:15:17.579   617   617 D VM_BMS  : For soc=65 batt_temp=369 rbatt_sf=103
01-02 06:15:17.579   617   617 D VM_BMS  : rbatt_mohm_default=138, rbatt_mohm=142, sf=103 batt_temp=369
01-02 06:15:17.579   617   617 D VM_BMS  : For ocv=3852308 batt_temp=369 soc=65
01-02 06:15:17.579   617   617 D VM_BMS  : FIFO=0 fifo_avg=3.909142 rbatt=0.192000 slope=0.600000 ibatt=-0.296564 ocv=3.852309 soc=65 fcc_ah=2.074000 sample_count=128 sample_interval=70 seq_num=17
01-02 06:15:17.579   617   617 D VM_BMS  : For soc=65 batt_temp=369 slope=6000
01-02 06:15:17.579   617   617 D VM_BMS  : For soc=65 batt_temp=369 rbatt_sf=103
01-02 06:15:17.579   617   617 D VM_BMS  : rbatt_mohm_default=138, rbatt_mohm=142, sf=103 batt_temp=369
01-02 06:15:17.579   617   617 D VM_BMS  : For ocv=3852452 batt_temp=369 soc=65
01-02 06:15:17.579   617   617 D VM_BMS  : FIFO=1 fifo_avg=3.890921 rbatt=0.192000 slope=0.600000 ibatt=-0.200733 ocv=3.852453 soc=65 fcc_ah=2.074000 sample_count=128 sample_interval=70 seq_num=17
01-02 06:15:17.579   617   617 D VM_BMS  : For soc=65 batt_temp=369 slope=6000
01-02 06:15:17.579   617   617 D VM_BMS  : For soc=65 batt_temp=369 rbatt_sf=103
01-02 06:15:17.579   617   617 D VM_BMS  : rbatt_mohm_default=138, rbatt_mohm=142, sf=103 batt_temp=369
01-02 06:15:17.579   617   617 D VM_BMS  : For ocv=3852614 batt_temp=369 soc=65
01-02 06:15:17.579   617   617 D VM_BMS  : FIFO=2 fifo_avg=3.895918 rbatt=0.192000 slope=0.600000 ibatt=-0.225961 ocv=3.852615 soc=65 fcc_ah=2.074000 sample_count=128 sample_interval=70 seq_num=17
01-02 06:15:17.579   617   617 D VM_BMS  : For soc=65 batt_temp=369 slope=6000
01-02 06:15:17.579   617   617 D VM_BMS  : For soc=65 batt_temp=369 rbatt_sf=103
01-02 06:15:17.579   617   617 D VM_BMS  : rbatt_mohm_default=138, rbatt_mohm=142, sf=103 batt_temp=369
01-02 06:15:17.579   617   617 D VM_BMS  : For ocv=3852761 batt_temp=369 soc=65
01-02 06:15:17.579   617   617 D VM_BMS  : FIFO=3 fifo_avg=3.892099 rbatt=0.192000 slope=0.600000 ibatt=-0.205266 ocv=3.852762 soc=65 fcc_ah=2.074000 sample_count=128 sample_interval=70 seq_num=17
01-02 06:15:17.579   617   617 D VM_BMS  : For soc=65 batt_temp=369 slope=6000
01-02 06:15:17.579   617   617 D VM_BMS  : For soc=65 batt_temp=369 rbatt_sf=103
