01-02 04:09:15.929   503  7037 E mm-camera: isp_util_find_matched_existing_src_port#213: X
01-02 04:09:15.929   503  7037 D mm-camera: c2d_port_check_caps_reserve:143, identity=0x10002, reserved
01-02 04:09:15.939   503  7037 D mm-camera: c2d_module_notify_add_stream:1396, info: success, identity=0x10002
01-02 04:09:15.939   503  7037 D mm-camera: c2d_port_check_caps_reserve:143, identity=0x10002, reserved
01-02 04:09:15.939   503  7037 E mm-camera: module_faceproc_client_create:977] Face proc feature mask e 0
01-02 04:09:15.949   503  7049 D mm-camera: aecawb_thread_handler thread_id is 7049
01-02 04:09:15.949   503  7050 D mm-camera: af_thread_handler thread_id is 7050
01-02 04:09:15.959   503  7052 D mm-camera: afd_thread_handler thread_id is 7052
01-02 04:09:15.969   503  7053 D mm-camera: asd_thread_handler thread_id is 7053
01-02 04:09:15.979   503  7054 E mm-camera: is_thread_handler thread_id is 7054
01-02 04:09:15.979   503  7037 D mm-camera: gyro_port_event  MCT_EVENT_MODULE_START_STOP_STATS_THREADS start_flag: 1
01-02 04:09:15.979   503  7037 D mm-camera: Initializing Motion Sensor Framework!!!
01-02 04:09:15.979   503  7037 D mm-camera: gyro_port_init_sensors:Init DSPS intf
01-02 04:09:15.979   503  7037 E mm-camera: dsps_proc_init: Failed to open sensor1 port
01-02 04:09:15.979   503  7037 E mm-camera: gyro_port_init_sensors:DSPS fail to init
01-02 04:09:15.979   503  7037 D mm-camera: gyro_port_init_sensors:Init Android sensor intf
01-02 04:09:15.979   503  7037 E mm-camera: gyro_port_init_sensors:Error initializing Native Sensor!
01-02 04:09:15.979   503  7037 E mm-camera: mct_pipeline_send_ctrl_events: Send Set Parm events
01-02 04:09:15.979   503  7054 E mm-camera: is_thread_handler: Starting IS thread handler
01-02 04:09:15.989   503  7037 E mm-camera-sensor: af_port_handle_module_event: HFR Mode: 0!
01-02 04:09:16.019   503  7037 E mm-camera: stats_port_proc_downstream_set_parm Enable AEC & AWB subsampling optimizations
01-02 04:09:16.019   503  7037 D mm-camera: mct_pipeline_process_set:command=8000004
01-02 04:09:16.019   404  7020 D QCamera2HWI: int qcamera::QCamera2HardwareInterface::startPreview(): E
01-02 04:09:16.019   404  7020 D QCamera2HWI: int qcamera::QCamera2HardwareInterface::calcThermalLevel(qcamera::qcamera_thermal_level_enum_t, int, int, cam_fps_range_t&, msm_vfe_frame_skip_pattern&): level: 0, preview minfps 8000.000000, preview maxfpS 30000.000000, video minfps 8000.000000, video maxfpS 30000.000000
01-02 04:09:16.019   404  7020 D QCamera2HWI: int qcamera::QCamera2HardwareInterface::calcThermalLevel(qcamera::qcamera_thermal_level_enum_t, int, int, cam_fps_range_t&, msm_vfe_frame_skip_pattern&): Thermal level 0, FPS [8.00,30.00, 8.00,30.00], frameskip 0
01-02 04:09:16.029   503  7037 D mm-camera: mct_pipeline_process_set:command=800000e
01-02 04:09:16.029   503  7037 E mm-camera: mct_pipeline_send_ctrl_events: Send Set Parm events
01-02 04:09:16.029   503  7037 D mm-camera: mct_pipeline_process_set:command=8000012
01-02 04:09:16.029   503  7037 D mm-camera: mct_pipeline_add_stream_to_linked_streams: linked streams: 0x82
01-02 04:09:16.029   503  7037 D mm-camera: mct_stream_start_link: Starting meta stream linking: do nothing 
01-02 04:09:16.029   404  7020 E mm-camera-intf: mm_stream_get_v4l2_fmt: Unknown fmt=99
01-02 04:09:16.029   503  7037 D mm-camera: mct_pipeline_process_set:command=8000004
01-02 04:09:16.029   404  7020 E mm-camera-intf: mm_stream_request_buf: buf_num = 9, stream type = 7
01-02 04:09:16.029   404  7020 D mm-camera-intf: mm_stream_qbuf: Starting poll on stream 0xb8c2c840 type: 7
01-02 04:09:16.029   404  7020 D mm-camera-intf: mm_stream_qbuf: Started poll on stream 0xb8c2c840 type: 7
01-02 04:09:16.039   503  7037 D mm-camera: mct_pipeline_process_set:command=8000008
01-02 04:09:16.039   503  7037 D mm-camera: mct_pipeline_process_set: stream_type = 7
01-02 04:09:16.039   404  7020 D QCameraParameters: int qcamera::QCameraParameters::getPreviewHalPixelFormat() const: format 17
01-02 04:09:16.039   404  7020 D QCameraHWI_Mem: void qcamera::QCameraGrallocMemory::setMaxFPS(int): Setting max fps 30 to display
01-02 04:09:16.039   404  7020 D QCameraHWI_Mem: void qcamera::QCameraMemory::traceLogAllocStart(size_t, int, const char*) : alloc E count=8 size=0
01-02 04:09:16.039   404  7020 D QCameraHWI_Mem:  virtual int qcamera::QCameraGrallocMemory::allocate(uint8_t, size_t) : E 
01-02 04:09:16.039   404  7020 D QCameraHWI_Mem: virtual int qcamera::QCameraGrallocMemory::allocate(uint8_t, size_t): usage = 1073872896, geometry: 0xb8c2a9f8, 320, 240, 320, 240, 17
01-02 04:09:16.039  6297  6314 E linker  : readlink('/proc/self/fd/37') failed: Invalid argument [fd=37]
01-02 04:09:16.039  6297  6314 E linker  : warning: unable to get realpath for the library "/system/lib/hw/gralloc.msm8909.so". Will use given name.
01-02 04:09:16.039  6297  6314 E linker  : readlink('/proc/self/fd/37') failed: Invalid argument [fd=37]
01-02 04:09:16.039  6297  6314 E linker  : warning: unable to get realpath for the library "libmemalloc.so". Will use given name.
01-02 04:09:16.039  6297  6314 E linker  : readlink('/proc/self/fd/37') failed: Invalid argument [fd=37]
01-02 04:09:16.039  6297  6314 E linker  : warning: unable to get realpath for the library "libqdMetaData.so". Will use given name.
01-02 04:09:16.039  6297  6314 E linker  : readlink('/proc/self/fd/37') failed: Invalid argument [fd=37]
01-02 04:09:16.039  6297  6314 E linker  : warning: unable to get realpath for the library "libqdutils.so". Will use given name.
01-02 04:09:16.039  6297  6314 E linker  : readlink('/proc/self/fd/37') failed: Invalid argument [fd=37]
01-02 04:09:16.039  6297  6314 E linker  : warning: unable to get realpath for the library "libGLESv1_CM.so". Will use given name.
01-02 04:09:16.039  6297  6314 E linker  : readlink('/proc/self/fd/37') failed: Invalid argument [fd=37]
01-02 04:09:16.039  6297  6314 E linker  : warning: unable to get realpath for the library "libqservice.so". Will use given name.
01-02 04:09:16.099   404  7020 D QCameraHWI_Mem:  virtual int qcamera::QCameraGrallocMemory::allocate(uint8_t, size_t) : X 
01-02 04:09:16.099   404  7020 D QCameraHWI_Mem:  void qcamera::QCameraMemory::traceLogAllocEnd(size_t) : X
01-02 04:09:16.099   404  7020 E mm-camera-intf: mm_stream_request_buf: buf_num = 8, stream type = 1
01-02 04:09:16.099   404  7020 D mm-camera-intf: mm_stream_qbuf: Starting poll on stream 0xb8c2ca28 type: 1
01-02 04:09:16.099   404  7020 D mm-camera-intf: mm_stream_qbuf: Started poll on stream 0xb8c2ca28 type: 1
01-02 04:09:16.099   503  7037 D mm-camera: mct_pipeline_process_set:command=8000008
01-02 04:09:16.099   503  7037 D mm-camera: mct_pipeline_process_set: stream_type = 1
01-02 04:09:16.109   503  7037 E mm-camera: decide_isp_nums_camif: num_isp = 1
01-02 04:09:16.109   503  7037 E mm-camera: isp_sink_port_stream_config: E, session_id = 1, stream_id = 2, stream_type = 1
01-02 04:09:16.109   503  7037 E mm-camera: isp_sink_port_stream_config: session_id = 1, stream_id = 2, is_split = 0
01-02 04:09:16.109   503  7037 E mm-camera: isp_sink_port_stream_config: old vfe_id_mask = 0x0, new vfe_id_mask = 0x1
01-02 04:09:16.109   503  7061 D mm-camera: isp_thread_main_loop thread_id is 7061
01-02 04:09:16.109   503  7062 D mm-camera: isp_sem_thread_main thread_id is 7062
01-02 04:09:16.109   503  7063 D mm-camera: isp_thread_main_loop thread_id is 7063
01-02 04:09:16.109   503  7061 E mm-camera: isp_pipeline_get_table_size: ISP_HW_MOD_GET_TABLE_SIZE error, module_id = 1, rc = -1
01-02 04:09:16.109   503  7061 E mm-camera: isp_hw_proc_init_meta_dump: get ISP_PIX_GET_ROLLOFF_TABLE_SIZE error
01-02 04:09:16.119   503  7037 E mm-camera-sensor: Depth_Err: actuator sensitivity : 0.000000 is invalid
01-02 04:09:16.119   503  7037 E mm-camera: is_port_handle_stream_config_event: w = 1600, h = 1200, ma = 270, p = 0
01-02 04:09:16.119   503  7037 D mm-camera: gyro_port_event:frame_time: 31580 sensor_position: 0
01-02 04:09:16.119   503  7037 E mm-camera-sensor: module_sensor_stream_on:2458 chromatix name libchromatix_gc2385_preview.so
01-02 04:09:16.139   503  7037 E mm-camera: is_port_handle_set_is_enable: IS enable = 0
01-02 04:09:16.149   503  7037 E mm-camera: isp_tintless_config: tint_correction_strength updated to 4
01-02 04:09:16.149   503  7037 E mm-camera: isp_tintless_bg_pca_update_chromatix_params: lib returned config err=0
01-02 04:09:16.149   503  7037 E mm-camera: port_isp_mct_ctrl_cmd: E, identity = 0x10002, STREAMON
01-02 04:09:16.149   503  7037 E mm-camera: gyro_port_enable_disable_sensor_request:No handler to enable!
01-02 04:09:16.149   503  7037 D mm-camera: gyro_port_enable_disable_sensor_request:Init Laser Sensor Interface!
01-02 04:09:16.149   503  7037 E mm-camera: gyro_port_enable_disable_sensor_request:Failure initializing laser sensor. Error: 1
01-02 04:09:16.159   503  7037 E mm-camera: awb_port_update_awb_data r_gain; 1.005662, g_gain: 1.000000, b_gain: 1.738490, cct: 4100
01-02 04:09:16.159   503  7037 E mm-camera: is_port_handle_stream_event: MCT_EVENT_CONTROL_STREAMON, identity = 0x10002
01-02 04:09:16.189   503  7037 E mm-camera-img: Face Album FILE DOESNT EXIST
01-02 04:09:16.189  6297  6297 W Camera  : [JavaScript Warning: "Property contained reference to invalid variable.  Error in parsing value for 'transition-delay'.  Falling back to 'initial'." {file: "app://camera.gaiamobile.org/index.html" line: 93 column: 1894 source: "  var(--button-transition-delay)"}]
01-02 04:09:16.199   503  7037 D mm-camera: c2d_module_handle_streamon_event:1646, identity=0x10002, stream-on done
01-02 04:09:16.199   503  7037 E mm-camera: isp_streamon: E, session_id = 1, stream_id = 2, active_count = 0 flash=FALSE
01-02 04:09:16.199   503  7028 E mm-camera: isp_proc_streamon: E, session_id = 1, stream_id = 2, stream_type = 1
01-02 04:09:16.199   503  7028 E mm-camera: isp_ch_util_sync_stream_cfg_to_channel: cannot find channel, Adding new channel for stream id 2
01-02 04:09:16.199   503  7028 E mm-camera: isp_add_meta_channel: no meta data, session_id = 1, stream_id = 2
01-02 04:09:16.199   503  7028 E mm-camera: isp_add_camif_channel: is_pdaf_supported 0
01-02 04:09:16.199   503  7028 D mm-camera: isp_validate_buf_request: total 8 current buffer count 8 for stream 2
01-02 04:09:16.199   503  7063 D mm-camera: isp_fmt_to_pix_pattern: format 31
01-02 04:09:16.199   503  7028 E mm-camera: is_port_handle_output_dim_event: MCT_EVENT_MODULE_ISP_OUTPUT_DIM, steam_type = 1, w = 320, h = 240, IS mode = 0
01-02 04:09:16.199   503  7028 D mm-camera: isp_util_set_stats_bf_filter_size: BF filter size = 2
01-02 04:09:16.199   503  7028 D mm-camera: isp_hw_action: first start, hw thread for streamon/ack
01-02 04:09:16.199   503  7063 E mm-camera: isp_thread_proc_cmd: start/stop, thread_data = 0xb37ec804, action_code = 0
01-02 04:09:16.199   503  7063 D mm-camera: isp_fmt_to_pix_pattern: format 31
01-02 04:09:16.199   503  7063 D mm-camera: vfe_calc_fov: out1w = 320, out1h = 240, out2w = 0, out2h = 0
01-02 04:09:16.199   503  7063 D mm-camera: vfe_calc_fov: demosaic first_p = 0, last_p = 1599, first_l = 0, last_l = 1199
01-02 04:09:16.199   503  7063 D mm-camera: vfe_calc_fov: crop_factor = 4096, x=0, y=0, crop_out_x=1600, crop_out_y=1200
01-02 04:09:16.209   503  7063 D mm-camera: main_scaler_config: ip_w=1600, ip_h=1200
01-02 04:09:16.209   503  7063 D mm-camera: main_scaler_config: op_w=320, op_h=240
01-02 04:09:16.209   503  7028 E mm-camera: isp_ch_util_streamon: session_id = 1, vfe_mask = 0x1, async streamon, rc = 0
01-02 04:09:16.209   503  7028 D mm-camera: isp_hw_action: hw_thread for ack
01-02 04:09:16.209   503  7063 E mm-camera: linearization_set_params: param_id is not supported in this module
01-02 04:09:16.209   503  7063 E mm-camera: pca_rolloff_set_params: param_id is not supported in this module
01-02 04:09:16.209   503  7063 E mm-camera: wb_set_params: param_id is not supported in this module
01-02 04:09:16.209   503  7063 E mm-camera: demosaic_set_params: param_id 7, is not supported in this module
01-02 04:09:16.209   503  7063 E mm-camera: demux_set_params: param_id 7, is not supported in this module
01-02 04:09:16.209   503  7063 E mm-camera: clf_set_params: param_id 7, is not supported in this module
01-02 04:09:16.209   503  7063 E mm-camera: mce_set_params: param_id is not supported in this module
01-02 04:09:16.209   503  7063 E mm-camera: sce_set_params: param_id is not supported in this module
01-02 04:09:16.209   503  7063 E mm-camera: isp_tintless_config: cfg: camif 1600x1200, elem sz 24x24,
01-02 04:09:16.209   503  7063 E         : dmlroc_init
01-02 04:09:16.209   503  7063 D mm-camera: isp_fmt_to_pix_pattern: format 31
01-02 04:09:16.209   503  7063 E mm-camera: isp_pipeline_reset_hist_dmi, Enter
01-02 04:09:15.1264   503  7063 I KERNEL  : [  748.437319] msm_isp_send_hw_cmd:982 hi 8 lo 8
01-02 04:09:16.209   503  7063 E mm-camera: isp_pipeline_reset_hist_dmi, Enter
01-02 04:09:15.1268   503  7063 I KERNEL  : [  748.441262] msm_isp_send_hw_cmd:982 hi 8 lo 8
01-02 04:09:16.209   503  7063 E mm-camera: isp_pipeline_reset_hist_dmi, Enter
01-02 04:09:15.1268   503  7063 I KERNEL  : [  748.441364] msm_isp_send_hw_cmd:982 hi 8 lo 8
01-02 04:09:16.209   503  7063 D mm-camera: isp_validate_buf_request: total 4 current buffer count 4 for stream -2147418109
01-02 04:09:16.209   503  7063 D mm-camera: isp_validate_buf_request: total 4 current buffer count 4 for stream -2147418108
01-02 04:09:16.209   503  7063 D mm-camera: isp_validate_buf_request: total 4 current buffer count 4 for stream -2147418107
01-02 04:09:16.209   503  7063 D mm-camera: isp_validate_buf_request: total 4 current buffer count 4 for stream -2147418105
01-02 04:09:16.209   503  7063 D mm-camera: isp_validate_buf_request: total 4 current buffer count 4 for stream -2147418104
01-02 04:09:16.209   503  7063 D mm-camera: isp_validate_buf_request: total 4 current buffer count 4 for stream -2147418102
01-02 04:09:16.219   503  7063 E mm-camera: isp_axi_util_subscribe_v4l2_event: event_type = 0x8000100, is_subscribe = 1
01-02 04:09:16.219   503  7034 W mm-camera-eztune: vendor/qcom/proprietary/mm-camera/mm-camera2/server-tuning/tuning/eztune_cam_adapter.cpp(719): "Message send ignored as stream or stream state not valid"
01-02 04:09:16.219   503  7034 W mm-camera-eztune: vendor/qcom/proprietary/mm-camera/mm-camera2/server-tuning/tuning/eztune_cam_adapter.cpp(719): "Message send ignored as stream or stream state not valid"
01-02 04:09:16.219   503  7034 W mm-camera-eztune: vendor/qcom/proprietary/mm-camera/mm-camera2/server-tuning/tuning/eztune_cam_adapter.cpp(719): "Message send ignored as stream or stream state not valid"
01-02 04:09:16.219   503  7034 W mm-camera-eztune: vendor/qcom/proprietary/mm-camera/mm-camera2/server-tuning/tuning/eztune_cam_adapter.cpp(719): "Message send ignored as stream or stream state not valid"
01-02 04:09:16.219   503  7034 W mm-camera-eztune: vendor/qcom/proprietary/mm-camera/mm-camera2/server-tuning/tuning/eztune_cam_adapter.cpp(719): "Message send ignored as stream or stream state not valid"
01-02 04:09:16.219   503  7034 I mm-camera-eztune: vendor/qcom/proprietary/mm-camera/mm-camera2/server-tuning/tuning/eztune_process.cpp(405): "bool eztune::ProcessLayer::Init(eztune_server_t, int):Control Mode Init"
01-02 04:09:16.219   503  7034 I mm-camera-eztune: vendor/qcom/proprietary/mm-camera/mm-camera2/server-tuning/tuning/eztune_interface.cpp(62): "Server: Waiting on new connection...\n"
01-02 04:09:16.229   503  7028 E mm-camera: isp_ch_util_streamon: session_id = 1, sync ack done
01-02 04:09:16.229   503  7063 E mm-camera: isp_thread_proc_cmd: start/stop ack done, thread_data = 0xb37ec804, action_code = 1, rc = 0
01-02 04:09:16.229   503  7049 E mm-camera-CORE: No active ISP module for ADRC, disable!!!
01-02 04:09:16.229   503  7063 E mm-camera: isp_pipeline32_get_roi_map: ROI: first pix 0, last pix 1599, first ln 0, last line 1199
01-02 04:09:16.229   503  7037 E mm-camera: isp_streamon: X, session_id = 1, rc = 0
01-02 04:09:16.229   503  7037 E mm-camera: port_isp_send_streamon_done_event_downstream: notify stream done downstream
01-02 04:09:16.229   503  7037 E mm-camera: port_isp_mct_ctrl_cmd: X, identity = 0x10002, STREAMON, ret = 0
01-02 04:09:15.1281   503  7037 I KERNEL  : [  748.455039] csi2_src_clk get failed
01-02 04:09:16.229   503  7037 D mm-camera: ispif_proc_streamon: ispif_hw_reset done
01-02 04:09:16.229   503  7037 D mm-camera: stream id 2, stream num_meta 0
01-02 04:09:16.229   503  7037 D mm-camera: ispif_streamon: session_id = 1, active_streams = 1
01-02 04:09:16.229   503  7037 E AEC_PORT: aec_port_proc_get_aec_data exp 0.031514 iso 443, exp-idx: 240, lc: 1195, gain: 1.000000
01-02 04:09:16.229   503  7037 E mm-camera-sensor: module_sensor_stream_on: Sending start bus message
01-02 04:09:16.229   503  7037 D mm-camera: start_sof_check_thread: Starting SOF timeout thread
01-02 04:09:16.239   503  7066 E mm-camera: mct_bus_sof_thread_run thread_id is 7066
01-02 04:09:15.1295  6297  6314 I KERNEL  : [  748.468459] ispif_process_irq: PIX0 frame id: 0
01-02 04:09:16.239   503  7037 I mm-camera-eztune: vendor/qcom/proprietary/mm-camera/mm-camera2/server-tuning/tuning/eztune_process.cpp(300): "int eztune::ProcessLayer::GetItemBinarySize() Item Binary Size: 0"
01-02 04:09:16.239   503  7037 I mm-camera-eztune: vendor/qcom/proprietary/mm-camera/mm-camera2/server-tuning/tuning/eztune_process.cpp(1586): "Ignore Reload command as there is no tuning updated"
01-02 04:09:16.239   503  7066 D mm-camera: mct_bus_sof_thread_run thread_id is 7066
01-02 04:09:16.239   404  7020 D QCamera2HWI: prewidht=320,preheight=240
01-02 04:09:16.239   404  7020 D QCamera2HWI: int qcamera::QCamera2HardwareInterface::startPreview(): X
01-02 04:09:16.239   404  3011 D QCamera2HWI: [KPI Perf] static int qcamera::QCamera2HardwareInterface::start_preview(camera_device*): X
01-02 04:09:15.1296  6994  6994 I KERNEL  : [  748.469330] msm_isp_notify: PIX0 frame id: 0
01-02 04:09:15.1328   503  7061 I KERNEL  : [  748.501726] ispif_process_irq: PIX0 frame id: 1
01-02 04:09:15.1329  6959  6959 I KERNEL  : [  748.502595] msm_isp_notify: PIX0 frame id: 1
01-02 04:09:15.1361   448  4364 I KERNEL  : [  748.534992] ispif_process_irq: PIX0 frame id: 2
01-02 04:09:15.1362   448  4364 I KERNEL  : [  748.535867] msm_isp_notify: PIX0 frame id: 2
01-02 04:09:16.309   503  7049 E mm-camera-CORE: aec_process_get_matching_index_from_history: history search unsuccessful! 
01-02 04:09:16.309   503  7049 E AEC_PORT: aec_port_save_update:real_gain:1.000000 linecnt:1195 exp_idx:240 cur_luma:-1610612736 led_est:1078710680
01-02 04:09:16.309   503  7030 E mm-camera: c2d_thread_handle_process_buf_event:190 input buf index 4
01-02 04:09:16.309   503  7030 E mm-camera: c2d_thread_handle_process_buf_event:207 input vaddr b3847000
01-02 04:09:16.309   404  7057 D QCamera2HWI: [KPI Perf] static void qcamera::QCamera2HardwareInterface::preview_stream_cb_routine(mm_camera_super_buf_t*, qcamera::QCameraStream*, void*) : PROFILE_FIRST_PREVIEW_FRAME
01-02 04:09:16.319   503  7061 E mm-camera: awb_port_update_awb_info AWB Decision is not valid. Dont send metadata
01-02 04:09:16.339   503  7061 E mm-camera: q3a_port_send_event_downstream: AEC event handler returned failure!
01-02 04:09:15.1395   503  7061 I KERNEL  : [  748.568273] ispif_process_irq: PIX0 frame id: 3
01-02 04:09:16.339   503  7030 E mm-camera: c2d_thread_handle_process_buf_event:190 input buf index 5
01-02 04:09:16.339   503  7030 E mm-camera: c2d_thread_handle_process_buf_event:207 input vaddr b382a000
01-02 04:09:15.1395   503  7053 I KERNEL  : [  748.569128] msm_isp_notify: PIX0 frame id: 3
01-02 04:09:16.369   503  7061 E mm-camera: q3a_port_send_event_downstream: AEC event handler returned failure!
01-02 04:09:15.1428   503  7061 I KERNEL  : [  748.601527] ispif_process_irq: PIX0 frame id: 4
01-02 04:09:16.369   503  7030 E mm-camera: c2d_thread_handle_process_buf_event:190 input buf index 6
01-02 04:09:16.369   503  7030 E mm-camera: c2d_thread_handle_process_buf_event:207 input vaddr b380d000
01-02 04:09:15.1429   503  7053 I KERNEL  : [  748.602397] msm_isp_notify: PIX0 frame id: 4
01-02 04:09:16.389  6297  6297 I Camera  : Content JS LOG: format-recorder-profiles formattedProfiles=[{"key":"qcif","title":"Low","pixelSize":25344,"raw":{"name":"qcif","containerFormat":"3gp","mimeType":"video/3gpp","audio":{"codec":"amrnb","bitsPerSecond":12200,"samplesPerSecond":8000,"channels":1},"video":{"codec":"h264","bitsPerSecond":192000,"framesPerSecond":30,"size":{"height":144,"width":176},"width":176,"height":144}},"localized":true},{"key":"qvga","title":"Medium","pixelSize":76800,"raw":{"name":"qvga","containerFormat":"mp4","mimeType":"video/mp4","audio":{"codec":"aac","bitsPerSecond":156000,"samplesPerSecond":48000,"channels":2},"video":{"codec":"h264","bitsPerSecond":512000,"framesPerSecond":30,"size":{"height":240,"width":320},"width":320,"height":240}},"localized":true},{"key":"cif","title":"High","pixelSize":101376,"raw":{"name":"cif","containerFormat":"3gp","mimeType":"video/3gpp","audio":{"codec":"amrnb","bitsPerSecond":12200,"samplesPerSecond":8000,"channels":1},"video":{"codec":"h264","bitsPerSecond":720000,"framesPerSecond":30
01-02 04:09:16.389   404  7020 D QCameraParameters: int32_t qcamera::QCameraParameters::setPreviewSize(const qcamera::QCameraParameters&): Requested preview size 320 x 240
01-02 04:09:16.389   404  7020 D QCameraParameters: int32_t qcamera::QCameraParameters::setVideoSize(const qcamera::QCameraParameters&): Requested video size 1280 x 960
01-02 04:09:16.389   404  7020 D QCameraParameters: int32_t qcamera::QCameraParameters::setPictureSize(const qcamera::QCameraParameters&): Requested picture size 1600 x 1200
01-02 04:09:16.399   404  7020 D QCameraParameters: void qcamera::QCameraParameters::updateViewAngles(): Final horizViewAngle 54.799999, vertViewAngle 42.500000
01-02 04:09:16.399   404  7020 D QCameraParameters: Param m_bNoDisplayMode = 0
01-02 04:09:16.399   404  7020 D QCameraParameters: int32_t qcamera::QCameraParameters::setPreviewFpsRange(const qcamera::QCameraParameters&): FpsRange Values:(8000, 30000)
01-02 04:09:16.399   404  7020 D QCameraParameters: int32_t qcamera::QCameraParameters::setPreviewFpsRange(const qcamera::QCameraParameters&): Requested FpsRange Values:(8000, 30000)
01-02 04:09:16.399   404  7020 D QCameraParameters: HFR mode is OFF
01-02 04:09:16.399   404  7020 D QCameraParameters: int32_t qcamera::QCameraParameters::setFssr(const qcamera::QCameraParameters&): FSSR is not supported
01-02 04:09:16.399   404  7020 D QCameraParameters: int32_t qcamera::QCameraParameters::setMultiTouchFocus(const qcamera::QCameraParameters&): multi-touch focus is not supported
01-02 04:09:16.399   503  7037 D mm-camera: mct_pipeline_process_set:command=800000e
01-02 04:09:16.399   503  7037 E mm-camera: mct_pipeline_send_ctrl_events: Send Set Parm events
01-02 04:09:16.399   503  7037 E mm-camera: stats_port_proc_downstream_set_parm Enable AEC & AWB subsampling optimizations
01-02 04:09:16.399   404  7020 D QCameraParameters: int32_t qcamera::QCameraParameters::setNumOfSnapshot(): nBurstNum = 1, nExpnum = 1
01-02 04:09:16.409   404  7020 D QCameraParameters: int32_t qcamera::QCameraParameters::setPreviewSize(const qcamera::QCameraParameters&): Requested preview size 320 x 240
01-02 04:09:16.409   404  7020 D QCameraParameters: int32_t qcamera::QCameraParameters::setVideoSize(const qcamera::QCameraParameters&): Requested video size 1280 x 960
01-02 04:09:16.409   404  7020 D QCameraParameters: int32_t qcamera::QCameraParameters::setPictureSize(const qcamera::QCameraParameters&): Requested picture size 1600 x 1200
01-02 04:09:16.409   404  7020 D QCameraParameters: void qcamera::QCameraParameters::updateViewAngles(): Final horizViewAngle 54.799999, vertViewAngle 42.500000
01-02 04:09:16.409   404  7020 D QCameraParameters: Param m_bNoDisplayMode = 0
01-02 04:09:16.409   404  7020 D QCameraParameters: int32_t qcamera::QCameraParameters::setPreviewFpsRange(const qcamera::QCameraParameters&): FpsRange Values:(8000, 30000)
01-02 04:09:16.409   404  7020 D QCameraParameters: int32_t qcamera::QCameraParameters::setPreviewFpsRange(const qcamera::QCameraParameters&): Requested FpsRange Values:(8000, 30000)
01-02 04:09:16.409   404  7020 D QCameraParameters: HFR mode is OFF
01-02 04:09:16.409   404  7020 D QCameraParameters: int32_t qcamera::QCameraParameters::setFssr(const qcamera::QCameraParameters&): FSSR is not supported
01-02 04:09:16.409   404  7020 D QCameraParameters: int32_t qcamera::QCameraParameters::setMultiTouchFocus(const qcamera::QCameraParameters&): multi-touch focus is not supported
01-02 04:09:16.409   503  7049 E AEC_PORT: aec_port_save_update:real_gain:1.000000 linecnt:1195 exp_idx:240 cur_luma:536870912 led_est:1078716460
01-02 04:09:16.409   503  7030 E mm-camera: c2d_thread_handle_process_buf_event:190 input buf index 4
01-02 04:09:16.409   503  7030 E mm-camera: c2d_thread_handle_process_buf_event:207 input vaddr b3847000
01-02 04:09:16.409   503  7037 D mm-camera: mct_pipeline_process_set:command=800000e
01-02 04:09:16.409   503  7037 E mm-camera: mct_pipeline_send_ctrl_events: Send Set Parm events
01-02 04:09:16.409   503  7037 E mm-camera: stats_port_proc_downstream_set_parm Enable AEC & AWB subsampling optimizations
01-02 04:09:16.409   404  7020 D QCameraParameters: int32_t qcamera::QCameraParameters::setNumOfSnapshot(): nBurstNum = 1, nExpnum = 1
01-02 04:09:16.419   404  7020 D QCameraParameters: int32_t qcamera::QCameraParameters::setPreviewSize(const qcamera::QCameraParameters&): Requested preview size 320 x 240
01-02 04:09:16.419   404  7020 D QCameraParameters: int32_t qcamera::QCameraParameters::setVideoSize(const qcamera::QCameraParameters&): Requested video size 1280 x 960
01-02 04:09:16.419   404  7020 D QCameraParameters: int32_t qcamera::QCameraParameters::setPictureSize(const qcamera::QCameraParameters&): Requested picture size 1600 x 1200
01-02 04:09:16.419   404  7020 D QCameraParameters: void qcamera::QCameraParameters::updateViewAngles(): Final horizViewAngle 54.799999, vertViewAngle 42.500000
01-02 04:09:16.419   404  7020 D QCameraParameters: Param m_bNoDisplayMode = 0
01-02 04:09:16.419   404  7020 D QCameraParameters: int32_t qcamera::QCameraParameters::setPreviewFpsRange(const qcamera::QCameraParameters&): FpsRange Values:(8000, 30000)
01-02 04:09:16.419   404  7020 D QCameraParameters: int32_t qcamera::QCameraParameters::setPreviewFpsRange(const qcamera::QCameraParameters&): Requested FpsRange Values:(8000, 30000)
01-02 04:09:16.419   404  7020 D QCameraParameters: HFR mode is OFF
01-02 04:09:16.419   404  7020 D QCameraParameters: int32_t qcamera::QCameraParameters::setFssr(const qcamera::QCameraParameters&): FSSR is not supported
01-02 04:09:16.419   404  7020 D QCameraParameters: int32_t qcamera::QCameraParameters::setMultiTouchFocus(const qcamera::QCameraParameters&): multi-touch focus is not supported
01-02 04:09:16.419   503  7037 D mm-camera: mct_pipeline_process_set:command=800000e
01-02 04:09:16.419   503  7037 E mm-camera: mct_pipeline_send_ctrl_events: Send Set Parm events
01-02 04:09:16.429   503  7037 E mm-camera: stats_port_proc_downstream_set_parm Enable AEC & AWB subsampling optimizations
01-02 04:09:16.429   404  7020 D QCameraParameters: int32_t qcamera::QCameraParameters::setNumOfSnapshot(): nBurstNum = 1, nExpnum = 1
01-02 04:09:16.429   404  7020 D QCameraParameters: int32_t qcamera::QCameraParameters::setPreviewSize(const qcamera::QCameraParameters&): Requested preview size 320 x 240
01-02 04:09:16.429   404  7020 D QCameraParameters: int32_t qcamera::QCameraParameters::setVideoSize(const qcamera::QCameraParameters&): Requested video size 1280 x 960
01-02 04:09:16.429   404  7020 D QCameraParameters: int32_t qcamera::QCameraParameters::setPictureSize(const qcamera::QCameraParameters&): Requested picture size 1600 x 1200
01-02 04:09:16.429   404  7020 D QCameraParameters: void qcamera::QCameraParameters::updateViewAngles(): Final horizViewAngle 54.799999, vertViewAngle 42.500000
01-02 04:09:16.429   404  7020 D QCameraParameters: Param m_bNoDisplayMode = 0
01-02 04:09:16.429   404  7020 D QCameraParameters: int32_t qcamera::QCameraParameters::setPreviewFpsRange(const qcamera::QCameraParameters&): FpsRange Values:(8000, 30000)
01-02 04:09:16.429   404  7020 D QCameraParameters: int32_t qcamera::QCameraParameters::setPreviewFpsRange(const qcamera::QCameraParameters&): Requested FpsRange Values:(8000, 30000)
01-02 04:09:16.429   404  7020 D QCameraParameters: HFR mode is OFF
01-02 04:09:16.439   404  7020 D QCameraParameters: int32_t qcamera::QCameraParameters::setFssr(const qcamera::QCameraParameters&): FSSR is not supported
01-02 04:09:16.439   404  7020 D QCameraParameters: int32_t qcamera::QCameraParameters::setMultiTouchFocus(const qcamera::QCameraParameters&): multi-touch focus is not supported
01-02 04:09:16.439   503  7037 D mm-camera: mct_pipeline_process_set:command=800000e
01-02 04:09:16.439   503  7037 E mm-camera: mct_pipeline_send_ctrl_events: Send Set Parm events
01-02 04:09:16.439   503  7037 E mm-camera: stats_port_proc_downstream_set_parm Enable AEC & AWB subsampling optimizations
01-02 04:09:16.439   404  7020 D QCameraParameters: int32_t qcamera::QCameraParameters::setNumOfSnapshot(): nBurstNum = 1, nExpnum = 1
01-02 04:09:16.439   503  7030 E mm-camera: c2d_thread_handle_process_buf_event:190 input buf index 5
01-02 04:09:16.439   503  7030 E mm-camera: c2d_thread_handle_process_buf_event:207 input vaddr b382a000
01-02 04:09:16.439   503  7049 E mm-camera-CORE: aec_process_get_matching_index_from_history: history search unsuccessful! 
01-02 04:09:16.439   503  7049 E AEC_PORT: aec_port_save_update:real_gain:1.000000 linecnt:1195 exp_idx:240 cur_luma:-2147483648 led_est:1078720559
01-02 04:09:16.449   404  7020 D QCameraParameters: int32_t qcamera::QCameraParameters::setFaceDetection(bool): face process mask not changed, no ops here
01-02 04:09:16.449   404  7020 D QCamera2HWI: int qcamera::QCamera2HardwareInterface::sendCommand(int32_t, int32_t&, int32_t&): FaceDetection -> Disabled
01-02 04:09:16.449  6297  6297 I WakeLock: Acquire cpu wakelock
01-02 04:09:16.449   404  7020 D QCameraParameters: int32_t qcamera::QCameraParameters::setPreviewSize(const qcamera::QCameraParameters&): Requested preview size 320 x 240
01-02 04:09:16.449   404  7020 D QCameraParameters: int32_t qcamera::QCameraParameters::setVideoSize(const qcamera::QCameraParameters&): Requested video size 1280 x 960
01-02 04:09:16.449   404  7020 D QCameraParameters: int32_t qcamera::QCameraParameters::setPictureSize(const qcamera::QCameraParameters&): Requested picture size 1600 x 1200
01-02 04:09:16.449   404  7020 D QCameraParameters: void qcamera::QCameraParameters::updateViewAngles(): Final horizViewAngle 54.799999, vertViewAngle 42.500000
01-02 04:09:16.449   404  7020 D QCameraParameters: Param m_bNoDisplayMode = 0
01-02 04:09:16.449   404  7020 D QCameraParameters: int32_t qcamera::QCameraParameters::setPreviewFpsRange(const qcamera::QCameraParameters&): FpsRange Values:(8000, 30000)
01-02 04:09:16.449   404  7020 D QCameraParameters: int32_t qcamera::QCameraParameters::setPreviewFpsRange(const qcamera::QCameraParameters&): Requested FpsRange Values:(8000, 30000)
01-02 04:09:16.449   404  7020 D QCameraParameters: HFR mode is OFF
01-02 04:09:16.449   404  7020 D QCameraParameters: int32_t qcamera::QCameraParameters::setFssr(const qcamera::QCameraParameters&): FSSR is not supported
01-02 04:09:16.449   404  7020 D QCameraParameters: int32_t qcamera::QCameraParameters::setMultiTouchFocus(const qcamera::QCameraParameters&): multi-touch focus is not supported
01-02 04:09:16.459   503  7037 D mm-camera: mct_pipeline_process_set:command=800000e
01-02 04:09:16.459   503  7037 E mm-camera: mct_pipeline_send_ctrl_events: Send Set Parm events
01-02 04:09:16.459   503  7037 E mm-camera: stats_port_proc_downstream_set_parm Enable AEC & AWB subsampling optimizations
01-02 04:09:16.459   404  7020 D QCameraParameters: int32_t qcamera::QCameraParameters::setNumOfSnapshot(): nBurstNum = 1, nExpnum = 1
01-02 04:09:16.459   404  3013 D QCamera2HWI: [KPI Perf] static int qcamera::QCamera2HardwareInterface::cancel_auto_focus(camera_device*) : E PROFILE_CANCEL_AUTO_FOCUS
01-02 04:09:16.459   404  3013 D QCamera2HWI: [KPI Perf] static int qcamera::QCamera2HardwareInterface::cancel_auto_focus(camera_device*) : X
01-02 04:09:16.479   503  7030 E mm-camera: c2d_thread_handle_process_buf_event:190 input buf index 6
01-02 04:09:16.479   503  7030 E mm-camera: c2d_thread_handle_process_buf_event:207 input vaddr b380d000
01-02 04:09:16.479   503  7049 E AEC_PORT: aec_port_save_update:real_gain:1.000000 linecnt:1195 exp_idx:240 cur_luma:536870912 led_est:1078726201
01-02 04:09:16.509   503  7049 E AEC_PORT: aec_port_save_update:real_gain:1.000000 linecnt:1195 exp_idx:240 cur_luma:0 led_est:1078735694
01-02 04:09:16.509   503  7030 E mm-camera: c2d_thread_handle_process_buf_event:190 input buf index 4
01-02 04:09:16.509   503  7030 E mm-camera: c2d_thread_handle_process_buf_event:207 input vaddr b3847000
01-02 04:09:16.539   404  7020 D QCamera2HWI: int qcamera::QCamera2HardwareInterface::disableMsgType(int32_t) (0x10) : mMsgEnabled = 0xc0d
01-02 04:09:16.539   404  3013 D QCamera2HWI: [KPI Perf] static void qcamera::QCamera2HardwareInterface::stop_preview(camera_device*): E PROFILE_STOP_PREVIEW
01-02 04:09:16.539   404  7020 D QCamera2HWI: int qcamera::QCamera2HardwareInterface::stopPreview(): E
01-02 04:09:16.539   503  7049 E AEC_PORT: aec_port_save_update:real_gain:1.000000 linecnt:1195 exp_idx:240 cur_luma:536870912 led_est:1078740127
01-02 04:09:16.539   503  7030 E mm-camera: c2d_thread_handle_process_buf_event:190 input buf index 5
01-02 04:09:16.539   503  7030 E mm-camera: c2d_thread_handle_process_buf_event:207 input vaddr b382a000
01-02 04:09:16.549   503  7037 D mm-camera: mct_pipeline_process_set:command=8000009
01-02 04:09:16.549   503  7037 D mm-camera: mct_pipeline_process_set: stream_type = 1
01-02 04:09:16.549   503  7037 E mm-camera: port_isp_mct_ctrl_cmd: E, identity = 0x10002, STREAMOFF
01-02 04:09:16.549   503  7037 D mm-camera: gyro_port_enable_disable_sensor_request: Deinit all sensors
01-02 04:09:16.549   503  7037 E mm-camera: is_port_handle_stream_event: MCT_EVENT_CONTROL_STREAMOFF, identity = 0x10002
01-02 04:09:16.549   503  7037 D mm-camera: c2d_module_handle_streamoff_event:1809, info: stream-off done for identity 0x10002
01-02 04:09:16.549   503  7037 E mm-camera: isp_streamoff: E, session_id = 1, stream_id = 2, active_count = 1
01-02 04:09:16.549   503  7028 E mm-camera: isp_proc_streamoff: E,session_id = 1, stream_id= 2, stream_type= 1 meta 0
01-02 04:09:16.549   503  7028 D mm-camera: isp_hw_action: last pix stop, pix_cnt = 1, cnt = 1
01-02 04:09:16.549   503  7049 E mm-camera-CORE: aec_set_fd_roi: invalid CPP width and height (0, 0)!
01-02 04:09:16.549   503  7063 E mm-camera: isp_thread_proc_cmd: start/stop, thread_data = 0xb37ec804, action_code = 2
01-02 04:09:16.549   503  7028 E mm-camera: isp_ch_util_streamoff: session_id = 1, vfe_mask = 0x1, async streamoff, rc = 0
01-02 04:09:16.549   503  7028 D mm-camera: isp_hw_action: hw_thread for ack
01-02 04:09:16.549   503  7063 E mm-camera: isp_axi_util_subscribe_v4l2_event: event_type = 0x8000100, is_subscribe = 0
01-02 04:09:15.1607  6297  6297 I KERNEL  : [  748.780796] msm_isp_process_irq:VFE0 irq_status0 & 1 are both 0
01-02 04:09:16.549   503  7063 E mm-camera: isp_axi_unreg_buf: session_id = 1, stream_id = 2, buf_handle = 0x10000
01-02 04:09:16.559   503  7063 D mm-camera: linearization_action: action code = 7 is not supported. nop
01-02 04:09:16.559   503  7063 D mm-camera: pca_rolloff_action: action code = 7 is not supported. nop
01-02 04:09:16.559   503  7063 D mm-camera: demux_action: action code = 7 is not supported. nop
01-02 04:09:16.559   503  7063 D mm-camera: demosaic_action: action code = 7 is not supported. nop
01-02 04:09:16.559   503  7063 D mm-camera: bpc_action: action code = 7 is not supported. nop
01-02 04:09:16.559   503  7063 D mm-camera: abf_action: action code = 7 is not supported. nop
01-02 04:09:16.559   503  7063 D mm-camera: asf_action: action code = 7 is not supported. nop
01-02 04:09:16.559   503  7063 D mm-camera: color_conversion_action: action code = 7 is not supported. nop
01-02 04:09:16.559   503  7063 D mm-camera: color_correct_action: action code = 7 is not supported. nop
01-02 04:09:16.559   503  7063 D mm-camera: chroma_subsample_action: action code = 7 is not supported. nop
01-02 04:09:16.559   503  7063 D mm-camera: chroma_suppress_action: action code = 7 is not supported. nop
01-02 04:09:16.559   503  7063 D mm-camera: la_action: action code = 7 is not supported. nop
01-02 04:09:16.559   503  7063 D mm-camera: mce_action: action code = 7 is not supported. nop
01-02 04:09:16.559   503  7063 D mm-camera: sce_action: action code = 7 is not supported. nop
01-02 04:09:16.559   503  7063 D mm-camera: clf_action: action code = 7 is not supported. nop
01-02 04:09:16.559   503  7063 D mm-camera: wb_action: action code = 7 is not supported. nop
01-02 04:09:16.559   503  7063 D mm-camera: gamma_action: action code = 7 is not supported. nop
01-02 04:09:16.569   503  7063 D mm-camera: fov_action: action code = 7 is not supported. nop
01-02 04:09:16.569   503  7063 D mm-camera: scaler_action: action code = 7 is not supported
01-02 04:09:16.569   503  7063 D mm-camera: bcc_action: action code = 7 is not supported. nop
01-02 04:09:16.569   503  7063 D mm-camera: clamp_action: action code = 7 is not supported. nop
01-02 04:09:16.569   503  7063 D mm-camera: stats_action: action code = 7 is not supported. nop
01-02 04:09:16.569   503  7063 E mm-camera: isp_thread_proc_cmd: start/stop ack done, thread_data = 0xb37ec804, action_code = 3, rc = 0
01-02 04:09:16.569   503  7028 E mm-camera: isp_ch_util_streamoff: session_id = 1, sync ack done
01-02 04:09:16.569   503  7037 E mm-camera: isp_streamoff: X, session_id = 1, rc = 0
01-02 04:09:16.569   503  7037 E mm-camera: port_isp_mct_ctrl_cmd: X, identity = 0x10002, STREAMOFF, ret = 0
01-02 04:09:16.569   503  7037 D mm-camera: stream id 2, stream num_meta 0
01-02 04:09:15.1624   503  7037 I KERNEL  : [  748.797653] csi2_src_clk get failed
01-02 04:09:16.569   503  7037 D mm-camera: ispif_streamoff: session_id = 1, active_streams = 0
01-02 04:09:16.569   503  7037 E mm-camera-sensor: sensor_pdaf_deinit:3275 failed to open pdaf3 init library function
01-02 04:09:16.569   503  7037 E mm-camera-sensor: module_sensor_module_process_event: Sending stop bus message
01-02 04:09:16.569   503  7037 D mm-camera: stop_sof_check_thread: Stopping SOF timeout thread
01-02 04:09:16.569   503  7037 D mm-camera: mct_pipeline_process_set:command=8000009
01-02 04:09:16.569   503  7037 D mm-camera: mct_pipeline_process_set: stream_type = 7
01-02 04:09:16.579   404  7020 D QCameraHWI_Mem: put buffer 0 successfully
01-02 04:09:16.579   404  7020 D QCameraHWI_Mem: cancel_buffer: hdl =0xb8c40450
01-02 04:09:16.579   404  7020 D QCameraHWI_Mem: put buffer 1 successfully
01-02 04:09:16.579   404  7020 D QCameraHWI_Mem: put buffer 2 successfully
01-02 04:09:16.579   404  7020 D QCameraHWI_Mem: put buffer 3 successfully
01-02 04:09:16.579   404  7020 D QCameraHWI_Mem: cancel_buffer: hdl =0xb8c40a08
01-02 04:09:16.579   404  7020 D QCameraHWI_Mem: put buffer 4 successfully
01-02 04:09:16.579   404  7020 D QCameraHWI_Mem: cancel_buffer: hdl =0xb8c40bf0
01-02 04:09:16.579   404  7020 D QCameraHWI_Mem: put buffer 5 successfully
01-02 04:09:16.579   404  7020 D QCameraHWI_Mem: cancel_buffer: hdl =0xb8c40170
01-02 04:09:16.579   404  7020 D QCameraHWI_Mem: put buffer 6 successfully
01-02 04:09:16.579   404  7020 D QCameraHWI_Mem: put buffer 7 successfully
01-02 04:09:16.599   503  7037 D mm-camera: mct_pipeline_process_set:command=800000b
01-02 04:09:16.599   503  7037 D mm-camera: mct_stream_streamoff: Enter
01-02 04:09:16.599   503  7037 D mm-camera: mct_pipeline_process_set:command=800000b
01-02 04:09:16.599   503  7037 D mm-camera: mct_stream_streamoff: Enter
01-02 04:09:16.599   503  7037 D mm-camera: c2d_port_check_caps_unreserve:179, identity=0x10002, unreserved
01-02 04:09:16.599   503  7037 D mm-camera: c2d_port_check_caps_unreserve:179, identity=0x10002, unreserved
01-02 04:09:16.599   503  7037 E mm-camera-img: faceproc_save_album:795] Error No album 
01-02 04:09:16.599   503  7037 E mm-camera-img: faceproc_comp_eng_destroy: Album save failed -1
01-02 04:09:16.599   503  7037 E mm-camera: q3a_thread_aecawb_stop:384 MSG_STOP_THREAD
01-02 04:09:16.599   503  7037 E mm-camera: q3a_thread_af_stop:574 MSG_STOP_THREAD
01-02 04:09:16.599   503  7037 E mm-camera: q3a_thread_divertstats_stop:868 MSG_STOP_THREAD
01-02 04:09:16.599   503  7054 E mm-camera: is_thread_handler: Exiting IS thread handler
01-02 04:09:16.609   503  7037 D mm-camera: gyro_port_event  MCT_EVENT_MODULE_START_STOP_STATS_THREADS start_flag: 0
01-02 04:09:16.609   503  7037 D mm-camera: gyro_port_unlink: Enter
01-02 04:09:16.609   503  7037 D mm-camera: gyro_port_unlink: Exit
01-02 04:09:16.609   404  7020 D QCamera2HWI: int qcamera::QCamera2HardwareInterface::stopPreview(): X
01-02 04:09:16.609   404  3013 D QCamera2HWI: [KPI Perf] static void qcamera::QCamera2HardwareInterface::stop_preview(camera_device*): X
01-02 04:09:16.609   404  7020 D QCameraParameters: int32_t qcamera::QCameraParameters::setPreviewSize(const qcamera::QCameraParameters&): Requested preview size 320 x 240
01-02 04:09:16.609   404  7020 D QCameraParameters: int32_t qcamera::QCameraParameters::setVideoSize(const qcamera::QCameraParameters&): Requested video size 1280 x 960
01-02 04:09:16.609   404  7020 D QCameraParameters: int32_t qcamera::QCameraParameters::setPictureSize(const qcamera::QCameraParameters&): Requested picture size 1600 x 1200
01-02 04:09:16.609   404  7020 D QCameraParameters: void qcamera::QCameraParameters::updateViewAngles(): Final horizViewAngle 54.799999, vertViewAngle 42.500000
01-02 04:09:16.609   404  7020 D QCameraParameters: Param m_bNoDisplayMode = 0
01-02 04:09:16.609   404  7020 D QCameraParameters: int32_t qcamera::QCameraParameters::setPreviewFpsRange(const qcamera::QCameraParameters&): FpsRange Values:(8000, 30000)
01-02 04:09:16.609   404  7020 D QCameraParameters: int32_t qcamera::QCameraParameters::setPreviewFpsRange(const qcamera::QCameraParameters&): Requested FpsRange Values:(8000, 30000)
01-02 04:09:16.609   404  7020 D QCameraParameters: HFR mode is OFF
01-02 04:09:16.609   404  7020 D QCameraParameters: int32_t qcamera::QCameraParameters::setFssr(const qcamera::QCameraParameters&): FSSR is not supported
01-02 04:09:16.619   404  7020 D QCameraParameters: int32_t qcamera::QCameraParameters::setMultiTouchFocus(const qcamera::QCameraParameters&): multi-touch focus is not supported
01-02 04:09:16.619   503  7037 D mm-camera: mct_pipeline_process_set:command=800000e
01-02 04:09:16.619   404  7020 D QCameraParameters: int32_t qcamera::QCameraParameters::setNumOfSnapshot(): nBurstNum = 1, nExpnum = 1
01-02 04:09:16.619   404  3011 D QCamera2HWI: [KPI Perf] static int qcamera::QCamera2HardwareInterface::start_preview(camera_device*): E PROFILE_START_PREVIEW
01-02 04:09:16.619   404  7020 D QCameraHWI_Mem: void qcamera::QCameraMemory::traceLogAllocStart(size_t, int, const char*) : alloc E count=1 size=932
01-02 04:09:16.619   404  7020 D QCameraHWI_Mem: void qcamera::QCameraMemory::traceLogAllocStart(size_t, int, const char*) : alloc E count=1 size=932
01-02 04:09:16.619   404  7020 D QCameraHWI_Mem: int qcamera::QCameraMemory::alloc(int, size_t, unsigned int) : No memory pool available and So allocate new buffer
01-02 04:09:16.619   404  7020 D QCameraHWI_Mem: static int qcamera::QCameraMemory::allocOneBuffer(qcamera::QCameraMemory::QCameraMemInfo&, unsigned int, size_t, bool) : ION buffer 1 with size 4096 allocated
01-02 04:09:16.619   404  7020 D QCameraHWI_Mem:  void qcamera::QCameraMemory::traceLogAllocEnd(size_t) : X
01-02 04:09:16.619   404  7020 D QCameraHWI_Mem:  void qcamera::QCameraMemory::traceLogAllocEnd(size_t) : X
01-02 04:09:16.619   404  7020 D QCamera2HWI: uint8_t qcamera::QCamera2HardwareInterface::getBufNumRequired(cam_stream_type_t): Allocating 9 buffers for streamtype 7
01-02 04:09:16.619   404  7020 D QCamera2HWI: virtual qcamera::QCameraHeapMemory* qcamera::QCamera2HardwareInterface::allocateStreamInfoBuf(cam_stream_type_t): stream_type 7, stream format 99,stream dimension 454088x1, num_bufs 9
01-02 04:09:16.619   404  7020 D QCamera2HWI: uint8_t qcamera::QCamera2HardwareInterface::getBufNumRequired(cam_stream_type_t): Allocating 9 buffers for streamtype 7
01-02 04:09:16.619   503  7037 D mm-camera: mct_pipeline_process_set:command=800000a
01-02 04:09:16.619   404  7020 D QCameraHWI_Mem: void qcamera::QCameraMemory::traceLogAllocStart(size_t, int, const char*) : alloc E count=1 size=932
01-02 04:09:16.619   404  7020 D QCameraHWI_Mem: void qcamera::QCameraMemory::traceLogAllocStart(size_t, int, const char*) : alloc E count=1 size=932
01-02 04:09:16.619   404  7020 D QCameraHWI_Mem: int qcamera::QCameraMemory::alloc(int, size_t, unsigned int) : No memory pool available and So allocate new buffer
01-02 04:09:16.619   404  7020 D QCameraHWI_Mem: static int qcamera::QCameraMemory::allocOneBuffer(qcamera::QCameraMemory::QCameraMemInfo&, unsigned int, size_t, bool) : ION buffer 1 with size 4096 allocated
01-02 04:09:16.619   404  7020 D QCameraHWI_Mem:  void qcamera::QCameraMemory::traceLogAllocEnd(size_t) : X
01-02 04:09:16.619   404  7020 D QCameraHWI_Mem:  void qcamera::QCameraMemory::traceLogAllocEnd(size_t) : X
01-02 04:09:16.619   404  7021 D QCameraHWI_Mem: void qcamera::QCameraMemory::traceLogAllocStart(size_t, int, const char*) : alloc E count=9 size=454112
01-02 04:09:16.619   404  7021 E QCameraHWI_Mem: void qcamera::QCameraMemory::traceLogAllocStart(size_t, int, const char*):StreamMemsize 454112
01-02 04:09:16.619   404  7021 D QCameraHWI_Mem: void qcamera::QCameraMemory::traceLogAllocStart(size_t, int, const char*) : alloc E count=9 size=454112
01-02 04:09:16.619   404  7021 E QCameraHWI_Mem: void qcamera::QCameraMemory::traceLogAllocStart(size_t, int, const char*):Memsize 454112
01-02 04:09:16.619   404  7021 E QCameraHWI_Mem: int qcamera::QCameraMemoryPool::findBufferLocked(qcamera::QCameraMemory::QCameraMemInfo&, unsigned int, size_t, bool, cam_stream_type_t) : Found buffer 1 size 454656
01-02 04:09:16.619   404  7021 E QCameraHWI_Mem: int qcamera::QCameraMemoryPool::findBufferLocked(qcamera::QCameraMemory::QCameraMemInfo&, unsigned int, size_t, bool, cam_stream_type_t) : Found buffer 1 size 454656
01-02 04:09:16.619   404  7021 E QCameraHWI_Mem: int qcamera::QCameraMemoryPool::findBufferLocked(qcamera::QCameraMemory::QCameraMemInfo&, unsigned int, size_t, bool, cam_stream_type_t) : Found buffer 1 size 454656
01-02 04:09:16.619   404  7021 E QCameraHWI_Mem: int qcamera::QCameraMemoryPool::findBufferLocked(qcamera::QCameraMemory::QCameraMemInfo&, unsigned int, size_t, bool, cam_stream_type_t) : Found buffer 1 size 454656
01-02 04:09:16.619   404  7021 E QCameraHWI_Mem: int qcamera::QCameraMemoryPool::findBufferLocked(qcamera::QCameraMemory::QCameraMemInfo&, unsigned int, size_t, bool, cam_stream_type_t) : Found buffer 1 size 454656
01-02 04:09:16.619   404  7021 E QCameraHWI_Mem: int qcamera::QCameraMemoryPool::findBufferLocked(qcamera::QCameraMemory::QCameraMemInfo&, unsigned int, size_t, bool, cam_stream_type_t) : Found buffer 1 size 454656
01-02 04:09:16.619   404  7021 E QCameraHWI_Mem: int qcamera::QCameraMemoryPool::findBufferLocked(qcamera::QCameraMemory::QCameraMemInfo&, unsigned int, size_t, bool, cam_stream_type_t) : Found buffer 1 size 454656
01-02 04:09:16.619   404  7021 E QCameraHWI_Mem: int qcamera::QCameraMemoryPool::findBufferLocked(qcamera::QCameraMemory::QCameraMemInfo&, unsigned int, size_t, bool, cam_stream_type_t) : Found buffer 1 size 454656
01-02 04:09:16.619   404  7021 E QCameraHWI_Mem: int qcamera::QCameraMemoryPool::findBufferLocked(qcamera::QCameraMemory::QCameraMemInfo&, unsigned int, size_t, bool, cam_stream_type_t) : Found buffer 1 size 454656
01-02 04:09:16.619   404  7021 D QCameraHWI_Mem:  void qcamera::QCameraMemory::traceLogAllocEnd(size_t) : X
01-02 04:09:16.619   404  7021 E QCameraHWI_Mem: void qcamera::QCameraMemory::traceLogAllocEnd(size_t) 4087008
01-02 04:09:16.619   404  7021 D QCameraHWI_Mem:  void qcamera::QCameraMemory::traceLogAllocEnd(size_t) : X
01-02 04:09:16.619   404  7021 E QCameraHWI_Mem: void qcamera::QCameraMemory::traceLogAllocEnd(size_t) 4087008
01-02 04:09:16.619   404  7020 D QCamera2HWI: uint8_t qcamera::QCamera2HardwareInterface::getBufNumRequired(cam_stream_type_t): Allocating 8 buffers for streamtype 1
01-02 04:09:16.619   404  7020 D QCamera2HWI: virtual qcamera::QCameraHeapMemory* qcamera::QCamera2HardwareInterface::allocateStreamInfoBuf(cam_stream_type_t): stream_type 1, stream format 2,stream dimension 320x240, num_bufs 8
01-02 04:09:16.629   404  7020 D QCamera2HWI: uint8_t qcamera::QCamera2HardwareInterface::getBufNumRequired(cam_stream_type_t): Allocating 8 buffers for streamtype 1
01-02 04:09:16.629   503  7037 D mm-camera: mct_pipeline_process_set:command=800000a
01-02 04:09:15.1684   448   448 I KERNEL  : [  748.857566] ------------[ cut here ]------------
01-02 04:09:15.1684   448   448 I KERNEL  : [  748.857618] WARNING: at /home/arepuhar/workspace/BB/msm8905/LINUX/android/kernel/drivers/gpio/gpiolib.c:160 gpio_ensure_requested+0x4c/0xb4()
01-02 04:09:15.1684   448   448 I KERNEL  : [  748.857629] autorequest GPIO-1002
01-02 04:09:15.1684   448   448 I KERNEL  : 
01-02 04:09:15.1684   448   448 I KERNEL  : [  748.857639] Modules linked in:
