01-02 04:09:18.839   503  7071 E AEC_PORT: aec_port_save_update:real_gain:1.000000 linecnt:1230 exp_idx:241 cur_luma:-2147483648 led_est:1078737176
01-02 04:09:18.869   503  7071 E AEC_PORT: aec_port_save_update:real_gain:1.000000 linecnt:1230 exp_idx:241 cur_luma:-536870912 led_est:1078732421
01-02 04:09:18.869   503  7030 E mm-camera: c2d_thread_handle_process_buf_event:190 input buf index 5
01-02 04:09:18.869   503  7030 E mm-camera: c2d_thread_handle_process_buf_event:207 input vaddr b381a000
01-02 04:09:18.899   503  7071 E AEC_PORT: aec_port_save_update:real_gain:1.000000 linecnt:1230 exp_idx:241 cur_luma:-536870912 led_est:1078722810
01-02 04:09:18.909   503  7030 E mm-camera: c2d_thread_handle_process_buf_event:190 input buf index 4
01-02 04:09:18.909   503  7030 E mm-camera: c2d_thread_handle_process_buf_event:207 input vaddr b3837000
01-02 04:09:18.939   503  7030 E mm-camera: c2d_thread_handle_process_buf_event:190 input buf index 6
01-02 04:09:18.939   503  7030 E mm-camera: c2d_thread_handle_process_buf_event:207 input vaddr b37fd000
01-02 04:09:18.939   503  7071 E AEC_PORT: aec_port_save_update:real_gain:1.000000 linecnt:1230 exp_idx:241 cur_luma:-1073741824 led_est:1078720665
01-02 04:09:18.969   503  7071 E AEC_PORT: aec_port_save_update:real_gain:1.000000 linecnt:1230 exp_idx:241 cur_luma:-2147483648 led_est:1078722751
01-02 04:09:18.969   503  7030 E mm-camera: c2d_thread_handle_process_buf_event:190 input buf index 5
01-02 04:09:18.969   503  7030 E mm-camera: c2d_thread_handle_process_buf_event:207 input vaddr b381a000
01-02 04:09:19.009   503  7071 E AEC_PORT: aec_port_save_update:real_gain:1.000000 linecnt:1230 exp_idx:241 cur_luma:-2147483648 led_est:1078739719
01-02 04:09:19.009   503  7030 E mm-camera: c2d_thread_handle_process_buf_event:190 input buf index 4
01-02 04:09:19.009   503  7030 E mm-camera: c2d_thread_handle_process_buf_event:207 input vaddr b3837000
01-02 04:09:19.039   503  7071 E AEC_PORT: aec_port_save_update:real_gain:1.000000 linecnt:1230 exp_idx:241 cur_luma:-536870912 led_est:1078752182
01-02 04:09:19.039   503  7030 E mm-camera: c2d_thread_handle_process_buf_event:190 input buf index 6
01-02 04:09:19.039   503  7030 E mm-camera: c2d_thread_handle_process_buf_event:207 input vaddr b37fd000
01-02 04:09:19.069   503  7071 E AEC_PORT: aec_port_save_update:real_gain:1.000000 linecnt:1230 exp_idx:241 cur_luma:0 led_est:1078761192
01-02 04:09:19.069   503  7030 E mm-camera: c2d_thread_handle_process_buf_event:190 input buf index 5
01-02 04:09:19.069   503  7030 E mm-camera: c2d_thread_handle_process_buf_event:207 input vaddr b381a000
01-02 04:09:19.099   503  7071 E AEC_PORT: aec_port_save_update:real_gain:1.000000 linecnt:1230 exp_idx:241 cur_luma:536870912 led_est:1078774916
01-02 04:09:19.109   503  7030 E mm-camera: c2d_thread_handle_process_buf_event:190 input buf index 4
01-02 04:09:19.109   503  7030 E mm-camera: c2d_thread_handle_process_buf_event:207 input vaddr b3837000
01-02 04:09:19.139   503  7030 E mm-camera: c2d_thread_handle_process_buf_event:190 input buf index 6
01-02 04:09:19.139   503  7030 E mm-camera: c2d_thread_handle_process_buf_event:207 input vaddr b37fd000
01-02 04:09:19.139   503  7071 E AEC_PORT: aec_port_save_update:real_gain:1.000000 linecnt:1230 exp_idx:241 cur_luma:-536870912 led_est:1078780572
01-02 04:09:19.139   448   448 I GeckoDump: XXX FIXME : Got a mozContentEvent: permission-allow
01-02 04:09:19.159   448   448 I FocusManager: << focus() called >>
01-02 04:09:19.159   448   448 I FocusManager:    trying to set focus on, tag: IFRAME, id: browser6, class: browser
01-02 04:09:19.169   503  7030 E mm-camera: c2d_thread_handle_process_buf_event:190 input buf index 5
01-02 04:09:19.169   503  7030 E mm-camera: c2d_thread_handle_process_buf_event:207 input vaddr b381a000
01-02 04:09:19.169   448   448 I FocusManager:    current focused element, tag: A, id: , class: secondary info-link focusable
01-02 04:09:19.169   448   448 I FocusManager: <- blur on, tag: A, id: , class: secondary info-link focusable
01-02 04:09:19.179   448   448 I FocusManager: -> focus is now on, tag: IFRAME, id: browser6, class: browser
01-02 04:09:19.179  6297  6297 I FocusManager: * WindowRaised *
01-02 04:09:19.179  6297  6297 I FocusManager: -> focus is now on, tag: DIV, id: view13, class: ftu-screen
01-02 04:09:19.189   503  7071 E AEC_PORT: aec_port_save_update:real_gain:1.000000 linecnt:1230 exp_idx:241 cur_luma:1610612736 led_est:1078792689
01-02 04:09:19.199   503  7071 E AEC_PORT: aec_port_save_update:real_gain:1.000000 linecnt:1230 exp_idx:241 cur_luma:1610612736 led_est:1078817394
01-02 04:09:19.199   503  7030 E mm-camera: c2d_thread_handle_process_buf_event:190 input buf index 4
01-02 04:09:19.199   503  7030 E mm-camera: c2d_thread_handle_process_buf_event:207 input vaddr b3837000
01-02 04:09:19.209   448   448 W GeckoConsole: Content JS WARN: L10nError: "perm--webRequest" not found in en-US in app://system.gaiamobile.org/index.html 
01-02 04:09:19.209   448   448 W GeckoConsole:     at reportMissingEntity (app://system.gaiamobile.org/shared/js/l10n.js:181:2410)
01-02 04:09:19.219   448   448 W GeckoConsole: Content JS WARN: L10nError: "perm--more-info" not found in en-US in app://system.gaiamobile.org/index.html 
01-02 04:09:19.219   448   448 W GeckoConsole:     at reportMissingEntity (app://system.gaiamobile.org/shared/js/l10n.js:181:2410)
01-02 04:09:19.219   448   448 I Gecko   : [BrowserElement] event type: keydown, key: SoftRight, target: app://system.gaiamobile.org/index.html#, class: secondary info-link focusable
01-02 04:09:19.239   503  7030 E mm-camera: c2d_thread_handle_process_buf_event:190 input buf index 6
01-02 04:09:19.239   503  7030 E mm-camera: c2d_thread_handle_process_buf_event:207 input vaddr b37fd000
01-02 04:09:19.249   503  7071 E AEC_PORT: aec_port_save_update:real_gain:1.000000 linecnt:1230 exp_idx:241 cur_luma:-536870912 led_est:1078844883
01-02 04:09:19.259   448   448 I GECKO_GEO: Handle: geolocation.enabled set to DISABLED
01-02 04:09:19.269   503  7071 E AEC_PORT: aec_port_save_update:real_gain:1.000000 linecnt:1230 exp_idx:241 cur_luma:1610612736 led_est:1078858108
01-02 04:09:19.269   503  7030 E mm-camera: c2d_thread_handle_process_buf_event:190 input buf index 5
01-02 04:09:19.269   503  7030 E mm-camera: c2d_thread_handle_process_buf_event:207 input vaddr b381a000
01-02 04:09:19.299   503  7071 E AEC_PORT: aec_port_save_update:real_gain:1.000000 linecnt:1230 exp_idx:241 cur_luma:-1610612736 led_est:1078863227
01-02 04:09:19.299   503  7030 E mm-camera: c2d_thread_handle_process_buf_event:190 input buf index 4
01-02 04:09:19.309   503  7030 E mm-camera: c2d_thread_handle_process_buf_event:207 input vaddr b3837000
01-02 04:09:19.339   503  7071 E AEC_PORT: aec_port_save_update:real_gain:1.000000 linecnt:1230 exp_idx:241 cur_luma:-1073741824 led_est:1078857860
01-02 04:09:19.339   503  7030 E mm-camera: c2d_thread_handle_process_buf_event:190 input buf index 6
01-02 04:09:19.339   503  7030 E mm-camera: c2d_thread_handle_process_buf_event:207 input vaddr b37fd000
01-02 04:09:19.359   448   448 I Gecko   : [BrowserElement] event type: keyup, key: SoftRight, target: [object HTMLIFrameElement], src: app://camera.gaiamobile.org/index.html, id: browser6, class: browser
01-02 04:09:19.369   503  7030 E mm-camera: c2d_thread_handle_process_buf_event:190 input buf index 5
01-02 04:09:19.369   503  7030 E mm-camera: c2d_thread_handle_process_buf_event:207 input vaddr b381a000
01-02 04:09:19.369   503  7071 E AEC_PORT: aec_port_save_update:real_gain:1.000000 linecnt:1230 exp_idx:241 cur_luma:-536870912 led_est:1078836137
01-02 04:09:19.389  6297  6297 I Gecko   : [BrowserElement] event type: keyup, key: SoftRight, target: [object HTMLDivElement], id: view13, class: ftu-screen
01-02 04:09:19.399   503  7071 E AEC_PORT: aec_port_save_update:real_gain:1.000000 linecnt:1230 exp_idx:241 cur_luma:-536870912 led_est:1078803557
01-02 04:09:19.409   503  7030 E mm-camera: c2d_thread_handle_process_buf_event:190 input buf index 4
01-02 04:09:19.409   503  7030 E mm-camera: c2d_thread_handle_process_buf_event:207 input vaddr b3837000
01-02 04:09:19.429   503  7030 E mm-camera: c2d_thread_handle_process_buf_event:190 input buf index 6
01-02 04:09:19.429   503  7030 E mm-camera: c2d_thread_handle_process_buf_event:207 input vaddr b37fd000
01-02 04:09:19.439   438   538 D ThermalEngine: sensor_wait: case_therm Wait done.
01-02 04:09:19.439   438   538 D ThermalEngine: sensor_monitor: case_therm Reading 29000 .
01-02 04:09:19.439   438   538 I ThermalEngine: Sensor:case_therm:29000 mC
01-02 04:09:19.439   438   538 D ThermalEngine: update_active_thresh: case_therm Active(1), Hi(1) 40000, Lo(0) -2147483648, Interval(1) 5000
01-02 04:09:19.439   438   538 D ThermalEngine: sensor_monitor: case_therm Sensor wait.
01-02 04:09:19.439   438   538 D ThermalEngine: sensor_wait: case_therm Wait start. 5000ms
01-02 04:09:19.439   503  7071 E AEC_PORT: aec_port_save_update:real_gain:1.000000 linecnt:1230 exp_idx:241 cur_luma:0 led_est:1078784971
01-02 04:09:19.469   503  7071 E AEC_PORT: aec_port_save_update:real_gain:1.000000 linecnt:1230 exp_idx:241 cur_luma:536870912 led_est:1078782957
01-02 04:09:19.479   503  7030 E mm-camera: c2d_thread_handle_process_buf_event:190 input buf index 5
01-02 04:09:19.479   503  7030 E mm-camera: c2d_thread_handle_process_buf_event:207 input vaddr b381a000
01-02 04:09:19.499   503  7030 E mm-camera: c2d_thread_handle_process_buf_event:190 input buf index 4
01-02 04:09:19.499   503  7030 E mm-camera: c2d_thread_handle_process_buf_event:207 input vaddr b3837000
01-02 04:09:19.499   503  7071 E AEC_PORT: aec_port_save_update:real_gain:1.000000 linecnt:1230 exp_idx:241 cur_luma:536870912 led_est:1078788814
01-02 04:09:19.529   503  7030 E mm-camera: c2d_thread_handle_process_buf_event:190 input buf index 6
01-02 04:09:19.529   503  7030 E mm-camera: c2d_thread_handle_process_buf_event:207 input vaddr b37fd000
01-02 04:09:19.539   503  7071 E AEC_PORT: aec_port_save_update:real_gain:1.000000 linecnt:1230 exp_idx:241 cur_luma:-536870912 led_est:1078797463
01-02 04:09:19.569   503  7071 E AEC_PORT: aec_port_save_update:real_gain:1.000000 linecnt:1230 exp_idx:241 cur_luma:-536870912 led_est:1078809350
01-02 04:09:19.569   503  7030 E mm-camera: c2d_thread_handle_process_buf_event:190 input buf index 5
01-02 04:09:19.569   503  7030 E mm-camera: c2d_thread_handle_process_buf_event:207 input vaddr b381a000
01-02 04:09:19.609   503  7071 E AEC_PORT: aec_port_save_update:real_gain:1.000000 linecnt:1230 exp_idx:241 cur_luma:-1610612736 led_est:1078814750
01-02 04:09:19.609   503  7030 E mm-camera: c2d_thread_handle_process_buf_event:190 input buf index 4
01-02 04:09:19.609   503  7030 E mm-camera: c2d_thread_handle_process_buf_event:207 input vaddr b3837000
01-02 04:09:19.629   503  7071 E AEC_PORT: aec_port_save_update:real_gain:1.000000 linecnt:1230 exp_idx:241 cur_luma:536870912 led_est:1078815036
01-02 04:09:19.639   503  7030 E mm-camera: c2d_thread_handle_process_buf_event:190 input buf index 6
01-02 04:09:19.639   503  7030 E mm-camera: c2d_thread_handle_process_buf_event:207 input vaddr b37fd000
01-02 04:09:19.669   503  7030 E mm-camera: c2d_thread_handle_process_buf_event:190 input buf index 5
01-02 04:09:19.669   503  7030 E mm-camera: c2d_thread_handle_process_buf_event:207 input vaddr b381a000
01-02 04:09:19.679   503  7071 E AEC_PORT: aec_port_save_update:real_gain:1.000000 linecnt:1230 exp_idx:241 cur_luma:-1610612736 led_est:1078820112
01-02 04:09:19.709   503  7030 E mm-camera: c2d_thread_handle_process_buf_event:190 input buf index 4
01-02 04:09:19.709   503  7030 E mm-camera: c2d_thread_handle_process_buf_event:207 input vaddr b3837000
01-02 04:09:19.719   503  7071 E AEC_PORT: aec_port_save_update:real_gain:1.000000 linecnt:1230 exp_idx:241 cur_luma:1610612736 led_est:1078828785
01-02 04:09:19.729   503  7026 E         : dmlroc_entry  entering dmlroc_entry
01-02 04:09:19.769   503  7026 E         : dmlroc_entry  entering dmlroc_entry
01-02 04:09:19.769   503  7030 E mm-camera: c2d_thread_handle_process_buf_event:190 input buf index 5
01-02 04:09:19.769   503  7030 E mm-camera: c2d_thread_handle_process_buf_event:207 input vaddr b381a000
01-02 04:09:19.799   503  7071 E AEC_PORT: aec_port_save_update:real_gain:1.000000 linecnt:1230 exp_idx:241 cur_luma:0 led_est:1078831042
01-02 04:09:19.799   503  7030 E mm-camera: c2d_thread_handle_process_buf_event:190 input buf index 6
01-02 04:09:19.799   503  7030 E mm-camera: c2d_thread_handle_process_buf_event:207 input vaddr b37fd000
01-02 04:09:19.864  7087  7087 I KERNEL  : [  752.038054] msm_isp_process_error_info: Stream[0]: dropped 2 frames
01-02 04:09:19.829   503  7071 E AEC_PORT: aec_port_save_update:real_gain:1.000000 linecnt:1230 exp_idx:241 cur_luma:-1073741824 led_est:1078827373
01-02 04:09:19.839   503  7030 E mm-camera: c2d_thread_handle_process_buf_event:190 input buf index 4
01-02 04:09:19.839   503  7030 E mm-camera: c2d_thread_handle_process_buf_event:207 input vaddr b3837000
01-02 04:09:19.869   503  7030 E mm-camera: c2d_thread_handle_process_buf_event:190 input buf index 5
01-02 04:09:19.869   503  7030 E mm-camera: c2d_thread_handle_process_buf_event:207 input vaddr b381a000
01-02 04:09:19.869   503  7071 E AEC_PORT: aec_port_save_update:real_gain:1.000000 linecnt:1230 exp_idx:241 cur_luma:-536870912 led_est:1078818080
01-02 04:09:19.899   503  7071 E AEC_PORT: aec_port_save_update:real_gain:1.000000 linecnt:1230 exp_idx:241 cur_luma:0 led_est:1078797844
01-02 04:09:19.899   503  7030 E mm-camera: c2d_thread_handle_process_buf_event:190 input buf index 6
01-02 04:09:19.899   503  7030 E mm-camera: c2d_thread_handle_process_buf_event:207 input vaddr b37fd000
01-02 04:09:19.939   503  7030 E mm-camera: c2d_thread_handle_process_buf_event:190 input buf index 4
01-02 04:09:19.939   503  7030 E mm-camera: c2d_thread_handle_process_buf_event:207 input vaddr b3837000
01-02 04:09:19.939   503  7071 E AEC_PORT: aec_port_save_update:real_gain:1.000000 linecnt:1230 exp_idx:241 cur_luma:536870912 led_est:1078790461
01-02 04:09:19.939  3959  3959 E sdcard  : missing packages.list; retrying
01-02 04:09:19.969   503  7071 E AEC_PORT: aec_port_save_update:real_gain:1.000000 linecnt:1230 exp_idx:241 cur_luma:-1610612736 led_est:1078786667
01-02 04:09:19.969   503  7030 E mm-camera: c2d_thread_handle_process_buf_event:190 input buf index 5
01-02 04:09:19.969   503  7030 E mm-camera: c2d_thread_handle_process_buf_event:207 input vaddr b381a000
01-02 04:09:19.999   503  7071 E AEC_PORT: aec_port_save_update:real_gain:1.000000 linecnt:1230 exp_idx:241 cur_luma:536870912 led_est:1078783219
01-02 04:09:19.999   503  7030 E mm-camera: c2d_thread_handle_process_buf_event:190 input buf index 6
01-02 04:09:19.999   503  7030 E mm-camera: c2d_thread_handle_process_buf_event:207 input vaddr b37fd000
01-02 04:09:20.029   503  7071 E AEC_PORT: aec_port_save_update:real_gain:1.000000 linecnt:1230 exp_idx:241 cur_luma:-536870912 led_est:1078778975
01-02 04:09:20.039   503  7030 E mm-camera: c2d_thread_handle_process_buf_event:190 input buf index 4
01-02 04:09:20.039   503  7030 E mm-camera: c2d_thread_handle_process_buf_event:207 input vaddr b3837000
01-02 04:09:20.069   503  7071 E AEC_PORT: aec_port_save_update:real_gain:1.000000 linecnt:1230 exp_idx:241 cur_luma:536870912 led_est:1078774609
01-02 04:09:20.069   503  7030 E mm-camera: c2d_thread_handle_process_buf_event:190 input buf index 5
01-02 04:09:20.069   503  7030 E mm-camera: c2d_thread_handle_process_buf_event:207 input vaddr b381a000
01-02 04:09:20.099   503  7026 E         : dmlroc_entry  entering dmlroc_entry
01-02 04:09:20.099   503  7030 E mm-camera: c2d_thread_handle_process_buf_event:190 input buf index 6
01-02 04:09:20.099   503  7030 E mm-camera: c2d_thread_handle_process_buf_event:207 input vaddr b37fd000
01-02 04:09:20.129   503  7071 E AEC_PORT: aec_port_save_update:real_gain:1.000000 linecnt:1230 exp_idx:241 cur_luma:-1073741824 led_est:1078766307
01-02 04:09:20.139   503  7030 E mm-camera: c2d_thread_handle_process_buf_event:190 input buf index 4
01-02 04:09:20.139   503  7030 E mm-camera: c2d_thread_handle_process_buf_event:207 input vaddr b3837000
01-02 04:09:20.169   503  7071 E AEC_PORT: aec_port_save_update:real_gain:1.000000 linecnt:1230 exp_idx:241 cur_luma:-1073741824 led_est:1078762617
01-02 04:09:20.169   503  7030 E mm-camera: c2d_thread_handle_process_buf_event:190 input buf index 5
01-02 04:09:20.179   503  7030 E mm-camera: c2d_thread_handle_process_buf_event:207 input vaddr b381a000
01-02 04:09:20.199   503  7071 E AEC_PORT: aec_port_save_update:real_gain:1.000000 linecnt:1230 exp_idx:241 cur_luma:1073741824 led_est:1078757023
01-02 04:09:20.219   503  7030 E mm-camera: c2d_thread_handle_process_buf_event:190 input buf index 6
01-02 04:09:20.219   503  7030 E mm-camera: c2d_thread_handle_process_buf_event:207 input vaddr b37fd000
01-02 04:09:20.239   503  7071 E AEC_PORT: aec_port_save_update:real_gain:1.000000 linecnt:1230 exp_idx:241 cur_luma:1073741824 led_est:1078757209
01-02 04:09:20.269   503  7030 E mm-camera: c2d_thread_handle_process_buf_event:190 input buf index 5
01-02 04:09:20.269   503  7030 E mm-camera: c2d_thread_handle_process_buf_event:207 input vaddr b381a000
01-02 04:09:20.269   503  7071 E AEC_PORT: aec_port_save_update:real_gain:1.000000 linecnt:1230 exp_idx:241 cur_luma:1610612736 led_est:1078758827
01-02 04:09:20.299   503  7071 E AEC_PORT: aec_port_save_update:real_gain:1.000000 linecnt:1230 exp_idx:241 cur_luma:-1610612736 led_est:1078759122
01-02 04:09:20.309   503  7030 E mm-camera: c2d_thread_handle_process_buf_event:190 input buf index 4
01-02 04:09:20.309   503  7030 E mm-camera: c2d_thread_handle_process_buf_event:207 input vaddr b3837000
01-02 04:09:20.329   503  7030 E mm-camera: c2d_thread_handle_process_buf_event:190 input buf index 6
01-02 04:09:20.329   503  7030 E mm-camera: c2d_thread_handle_process_buf_event:207 input vaddr b37fd000
01-02 04:09:20.329   503  7071 E AEC_PORT: aec_port_save_update:real_gain:1.000000 linecnt:1230 exp_idx:241 cur_luma:536870912 led_est:1078760993
01-02 04:09:20.369   503  7071 E AEC_PORT: aec_port_save_update:real_gain:1.000000 linecnt:1230 exp_idx:241 cur_luma:-1073741824 led_est:1078760413
01-02 04:09:20.369   503  7030 E mm-camera: c2d_thread_handle_process_buf_event:190 input buf index 5
01-02 04:09:20.369   503  7030 E mm-camera: c2d_thread_handle_process_buf_event:207 input vaddr b381a000
01-02 04:09:20.399   503  7071 E AEC_PORT: aec_port_save_update:real_gain:1.000000 linecnt:1230 exp_idx:241 cur_luma:-536870912 led_est:1078760216
01-02 04:09:20.399   503  7030 E mm-camera: c2d_thread_handle_process_buf_event:190 input buf index 4
01-02 04:09:20.399   503  7030 E mm-camera: c2d_thread_handle_process_buf_event:207 input vaddr b3837000
01-02 04:09:20.429   503  7026 E         : dmlroc_entry  entering dmlroc_entry
01-02 04:09:20.429   503  7030 E mm-camera: c2d_thread_handle_process_buf_event:190 input buf index 6
01-02 04:09:20.429   503  7030 E mm-camera: c2d_thread_handle_process_buf_event:207 input vaddr b37fd000
01-02 04:09:20.469   503  7071 E AEC_PORT: aec_port_save_update:real_gain:1.000000 linecnt:1230 exp_idx:241 cur_luma:-1073741824 led_est:1078762362
01-02 04:09:20.469   503  7030 E mm-camera: c2d_thread_handle_process_buf_event:190 input buf index 5
01-02 04:09:20.469   503  7030 E mm-camera: c2d_thread_handle_process_buf_event:207 input vaddr b381a000
01-02 04:09:20.499   503  7071 E AEC_PORT: aec_port_save_update:real_gain:1.000000 linecnt:1230 exp_idx:241 cur_luma:-1073741824 led_est:1078759484
01-02 04:09:20.499   503  7030 E mm-camera: c2d_thread_handle_process_buf_event:190 input buf index 4
01-02 04:09:20.499   503  7030 E mm-camera: c2d_thread_handle_process_buf_event:207 input vaddr b3837000
01-02 04:09:20.529   503  7071 E AEC_PORT: aec_port_save_update:real_gain:1.000000 linecnt:1230 exp_idx:241 cur_luma:1610612736 led_est:1078759332
01-02 04:09:20.549   503  7030 E mm-camera: c2d_thread_handle_process_buf_event:190 input buf index 6
01-02 04:09:20.549   503  7030 E mm-camera: c2d_thread_handle_process_buf_event:207 input vaddr b37fd000
01-02 04:09:20.569   503  7030 E mm-camera: c2d_thread_handle_process_buf_event:190 input buf index 5
01-02 04:09:20.569   503  7071 E AEC_PORT: aec_port_save_update:real_gain:1.000000 linecnt:1230 exp_idx:241 cur_luma:536870912 led_est:1078762130
01-02 04:09:20.569   503  7030 E mm-camera: c2d_thread_handle_process_buf_event:207 input vaddr b381a000
01-02 04:09:20.599   503  7071 E AEC_PORT: aec_port_save_update:real_gain:1.000000 linecnt:1230 exp_idx:241 cur_luma:-536870912 led_est:1078755376
01-02 04:09:20.599   503  7030 E mm-camera: c2d_thread_handle_process_buf_event:190 input buf index 4
01-02 04:09:20.599   503  7030 E mm-camera: c2d_thread_handle_process_buf_event:207 input vaddr b3837000
01-02 04:09:20.629   503  7030 E mm-camera: c2d_thread_handle_process_buf_event:190 input buf index 6
01-02 04:09:20.629   503  7030 E mm-camera: c2d_thread_handle_process_buf_event:207 input vaddr b37fd000
01-02 04:09:20.629   503  7071 E AEC_PORT: aec_port_save_update:real_gain:1.000000 linecnt:1230 exp_idx:241 cur_luma:-536870912 led_est:1078745335
01-02 04:09:20.669   503  7030 E mm-camera: c2d_thread_handle_process_buf_event:190 input buf index 5
01-02 04:09:20.669   503  7030 E mm-camera: c2d_thread_handle_process_buf_event:207 input vaddr b381a000
01-02 04:09:20.669   503  7071 E AEC_PORT: aec_port_save_update:real_gain:1.000000 linecnt:1230 exp_idx:241 cur_luma:1610612736 led_est:1078743759
01-02 04:09:20.699   503  7030 E mm-camera: c2d_thread_handle_process_buf_event:190 input buf index 4
01-02 04:09:20.699   503  7030 E mm-camera: c2d_thread_handle_process_buf_event:207 input vaddr b3837000
01-02 04:09:20.699   503  7071 E AEC_PORT: aec_port_save_update:real_gain:1.000000 linecnt:1230 exp_idx:241 cur_luma:1610612736 led_est:1078741768
01-02 04:09:20.729   503  7071 E AEC_PORT: aec_port_save_update:real_gain:1.000000 linecnt:1230 exp_idx:241 cur_luma:-2147483648 led_est:1078743337
01-02 04:09:20.729   503  7030 E mm-camera: c2d_thread_handle_process_buf_event:190 input buf index 6
01-02 04:09:20.729   503  7030 E mm-camera: c2d_thread_handle_process_buf_event:207 input vaddr b37fd000
01-02 04:09:20.759   503  7026 E         : dmlroc_entry  entering dmlroc_entry
01-02 04:09:20.759   503  7030 E mm-camera: c2d_thread_handle_process_buf_event:190 input buf index 5
01-02 04:09:20.759   503  7030 E mm-camera: c2d_thread_handle_process_buf_event:207 input vaddr b381a000
01-02 04:09:20.769   503  7030 E mm-camera: c2d_thread_handle_process_buf_event:239 failed: pp_buf_mgr_get_buf() for frame_id:120 identity:0x10002,stream type: 1
01-02 04:09:20.779   448   448 I Gecko   : [BrowserElement] event type: keydown, key: Enter, target: [object HTMLIFrameElement], src: app://camera.gaiamobile.org/index.html, id: browser6, class: browser
01-02 04:09:20.779  6297  6297 I FocusManager: << focus() called >>
01-02 04:09:20.779  6297  6297 I FocusManager:    trying to set focus on, tag: DIV, id: view4, class: controls test-controls mode-picture enabled visible
01-02 04:09:20.789  6297  6297 W Camera  : [JavaScript Warning: "Property contained reference to invalid variable.  Error in parsing value for 'transition-delay'.  Falling back to 'initial'." {file: "app://camera.gaiamobile.org/index.html" line: 93 column: 1894 source: "  var(--button-transition-delay)"}]
01-02 04:09:20.799  6297  6297 I FocusManager:    current focused element, NULL, tag: , id: , class: 
01-02 04:09:20.799  6297  6297 I FocusManager: <- blur on, NULL, tag: , id: , class: 
01-02 04:09:20.799  6297  6297 I FocusManager: -> focus is now on, tag: DIV, id: view4, class: controls test-controls mode-picture enabled visible
01-02 04:09:20.799   503  7030 E mm-camera: c2d_thread_handle_process_buf_event:190 input buf index 4
01-02 04:09:20.799   503  7030 E mm-camera: c2d_thread_handle_process_buf_event:207 input vaddr b3837000
01-02 04:09:20.799   503  7071 E AEC_PORT: aec_port_save_update:real_gain:1.000000 linecnt:1230 exp_idx:241 cur_luma:-1610612736 led_est:1078740715
01-02 04:09:20.809  6297  6297 I Gecko   : [BrowserElement] event type: keydown, key: Enter, target: [object HTMLDivElement], id: view13, class: ftu-screen
01-02 04:09:20.829   503  7030 E mm-camera: c2d_thread_handle_process_buf_event:190 input buf index 6
01-02 04:09:20.829   503  7071 E AEC_PORT: aec_port_save_update:real_gain:1.000000 linecnt:1230 exp_idx:241 cur_luma:1610612736 led_est:1078741192
01-02 04:09:20.829   503  7030 E mm-camera: c2d_thread_handle_process_buf_event:207 input vaddr b37fd000
01-02 04:09:20.859  7087  7108 I (Preallocated app): PAC file installed from data: URI
01-02 04:09:20.869   503  7071 E AEC_PORT: aec_port_save_update:real_gain:1.000000 linecnt:1230 exp_idx:241 cur_luma:-1073741824 led_est:1078744171
01-02 04:09:20.869   503  7030 E mm-camera: c2d_thread_handle_process_buf_event:190 input buf index 5
01-02 04:09:20.869   503  7030 E mm-camera: c2d_thread_handle_process_buf_event:207 input vaddr b381a000
01-02 04:09:20.899   503  7071 E AEC_PORT: aec_port_save_update:real_gain:1.000000 linecnt:1230 exp_idx:241 cur_luma:536870912 led_est:1078754161
01-02 04:09:20.899   503  7030 E mm-camera: c2d_thread_handle_process_buf_event:190 input buf index 4
01-02 04:09:20.899   503  7030 E mm-camera: c2d_thread_handle_process_buf_event:207 input vaddr b3837000
01-02 04:09:20.929   503  7071 E AEC_PORT: aec_port_save_update:real_gain:1.000000 linecnt:1230 exp_idx:241 cur_luma:0 led_est:1078756280
01-02 04:09:20.929   503  7030 E mm-camera: c2d_thread_handle_process_buf_event:190 input buf index 6
01-02 04:09:20.929   503  7030 E mm-camera: c2d_thread_handle_process_buf_event:207 input vaddr b37fd000
01-02 04:09:20.939   448   448 I Gecko   : [BrowserElement] event type: keyup, key: Enter, target: [object HTMLIFrameElement], src: app://camera.gaiamobile.org/index.html, id: browser6, class: browser
01-02 04:09:20.939  6297  6297 I Gecko   : [BrowserElement] event type: keyup, key: Enter, target: [object HTMLDivElement], id: view4, class: controls test-controls mode-picture enabled visible
01-02 04:09:20.959   503  7030 E mm-camera: c2d_thread_handle_process_buf_event:190 input buf index 5
01-02 04:09:20.969   503  7030 E mm-camera: c2d_thread_handle_process_buf_event:207 input vaddr b381a000
01-02 04:09:20.969   503  7071 E AEC_PORT: aec_port_save_update:real_gain:1.000000 linecnt:1230 exp_idx:241 cur_luma:536870912 led_est:1078758854
01-02 04:09:20.999   503  7030 E mm-camera: c2d_thread_handle_process_buf_event:190 input buf index 4
01-02 04:09:20.999   503  7030 E mm-camera: c2d_thread_handle_process_buf_event:207 input vaddr b3837000
01-02 04:09:20.999   503  7071 E AEC_PORT: aec_port_save_update:real_gain:1.000000 linecnt:1230 exp_idx:241 cur_luma:0 led_est:1078759390
01-02 04:09:21.039   503  7071 E AEC_PORT: aec_port_save_update:real_gain:1.000000 linecnt:1230 exp_idx:241 cur_luma:-2147483648 led_est:1078758518
01-02 04:09:21.039   503  7030 E mm-camera: c2d_thread_handle_process_buf_event:190 input buf index 6
01-02 04:09:21.039   503  7030 E mm-camera: c2d_thread_handle_process_buf_event:207 input vaddr b37fd000
01-02 04:09:21.059   503  7030 E mm-camera: c2d_thread_handle_process_buf_event:190 input buf index 5
01-02 04:09:21.069   503  7071 E AEC_PORT: aec_port_save_update:real_gain:1.000000 linecnt:1230 exp_idx:241 cur_luma:0 led_est:1078758690
01-02 04:09:21.069   503  7030 E mm-camera: c2d_thread_handle_process_buf_event:207 input vaddr b381a000
01-02 04:09:21.099   503  7026 E         : dmlroc_entry  entering dmlroc_entry
01-02 04:09:21.099   503  7030 E mm-camera: c2d_thread_handle_process_buf_event:190 input buf index 4
01-02 04:09:21.099   503  7030 E mm-camera: c2d_thread_handle_process_buf_event:207 input vaddr b3837000
01-02 04:09:21.129   503  7030 E mm-camera: c2d_thread_handle_process_buf_event:190 input buf index 6
01-02 04:09:21.129   503  7071 E AEC_PORT: aec_port_save_update:real_gain:1.000000 linecnt:1230 exp_idx:241 cur_luma:-1073741824 led_est:1078761559
01-02 04:09:21.139   503  7030 E mm-camera: c2d_thread_handle_process_buf_event:207 input vaddr b37fd000
01-02 04:09:21.169   503  7030 E mm-camera: c2d_thread_handle_process_buf_event:190 input buf index 5
01-02 04:09:21.169   503  7071 E AEC_PORT: aec_port_save_update:real_gain:1.000000 linecnt:1230 exp_idx:241 cur_luma:1610612736 led_est:1078758522
01-02 04:09:21.169   503  7030 E mm-camera: c2d_thread_handle_process_buf_event:207 input vaddr b381a000
01-02 04:09:21.199   503  7071 E AEC_PORT: aec_port_save_update:real_gain:1.000000 linecnt:1230 exp_idx:241 cur_luma:0 led_est:1078761371
01-02 04:09:21.199   503  7030 E mm-camera: c2d_thread_handle_process_buf_event:190 input buf index 4
01-02 04:09:21.199   503  7030 E mm-camera: c2d_thread_handle_process_buf_event:207 input vaddr b3837000
01-02 04:09:21.229   503  7030 E mm-camera: c2d_thread_handle_process_buf_event:190 input buf index 6
01-02 04:09:21.229   503  7071 E AEC_PORT: aec_port_save_update:real_gain:1.000000 linecnt:1230 exp_idx:241 cur_luma:0 led_est:1078765281
01-02 04:09:21.229   503  7030 E mm-camera: c2d_thread_handle_process_buf_event:207 input vaddr b37fd000
01-02 04:09:21.269   503  7071 E AEC_PORT: aec_port_save_update:real_gain:1.000000 linecnt:1230 exp_idx:241 cur_luma:-1073741824 led_est:1078767227
01-02 04:09:21.279   503  7030 E mm-camera: c2d_thread_handle_process_buf_event:190 input buf index 5
01-02 04:09:21.279   503  7030 E mm-camera: c2d_thread_handle_process_buf_event:207 input vaddr b381a000
01-02 04:09:21.299   503  7071 E AEC_PORT: aec_port_save_update:real_gain:1.000000 linecnt:1230 exp_idx:241 cur_luma:-2147483648 led_est:1078768590
01-02 04:09:21.299   503  7030 E mm-camera: c2d_thread_handle_process_buf_event:190 input buf index 4
01-02 04:09:21.299   503  7030 E mm-camera: c2d_thread_handle_process_buf_event:207 input vaddr b3837000
01-02 04:09:21.339   503  7030 E mm-camera: c2d_thread_handle_process_buf_event:190 input buf index 6
01-02 04:09:21.339   503  7030 E mm-camera: c2d_thread_handle_process_buf_event:207 input vaddr b37fd000
01-02 04:09:21.339   503  7071 E AEC_PORT: aec_port_save_update:real_gain:1.000000 linecnt:1230 exp_idx:241 cur_luma:-2147483648 led_est:1078769354
01-02 04:09:21.369   503  7030 E mm-camera: c2d_thread_handle_process_buf_event:190 input buf index 5
01-02 04:09:21.369   503  7071 E AEC_PORT: aec_port_save_update:real_gain:1.000000 linecnt:1230 exp_idx:241 cur_luma:1610612736 led_est:1078770325
01-02 04:09:21.369   503  7030 E mm-camera: c2d_thread_handle_process_buf_event:207 input vaddr b381a000
01-02 04:09:21.399   503  7026 E         : dmlroc_entry  entering dmlroc_entry
01-02 04:09:21.399   503  7030 E mm-camera: c2d_thread_handle_process_buf_event:190 input buf index 4
01-02 04:09:21.399   503  7030 E mm-camera: c2d_thread_handle_process_buf_event:207 input vaddr b3837000
01-02 04:09:21.429   503  7030 E mm-camera: c2d_thread_handle_process_buf_event:190 input buf index 6
01-02 04:09:21.429   503  7030 E mm-camera: c2d_thread_handle_process_buf_event:207 input vaddr b37fd000
01-02 04:09:21.429   503  7071 E AEC_PORT: aec_port_save_update:real_gain:1.000000 linecnt:1230 exp_idx:241 cur_luma:-2147483648 led_est:1078773493
01-02 04:09:21.469   503  7030 E mm-camera: c2d_thread_handle_process_buf_event:190 input buf index 5
01-02 04:09:21.469   503  7030 E mm-camera: c2d_thread_handle_process_buf_event:207 input vaddr b381a000
01-02 04:09:21.469   503  7071 E AEC_PORT: aec_port_save_update:real_gain:1.000000 linecnt:1230 exp_idx:241 cur_luma:536870912 led_est:1078775328
01-02 04:09:21.499   503  7030 E mm-camera: c2d_thread_handle_process_buf_event:190 input buf index 4
01-02 04:09:21.499   503  7030 E mm-camera: c2d_thread_handle_process_buf_event:207 input vaddr b3837000
01-02 04:09:21.509   503  7071 E AEC_PORT: aec_port_save_update:real_gain:1.000000 linecnt:1230 exp_idx:241 cur_luma:536870912 led_est:1078774331
01-02 04:09:21.529   503  7030 E mm-camera: c2d_thread_handle_process_buf_event:190 input buf index 6
01-02 04:09:21.529   503  7071 E AEC_PORT: aec_port_save_update:real_gain:1.000000 linecnt:1230 exp_idx:241 cur_luma:-1610612736 led_est:1078778816
01-02 04:09:21.529   503  7030 E mm-camera: c2d_thread_handle_process_buf_event:207 input vaddr b37fd000
01-02 04:09:21.559   503  7071 E AEC_PORT: aec_port_save_update:real_gain:1.000000 linecnt:1230 exp_idx:241 cur_luma:536870912 led_est:1078781171
01-02 04:09:21.569   503  7030 E mm-camera: c2d_thread_handle_process_buf_event:190 input buf index 5
01-02 04:09:21.569   503  7030 E mm-camera: c2d_thread_handle_process_buf_event:207 input vaddr b381a000
01-02 04:09:21.599   503  7071 E AEC_PORT: aec_port_save_update:real_gain:1.000000 linecnt:1230 exp_idx:241 cur_luma:1073741824 led_est:1078782071
01-02 04:09:21.599   503  7030 E mm-camera: c2d_thread_handle_process_buf_event:190 input buf index 4
01-02 04:09:21.599   503  7030 E mm-camera: c2d_thread_handle_process_buf_event:207 input vaddr b3837000
01-02 04:09:21.629   503  7071 E AEC_PORT: aec_port_save_update:real_gain:1.000000 linecnt:1230 exp_idx:241 cur_luma:-536870912 led_est:1078781803
01-02 04:09:21.639   503  7030 E mm-camera: c2d_thread_handle_process_buf_event:190 input buf index 6
01-02 04:09:21.639   503  7030 E mm-camera: c2d_thread_handle_process_buf_event:207 input vaddr b37fd000
01-02 04:09:21.659   503  7030 E mm-camera: c2d_thread_handle_process_buf_event:190 input buf index 5
01-02 04:09:21.659   503  7071 E AEC_PORT: aec_port_save_update:real_gain:1.000000 linecnt:1230 exp_idx:241 cur_luma:-2147483648 led_est:1078783651
01-02 04:09:21.659   503  7030 E mm-camera: c2d_thread_handle_process_buf_event:207 input vaddr b381a000
01-02 04:09:21.699   503  7071 E AEC_PORT: aec_port_save_update:real_gain:1.000000 linecnt:1230 exp_idx:241 cur_luma:-1610612736 led_est:1078784900
01-02 04:09:21.699   503  7030 E mm-camera: c2d_thread_handle_process_buf_event:190 input buf index 4
01-02 04:09:21.699   503  7030 E mm-camera: c2d_thread_handle_process_buf_event:207 input vaddr b3837000
01-02 04:09:21.729   503  7030 E mm-camera: c2d_thread_handle_process_buf_event:190 input buf index 6
01-02 04:09:21.729   503  7030 E mm-camera: c2d_thread_handle_process_buf_event:207 input vaddr b37fd000
01-02 04:09:21.739   503  7071 E AEC_PORT: aec_port_save_update:real_gain:1.000000 linecnt:1230 exp_idx:241 cur_luma:-2147483648 led_est:1078784951
01-02 04:09:21.759   503  7030 E mm-camera: c2d_thread_handle_process_buf_event:190 input buf index 5
01-02 04:09:21.759   503  7030 E mm-camera: c2d_thread_handle_process_buf_event:207 input vaddr b381a000
01-02 04:09:21.769   503  7071 E AEC_PORT: aec_port_save_update:real_gain:1.000000 linecnt:1230 exp_idx:241 cur_luma:-1073741824 led_est:1078786729
01-02 04:09:21.799   503  7030 E mm-camera: c2d_thread_handle_process_buf_event:190 input buf index 4
01-02 04:09:21.799   503  7030 E mm-camera: c2d_thread_handle_process_buf_event:207 input vaddr b3837000
01-02 04:09:21.799   503  7071 E AEC_PORT: aec_port_save_update:real_gain:1.000000 linecnt:1230 exp_idx:241 cur_luma:-1610612736 led_est:1078789271
01-02 04:09:21.829   503  7030 E mm-camera: c2d_thread_handle_process_buf_event:190 input buf index 6
01-02 04:09:21.829   503  7030 E mm-camera: c2d_thread_handle_process_buf_event:207 input vaddr b37fd000
01-02 04:09:21.839   503  7071 E AEC_PORT: aec_port_save_update:real_gain:1.000000 linecnt:1230 exp_idx:241 cur_luma:1610612736 led_est:1078789637
01-02 04:09:21.859   503  7030 E mm-camera: c2d_thread_handle_process_buf_event:190 input buf index 5
01-02 04:09:21.859   503  7030 E mm-camera: c2d_thread_handle_process_buf_event:207 input vaddr b381a000
01-02 04:09:21.859   503  7071 E AEC_PORT: aec_port_save_update:real_gain:1.000000 linecnt:1230 exp_idx:241 cur_luma:-1073741824 led_est:1078789961
01-02 04:09:21.899   503  7071 E AEC_PORT: aec_port_save_update:real_gain:1.000000 linecnt:1230 exp_idx:241 cur_luma:1610612736 led_est:1078787909
01-02 04:09:21.899   503  7030 E mm-camera: c2d_thread_handle_process_buf_event:190 input buf index 4
01-02 04:09:21.899   503  7030 E mm-camera: c2d_thread_handle_process_buf_event:207 input vaddr b3837000
01-02 04:09:21.929   503  7071 E AEC_PORT: aec_port_save_update:real_gain:1.000000 linecnt:1230 exp_idx:241 cur_luma:1073741824 led_est:1078787374
01-02 04:09:21.929   503  7030 E mm-camera: c2d_thread_handle_process_buf_event:190 input buf index 6
01-02 04:09:21.939   503  7030 E mm-camera: c2d_thread_handle_process_buf_event:207 input vaddr b37fd000
01-02 04:09:21.959   503  7030 E mm-camera: c2d_thread_handle_process_buf_event:190 input buf index 5
01-02 04:09:21.959   503  7030 E mm-camera: c2d_thread_handle_process_buf_event:207 input vaddr b381a000
01-02 04:09:21.969   503  7071 E AEC_PORT: aec_port_save_update:real_gain:1.000000 linecnt:1230 exp_idx:241 cur_luma:1610612736 led_est:1078788622
01-02 04:09:21.999   503  7030 E mm-camera: c2d_thread_handle_process_buf_event:190 input buf index 4
01-02 04:09:21.999   503  7030 E mm-camera: c2d_thread_handle_process_buf_event:207 input vaddr b3837000
01-02 04:09:21.999   503  7071 E AEC_PORT: aec_port_save_update:real_gain:1.000000 linecnt:1230 exp_idx:241 cur_luma:1610612736 led_est:1078789161
01-02 04:09:22.029   503  7030 E mm-camera: c2d_thread_handle_process_buf_event:190 input buf index 6
01-02 04:09:22.029   503  7030 E mm-camera: c2d_thread_handle_process_buf_event:207 input vaddr b37fd000
01-02 04:09:22.039   503  7071 E AEC_PORT: aec_port_save_update:real_gain:1.000000 linecnt:1230 exp_idx:241 cur_luma:-1073741824 led_est:1078791331
01-02 04:09:22.059   503  7026 E         : dmlroc_entry  entering dmlroc_entry
01-02 04:09:22.069   503  7030 E mm-camera: c2d_thread_handle_process_buf_event:190 input buf index 5
01-02 04:09:22.069   503  7030 E mm-camera: c2d_thread_handle_process_buf_event:207 input vaddr b381a000
01-02 04:09:22.099   503  7030 E mm-camera: c2d_thread_handle_process_buf_event:190 input buf index 4
01-02 04:09:22.099   503  7030 E mm-camera: c2d_thread_handle_process_buf_event:207 input vaddr b3837000
01-02 04:09:22.099   503  7071 E AEC_PORT: aec_port_save_update:real_gain:1.000000 linecnt:1230 exp_idx:241 cur_luma:536870912 led_est:1078794244
01-02 04:09:22.129   503  7030 E mm-camera: c2d_thread_handle_process_buf_event:190 input buf index 6
01-02 04:09:22.129   503  7030 E mm-camera: c2d_thread_handle_process_buf_event:207 input vaddr b37fd000
01-02 04:09:22.129   503  7071 E AEC_PORT: aec_port_save_update:real_gain:1.000000 linecnt:1230 exp_idx:241 cur_luma:1610612736 led_est:1078798836
01-02 04:09:22.159   503  7030 E mm-camera: c2d_thread_handle_process_buf_event:190 input buf index 5
01-02 04:09:22.159   503  7030 E mm-camera: c2d_thread_handle_process_buf_event:207 input vaddr b381a000
01-02 04:09:22.169   503  7071 E AEC_PORT: aec_port_save_update:real_gain:1.000000 linecnt:1230 exp_idx:241 cur_luma:536870912 led_est:1078801848
01-02 04:09:22.199   503  7030 E mm-camera: c2d_thread_handle_process_buf_event:190 input buf index 4
01-02 04:09:22.199   503  7030 E mm-camera: c2d_thread_handle_process_buf_event:207 input vaddr b3837000
01-02 04:09:22.199   503  7071 E AEC_PORT: aec_port_save_update:real_gain:1.000000 linecnt:1230 exp_idx:241 cur_luma:-2147483648 led_est:1078802544
01-02 04:09:22.229   503  7071 E AEC_PORT: aec_port_save_update:real_gain:1.000000 linecnt:1230 exp_idx:241 cur_luma:1610612736 led_est:1078801520
01-02 04:09:22.229   503  7030 E mm-camera: c2d_thread_handle_process_buf_event:190 input buf index 6
01-02 04:09:22.229   503  7030 E mm-camera: c2d_thread_handle_process_buf_event:207 input vaddr b37fd000
01-02 04:09:22.269   503  7030 E mm-camera: c2d_thread_handle_process_buf_event:190 input buf index 5
01-02 04:09:22.269   503  7030 E mm-camera: c2d_thread_handle_process_buf_event:207 input vaddr b381a000
01-02 04:09:22.269   503  7071 E AEC_PORT: aec_port_save_update:real_gain:1.000000 linecnt:1230 exp_idx:241 cur_luma:1073741824 led_est:1078802453
01-02 04:09:22.299   503  7071 E AEC_PORT: aec_port_save_update:real_gain:1.000000 linecnt:1230 exp_idx:241 cur_luma:-1610612736 led_est:1078803162
01-02 04:09:22.299   503  7030 E mm-camera: c2d_thread_handle_process_buf_event:190 input buf index 4
01-02 04:09:22.299   503  7030 E mm-camera: c2d_thread_handle_process_buf_event:207 input vaddr b3837000
01-02 04:09:22.329   503  7030 E mm-camera: c2d_thread_handle_process_buf_event:190 input buf index 6
01-02 04:09:22.329   503  7030 E mm-camera: c2d_thread_handle_process_buf_event:207 input vaddr b37fd000
01-02 04:09:22.329   503  7071 E AEC_PORT: aec_port_save_update:real_gain:1.000000 linecnt:1230 exp_idx:241 cur_luma:0 led_est:1078802969
01-02 04:09:22.359   503  7030 E mm-camera: c2d_thread_handle_process_buf_event:190 input buf index 5
01-02 04:09:22.359   503  7030 E mm-camera: c2d_thread_handle_process_buf_event:207 input vaddr b381a000
01-02 04:09:22.369   503  7071 E AEC_PORT: aec_port_save_update:real_gain:1.000000 linecnt:1230 exp_idx:241 cur_luma:-536870912 led_est:1078803227
01-02 04:09:22.399   503  7030 E mm-camera: c2d_thread_handle_process_buf_event:190 input buf index 4
01-02 04:09:22.399   503  7030 E mm-camera: c2d_thread_handle_process_buf_event:207 input vaddr b3837000
01-02 04:09:22.399   503  7071 E AEC_PORT: aec_port_save_update:real_gain:1.000000 linecnt:1230 exp_idx:241 cur_luma:536870912 led_est:1078802953
01-02 04:09:22.429   503  7026 E         : dmlroc_entry  entering dmlroc_entry
01-02 04:09:22.429   503  7030 E mm-camera: c2d_thread_handle_process_buf_event:190 input buf index 6
01-02 04:09:22.429   503  7030 E mm-camera: c2d_thread_handle_process_buf_event:207 input vaddr b37fd000
01-02 04:09:22.459   503  7030 E mm-camera: c2d_thread_handle_process_buf_event:190 input buf index 5
01-02 04:09:22.459   503  7030 E mm-camera: c2d_thread_handle_process_buf_event:207 input vaddr b381a000
01-02 04:09:22.469   503  7071 E AEC_PORT: aec_port_save_update:real_gain:1.000000 linecnt:1230 exp_idx:241 cur_luma:0 led_est:1078802297
01-02 04:09:22.499   503  7030 E mm-camera: c2d_thread_handle_process_buf_event:190 input buf index 4
01-02 04:09:22.499   503  7030 E mm-camera: c2d_thread_handle_process_buf_event:207 input vaddr b3837000
01-02 04:09:22.499   503  7071 E AEC_PORT: aec_port_save_update:real_gain:1.000000 linecnt:1230 exp_idx:241 cur_luma:0 led_est:1078795179
01-02 04:09:22.529   503  7030 E mm-camera: c2d_thread_handle_process_buf_event:190 input buf index 6
01-02 04:09:22.529   503  7030 E mm-camera: c2d_thread_handle_process_buf_event:207 input vaddr b37fd000
01-02 04:09:22.529   503  7071 E AEC_PORT: aec_port_save_update:real_gain:1.000000 linecnt:1230 exp_idx:241 cur_luma:-2147483648 led_est:1078795350
01-02 04:09:22.569   503  7071 E AEC_PORT: aec_port_save_update:real_gain:1.000000 linecnt:1230 exp_idx:241 cur_luma:-1610612736 led_est:1078795498
01-02 04:09:22.569   503  7030 E mm-camera: c2d_thread_handle_process_buf_event:190 input buf index 5
01-02 04:09:22.569   503  7030 E mm-camera: c2d_thread_handle_process_buf_event:207 input vaddr b381a000
01-02 04:09:22.589   503  7071 E AEC_PORT: aec_port_save_update:real_gain:1.000000 linecnt:1230 exp_idx:241 cur_luma:-1610612736 led_est:1078795116
01-02 04:09:22.599   503  7030 E mm-camera: c2d_thread_handle_process_buf_event:190 input buf index 4
01-02 04:09:22.599   503  7030 E mm-camera: c2d_thread_handle_process_buf_event:207 input vaddr b3837000
01-02 04:09:22.629   503  7030 E mm-camera: c2d_thread_handle_process_buf_event:190 input buf index 6
01-02 04:09:22.629   503  7030 E mm-camera: c2d_thread_handle_process_buf_event:207 input vaddr b37fd000
01-02 04:09:22.629   503  7071 E AEC_PORT: aec_port_save_update:real_gain:1.000000 linecnt:1230 exp_idx:241 cur_luma:0 led_est:1078793652
01-02 04:09:22.669   503  7030 E mm-camera: c2d_thread_handle_process_buf_event:190 input buf index 5
01-02 04:09:22.669   503  7030 E mm-camera: c2d_thread_handle_process_buf_event:207 input vaddr b381a000
01-02 04:09:22.669   503  7071 E AEC_PORT: aec_port_save_update:real_gain:1.000000 linecnt:1230 exp_idx:241 cur_luma:-536870912 led_est:1078793324
01-02 04:09:22.689   503  7030 E mm-camera: c2d_thread_handle_process_buf_event:190 input buf index 4
01-02 04:09:22.689   503  7030 E mm-camera: c2d_thread_handle_process_buf_event:207 input vaddr b3837000
01-02 04:09:22.699   503  7071 E AEC_PORT: aec_port_save_update:real_gain:1.000000 linecnt:1230 exp_idx:241 cur_luma:1073741824 led_est:1078793283
01-02 04:09:22.729   503  7030 E mm-camera: c2d_thread_handle_process_buf_event:190 input buf index 6
01-02 04:09:22.729   503  7030 E mm-camera: c2d_thread_handle_process_buf_event:207 input vaddr b37fd000
01-02 04:09:22.729   503  7071 E AEC_PORT: aec_port_save_update:real_gain:1.000000 linecnt:1230 exp_idx:241 cur_luma:0 led_est:1078792463
01-02 04:09:22.759   503  7026 E         : dmlroc_entry  entering dmlroc_entry
01-02 04:09:22.769   503  7030 E mm-camera: c2d_thread_handle_process_buf_event:190 input buf index 5
01-02 04:09:22.769   503  7030 E mm-camera: c2d_thread_handle_process_buf_event:207 input vaddr b381a000
01-02 04:09:22.799   503  7030 E mm-camera: c2d_thread_handle_process_buf_event:190 input buf index 4
01-02 04:09:22.799   503  7030 E mm-camera: c2d_thread_handle_process_buf_event:207 input vaddr b3837000
01-02 04:09:22.799   503  7071 E AEC_PORT: aec_port_save_update:real_gain:1.000000 linecnt:1230 exp_idx:241 cur_luma:-536870912 led_est:1078792903
01-02 04:09:22.829   503  7030 E mm-camera: c2d_thread_handle_process_buf_event:190 input buf index 6
01-02 04:09:22.829   503  7030 E mm-camera: c2d_thread_handle_process_buf_event:207 input vaddr b37fd000
01-02 04:09:22.829   503  7071 E AEC_PORT: aec_port_save_update:real_gain:1.000000 linecnt:1230 exp_idx:241 cur_luma:0 led_est:1078796697
01-02 04:09:22.859   503  7030 E mm-camera: c2d_thread_handle_process_buf_event:190 input buf index 5
01-02 04:09:22.859   503  7030 E mm-camera: c2d_thread_handle_process_buf_event:207 input v