file name is /home/takkaakb/assement_logcat.txt and data in file is
--------- beginning of system
01-06 06:14:58.829   238   238 I vold    : Vold 3.0 (the awakening) firing up
01-06 06:14:58.829   238   238 V vold    : Detected support for: ext4 vfat
01-06 06:15:01.479   445   445 I irsc_util: Starting irsc tool
01-06 06:15:01.529   445   445 I irsc_util: Num of entries:284
01-06 06:15:01.599   445   445 I irsc_util: Ending irsc tool
01-06 06:15:14.279   238   248 V vold    : Waiting for FUSE to spin up...
01-06 06:15:14.339   238   248 V vold    : Waiting for FUSE to spin up...
01-06 06:15:14.399   238   248 D vold    : Linking /storage/emulated/0 to /mnt/user/0/primary
01-06 06:15:17.549   485   485 I Gecko   : ============ KaiOS device information ============
01-06 06:15:17.549   485   485 I Gecko   : Build UID         = 
01-06 06:15:17.549   485   485 I Gecko   : Build Description = msm8909_512-userdebug 6.0.1 MMB29M LYF_F30C-000-09-20-270319_i release-keys
01-06 06:15:17.549   485   485 I Gecko   : Bootloader        = unknown
01-06 06:15:17.549   485   485 I Gecko   : ==================================================
01-06 06:15:56.509  2406  4514 E NetlinkEvent: Unknown ifindex 23 in RTM_DELADDR
--------- beginning of main
01-06 06:25:25.749   485  5812 I Fota_Lib: 1970/01/06 06:25:25 [DEBUG]   ReqExecutor::Execute: Thread #a84ff930 thread has been terminated.
01-06 06:25:25.759   485   485 I Fota_Lib: 1970/01/06 06:25:25 [INFO]    O.T.U. Library: Succeeded to join ReqExecutor!
01-06 06:25:25.759   485   485 I Fota_Lib: 1970/01/06 06:25:25 [INFO]    O.T.U. Library: Great! No timer exists in scheduler after shut down all threads.
01-06 06:25:25.849  4661  4661 I FocusManager: << focus() called >>
01-06 06:25:25.849  4661  4661 I FocusManager:    trying to set focus on, tag: DIV, id: , class: app focusable
01-06 06:25:25.849  4661  4661 I FocusManager: Warning: element is already focused.
01-06 06:25:25.859   485   485 I Fota_Lib: 1970/01/06 06:25:25 [INFO]    O.T.U. Library has been shutdown!
01-06 06:25:25.859   485   485 I FotaGecko: :--(/home/leo/release/quoin/src/gecko/koost/fota/FotaNative.cpp:564) void mozilla::dom::fota::FotaNative::_fota_send_common_status_response(const char*, bool, tOTUStatus): 
01-06 06:25:25.859   485   485 I FotaGecko: enter
01-06 06:25:25.859   485   485 I FotaGecko: :--(/home/leo/release/quoin/src/gecko/koost/fota/FotaNative.cpp:833) const char* mozilla::dom::fota::FotaNative::_fota_get_error_type_str(tOTUStatus): 
01-06 06:25:25.859   485   485 I FotaGecko: res: 1004,error type: NetworkError
01-06 06:25:25.859   485   485 I FotaGecko: :--(/home/leo/release/quoin/src/gecko/koost/fota/MozFotaManager.cpp:578) virtual void mozilla::dom::fota::FotaMain::SendCommonStatusReponse_Int(const char*, bool, const char*): 
01-06 06:25:25.859   485   485 I FotaGecko: actionType: CheckIfFotaAvailable, isSuccess: 0, errorType: NetworkError
01-06 06:25:25.859   485   485 I GeckoDump: fota_system:onCommonCb::actionType: CheckIfFotaAvailable isSuccess: false errorType: NetworkError
01-06 06:25:25.859   485   485 I GeckoDump: 
01-06 06:25:25.859   485   485 I GeckoDump: fota_system:retry: times: 1
01-06 06:25:25.859   485   485 I GeckoDump: fota_system:removeExistAlarm type: check
01-06 06:25:25.859   485   485 I GeckoDump: fota_system:Received from gecko message:common
01-06 06:25:25.859   485   485 I GeckoDump: fota_system:system start to send reply to setting
01-06 06:25:25.859   485   485 I GeckoDump: fota_system:system send to setting flag is false
01-06 06:25:25.859   485   485 I FotaGecko: :--(/home/leo/release/quoin/src/gecko/koost/fota/MozFotaManager.cpp:603) virtual void mozilla::dom::fota::FotaMain::SendResetActionStatus_Int(): 
01-06 06:25:25.859   485   485 I FotaGecko: enter
01-06 06:25:25.889   485   485 I Gecko   : XXX FIXME : Dispatch a mozChromeEvent: apps-update-check
01-06 06:25:25.889  4661  4661 I FocusManager: << focus() called >>
01-06 06:25:25.889  4661  4661 I FocusManager:    trying to set focus on, tag: DIV, id: , class: app focusable
01-06 06:25:25.889  4661  4661 I FocusManager: Warning: element is already focused.
01-06 06:25:25.899   485   485 I Gecko   : 435325911	AlarmsService	DEBUG	receiveMessage(): AlarmsManager:GetAll
01-06 06:25:25.909   485   485 D NS_ICC_SERVICE: GetCardState 
01-06 06:25:25.909   485   485 D NS_ICC_SERVICE: GetIccInfo 
01-06 06:25:25.919   485   485 I Gecko   : [SUB0] QCONTENT_HELPER Received observer notification: mozsettings-changed
01-06 06:25:25.929   485   485 I Gecko   : 435325937	AlarmsService	DEBUG	Callback after getting alarms from database: [{"date":"1970-01-07T00:46:13.510Z","ignoreTimezone":true,"data":{"fotaAlarmType":"check"},"pageURL":"app://system.gaiamobile.org/index.html","manifestURL":"app://system.gaiamobile.org/manifest.webapp","timezoneOffset":-330,"id":2}]
01-06 06:25:25.929   485   485 I Gecko   : 435325938	AlarmsService	DEBUG	_sendAsyncMessage()
01-06 06:25:25.929  5741  5741 I PerformanceTiming: Performance Entry: settings.gaiamobile.org|mark|contentInteractive|1144.050000|0.000000|435325939
01-06 06:25:25.939   485   485 I GeckoDump: fota_system:removeExistAlarm result:[{"id":2,"date":"1970-01-07T00:46:13.510Z","respectTimezone":"ignoreTimezone","data":{"fotaAlarmType":"check"}}]
01-06 06:25:25.939   485   485 I Gecko   : 435325951	AlarmsService	DEBUG	receiveMessage(): AlarmsManager:Remove
01-06 06:25:25.939   485   485 I Gecko   : 435325951	AlarmsService	DEBUG	remove(2, app://system.gaiamobile.org/manifest.webapp)
01-06 06:25:25.949   485   485 I Gecko   : 435325953	AlarmsService	DEBUG	_removeAlarmFromDb()
01-06 06:25:25.949   485   485 I Gecko   : 435325954	AlarmsService	DEBUG	receiveMessage(): AlarmsManager:Add
01-06 06:25:25.949   485   485 I Gecko   : 435325956	AlarmsService	DEBUG	add(Tue Jan 06 1970 07:25:25 GMT+0530 (IST))
01-06 06:25:25.959   485   485 I Gecko   : [SUB0] QCONTENT_HELPER Received observer notification: mozsettings-changed
01-06 06:25:25.989   485   485 I Gecko   : 435325995	AlarmsService	DEBUG	Callback after removing alarm from database.
01-06 06:25:25.989   485   485 I Gecko   : 435325996	AlarmsService	DEBUG	Current alarm: {"date":"1970-01-06T01:25:16.264Z","ignoreTimezone":true,"timezoneOffset":-330,"id":-1}
01-06 06:25:25.989   485   485 I Gecko   : 435325996	AlarmsService	DEBUG	Alarm queue: [{"date":"1970-01-06T19:30:00.694Z","ignoreTimezone":true,"data":{"func":"reportingAlarm"},"pageURL":"app://jioservice.jio.com/index.html","manifestURL":"app://jioservice.jio.com/manifest.webapp","timezoneOffset":-330,"id":1,"alarmFiredCb":null},{"date":"1970-01-07T00:55:24.603Z","ignoreTimezone":true,"timezoneOffset":-330,"id":-2}]
01-06 06:25:25.989   485   485 I Gecko   : 435326000	AlarmsService	DEBUG	Callback after adding alarm in database.
01-06 06:25:25.999   485   485 I Gecko   : 435326004	AlarmsService	DEBUG	Current alarm: {"date":"1970-01-06T01:25:16.264Z","ignoreTimezone":true,"timezoneOffset":-330,"id":-1}
01-06 06:25:25.999   485   485 I Gecko   : 435326004	AlarmsService	DEBUG	Alarm queue: [{"date":"1970-01-06T01:55:25.871Z","ignoreTimezone":true,"data":{"fotaAlarmType":"check"},"pageURL":"app://system.gaiamobile.org/index.html","manifestURL":"app://system.gaiamobile.org/manifest.webapp","timezoneOffset":-330,"id":3,"alarmFiredCb":null},{"date":"1970-01-06T19:30:00.694Z","ignoreTimezone":true,"data":{"func":"reportingAlarm"},"pageURL":"app://jioservice.jio.com/index.html","manifestURL":"app://jioservice.jio.com/manifest.webapp","timezoneOffset":-330,"id":1,"alarmFiredCb":null},{"date":"1970-01-07T00:55:24.603Z","ignoreTimezone":true,"timezoneOffset":-330,"id":-2}]
01-06 06:25:25.999   485   485 I Gecko   : 435326005	AlarmsService	DEBUG	_sendAsyncMessage()
01-06 06:25:25.999   485   485 I GeckoDump: fota_system:retry: Add an alarm success and its id is:3
01-06 06:25:26.019  5741  5741 I Settings: Content JS LOG: NavigationMap init 
01-06 06:25:26.019  5741  5741 I Settings:     at _init (app://settings.gaiamobile.org/js/navigation_map.js:22:7)
01-06 06:25:26.019  5741  5741 I Settings: Content JS LOG: --------observerInit------ 
01-06 06:25:26.019  5741  5741 I Settings:     at _init (app://settings.gaiamobile.org/js/navigation_map.js:132:7)
01-06 06:25:26.099  5741  5758 E linker  : readlink('/proc/self/fd/41') failed: Invalid argument [fd=41]
01-06 06:25:26.099  5741  5758 E linker  : warning: unable to get realpath for the library "/system/lib/hw/gralloc.msm8909.so". Will use given name.
01-06 06:25:26.109  5741  5758 E linker  : readlink('/proc/self/fd/41') failed: Invalid argument [fd=41]
01-06 06:25:26.109  5741  5758 E linker  : warning: unable to get realpath for the library "libmemalloc.so". Will use given name.
01-06 06:25:26.109  5741  5758 E linker  : readlink('/proc/self/fd/41') failed: Invalid argument [fd=41]
01-06 06:25:26.109  5741  5758 E linker  : warning: unable to get realpath for the library "libqdMetaData.so". Will use given name.
01-06 06:25:26.109  5741  5758 E linker  : readlink('/proc/self/fd/41') failed: Invalid argument [fd=41]
01-06 06:25:26.109  5741  5758 E linker  : warning: unable to get realpath for the library "libqdutils.so". Will use given name.
01-06 06:25:26.109  5741  5758 E linker  : readlink('/proc/self/fd/41') failed: Invalid argument [fd=41]
01-06 06:25:26.109  5741  5758 E linker  : warning: unable to get realpath for the library "libGLESv1_CM.so". Will use given name.
01-06 06:25:26.109  5741  5758 E linker  : readlink('/proc/self/fd/41') failed: Invalid argument [fd=41]
01-06 06:25:26.109  5741  5758 E linker  : warning: unable to get realpath for the library "libqservice.so". Will use given name.
01-06 06:25:26.219  5741  5741 I PerformanceTiming: Performance Entry: settings.gaiamobile.org|mark|navigationLoaded|1429.095000|0.000000|435326224
01-06 06:25:26.219  5741  5741 I PerformanceTiming: Performance Entry: settings.gaiamobile.org|mark|navigationInteractive|1429.485000|0.000000|435326225
01-06 06:25:26.299   485   485 I FocusManager: << focus() called >>
01-06 06:25:26.299   485   485 I FocusManager:    trying to set focus on, tag: IFRAME, id: browser6, class: browser
01-06 06:25:26.309   485   485 I FocusManager:    current focused element, tag: IFRAME, id: browser0, class: browser hidden
01-06 06:25:26.309   485   485 I FocusManager: <- blur on, tag: IFRAME, id: browser0, class: browser hidden
01-06 06:25:26.309   485   485 I FocusManager: -> focus is now on, tag: IFRAME, id: browser6, class: browser
01-06 06:25:26.319  4661  4661 I FocusManager: <- blur on, tag: DIV, id: , class: app focusable
01-06 06:25:26.339   485   485 I GeckoConsole: Content JS LOG: [SimLockManager][580.650] handling appopened 
01-06 06:25:26.339   485   485 I GeckoConsole:     at BaseModule.prototype.debug (app://system.gaiamobile.org/js/base_module.js:25:422)
01-06 06:25:26.349  5741  5741 I FocusManager: * WindowRaised *
01-06 06:25:26.349  5741  5741 I FocusManager: -> focus is now on, NULL, tag: , id: , class: 
01-06 06:25:26.459   485   485 I Gecko   : [SUB0] QCONTENT_HELPER Received observer notification: mozsettings-changed
01-06 06:25:26.569  2525  2525 E sdcard  : missing packages.list; retrying
01-06 06:25:26.699   485   485 I Gecko   : XXX FIXME : Dispatch a mozChromeEvent: default-volume-channel-changed
01-06 06:25:26.799   485   485 I Gecko   : [BrowserElement] event type: keydown, key: ArrowRight, target: [object HTMLIFrameElement], src: app://settings.gaiamobile.org/index.html, id: browser6, class: browser
01-06 06:25:26.879  5741  5741 I Gecko   : [BrowserElement] event type: keydown, key: ArrowRight, target: [object HTMLBodyElement], class: skin-organic uninit theme-settings
01-06 06:25:26.929   485   485 I Gecko   : [BrowserElement] event type: keyup, key: ArrowRight, target: [object HTMLIFrameElement], src: app://settings.gaiamobile.org/index.html, id: browser6, class: browser
01-06 06:25:26.949  5741  5741 I FocusManager: << focus() called >>
01-06 06:25:26.949  5741  5741 I FocusManager:    trying to set focus on, tag: LI, id: , class: focus
01-06 06:25:26.969  5741  5741 I FocusManager:    current focused element, NULL, tag: , id: , class: 
01-06 06:25:26.969  5741  5741 I FocusManager: <- blur on, NULL, tag: , id: , class: 
01-06 06:25:26.969  5741  5741 I FocusManager: -> focus is now on, tag: LI, id: , class: focus
01-06 06:25:26.979  5741  5741 I Settings: Content JS LOG: NavigationMap update 
01-06 06:25:26.979  5741  5741 I Settings:     at _update (app://settings.gaiamobile.org/js/navigation_map.js:401:7)
01-06 06:25:27.009  5741  5741 I Gecko   : -*- Nfc DOM: In MozNFCImpl Constructor
01-06 06:25:27.009  5741  5741 I Gecko   : -*- Nfc DOM: MozNFCImpl init called
01-06 06:25:27.049   485   485 I Gecko   : [BrowserElement] event type: keydown, key: ArrowRight, target: [object HTMLIFrameElement], src: app://settings.gaiamobile.org/index.html, id: browser6, class: browser
01-06 06:25:27.059  5741  5741 I FocusManager: << focus() called >>
01-06 06:25:27.059  5741  5741 I FocusManager:    trying to set focus on, tag: LI, id: , class: focus
01-06 06:25:27.079  5741  5741 I FocusManager: Warning: element is already focused.
01-06 06:25:27.089  5741  5741 I Settings: Content JS LOG: NavigationMap update 
01-06 06:25:27.089  5741  5741 I Settings:     at _update (app://settings.gaiamobile.org/js/navigation_map.js:401:7)
01-06 06:25:27.089  5741  5741 I PerformanceTiming: Performance Entry: settings.gaiamobile.org|mark|visuallyLoaded|2303.830000|0.000000|435327099
01-06 06:25:27.099  5741  5741 I FocusManager: << focus() called >>
01-06 06:25:27.099  5741  5741 I FocusManager:    trying to set focus on, tag: LI, id: , class: focus
01-06 06:25:27.139  5741  5741 I FocusManager: Warning: element is already focused.
01-06 06:25:27.159   485   485 I Gecko   : [BrowserElement] event type: keyup, key: ArrowRight, target: [object HTMLIFrameElement], src: app://settings.gaiamobile.org/index.html, id: browser6, class: browser
01-06 06:25:27.169  5741  5741 I Gecko   : [BrowserElement] event type: keyup, key: ArrowRight, target: [object HTMLLIElement], class: focus
01-06 06:25:27.299  5741  5741 I Settings: Content JS LOG: before-------info [object Object] 
01-06 06:25:27.299  5741  5741 I Settings:     at _rootReset (app://settings.gaiamobile.org/js/navigation_map.js:248:9)
01-06 06:25:27.299  5741  5741 I FocusManager: << focus() called >>
01-06 06:25:27.299  5741  5741 I FocusManager:    trying to set focus on, tag: LI, id: , class: focus
01-06 06:25:27.319  5741  5741 I FocusManager:    current focused element, tag: LI, id: , class: 
01-06 06:25:27.319  5741  5741 I FocusManager: <- blur on, tag: LI, id: , class: 
01-06 06:25:27.319  5741  5741 I FocusManager: -> focus is now on, tag: LI, id: , class: focus
01-06 06:25:27.329  5741  5741 I Settings: Content JS LOG: NavigationMap update 
01-06 06:25:27.329  5741  5741 I Settings:     at _update (app://settings.gaiamobile.org/js/navigation_map.js:401:7)
01-06 06:25:27.339  5741  5741 I Gecko   : [BrowserElement] event type: keydown, key: ArrowRight, target: [object HTMLLIElement]
01-06 06:25:27.379  5741  5741 I Gecko   : [BrowserElement] event type: keyup, key: ArrowRight, target: [object HTMLLIElement], class: focus
01-06 06:25:27.479  5741  5741 I PerformanceTiming: Performance Entry: settings.gaiamobile.org|mark|fullyLoaded|2694.205000|0.000000|435327490
01-06 06:25:27.489  5741  5741 I FocusManager: << focus() called >>
01-06 06:25:27.489  5741  5741 I FocusManager:    trying to set focus on, tag: FORM, id: softkeyPanel, class: skbar none-paddings visible focused
01-06 06:25:27.499  4661  4661 I Gecko   : [BrowserElement] Resume painting on app://launcher.gaiamobile.org/manifest.webapp
01-06 06:25:27.509  5741  5741 I FocusManager: Warning: element is not focusable.
01-06 06:25:27.589   485   485 I Gecko   : XXX FIXME : Dispatch a mozFxAccountsChromeEvent: undefined
01-06 06:25:27.649  5741  5741 E Settings: [JavaScript Error: "TypeError: document.querySelector(...) is null" {file: "app://settings.gaiamobile.org/js/navigation_map.js" line: 347}]
01-06 06:25:27.649  5741  5741 E Settings: _refreshCurrentPage@app://settings.gaiamobile.org/js/navigation_map.js:347:33
01-06 06:25:27.649  5741  5741 E Settings: ctor_root_panel/_updateFotaSettings/request.onsuccess/<@app://settings.gaiamobile.org/js/panels/root/panel.js:930:13
01-06 06:25:27.649  5741  5741 E Settings: perFileCallback@app://settings.gaiamobile.org/shared/js/lazy_loader.js:9:82
01-06 06:25:27.649  5741  5741 I GeckoDump: fota_settings:setting  code has ran into init function
01-06 06:25:28.089   485   485 I Gecko   : [BrowserElement] event type: keydown, key: ArrowRight, target: [object HTMLIFrameElement], src: app://settings.gaiamobile.org/index.html, id: browser6, class: browser
01-06 06:25:28.119  5741  5741 I Settings: Content JS LOG: before-------info [object Object] 
01-06 06:25:28.119  5741  5741 I Settings:     at _rootReset (app://settings.gaiamobile.org/js/navigation_map.js:248:9)
01-06 06:25:28.119  5741  5741 I Settings: Content JS LOG: before-------info [object Object] 
01-06 06:25:28.119  5741  5741 I Settings:     at _rootReset (app://settings.gaiamobile.org/js/navigation_map.js:248:9)
01-06 06:25:28.119  5741  5741 I FocusManager: << focus() called >>
01-06 06:25:28.119  5741  5741 I FocusManager:    trying to set focus on, tag: LI, id: , class: focus
01-06 06:25:28.139  5741  5741 I FocusManager:    current focused element, tag: LI, id: , class: 
01-06 06:25:28.139  5741  5741 I FocusManager: <- blur on, tag: LI, id: , class: 
01-06 06:25:28.139  5741  5741 I FocusManager: -> focus is now on, tag: LI, id: , class: focus
01-06 06:25:28.149  5741  5741 I Settings: Content JS LOG: NavigationMap update 
01-06 06:25:28.149  5741  5741 I Settings:     at _update (app://settings.gaiamobile.org/js/navigation_map.js:401:7)
01-06 06:25:28.149  5741  5741 I Gecko   : [BrowserElement] event type: keydown, key: ArrowRight, target: [object HTMLLIElement]
01-06 06:25:28.279   485   485 I Gecko   : [BrowserElement] event type: keyup, key: ArrowRight, target: [object HTMLIFrameElement], src: app://settings.gaiamobile.org/index.html, id: browser6, class: browser
01-06 06:25:28.289  5741  5741 I Gecko   : [BrowserElement] event type: keyup, key: ArrowRight, target: [object HTMLLIElement], class: focus
01-06 06:25:28.559   485   485 I Gecko   : [BrowserElement] event type: keydown, key: ArrowRight, target: [object HTMLIFrameElement], src: app://settings.gaiamobile.org/index.html, id: browser6, class: browser
01-06 06:25:28.599  5741  5741 I Settings: Content JS LOG: before-------info [object Object] 
01-06 06:25:28.599  5741  5741 I Settings:     at _rootReset (app://settings.gaiamobile.org/js/navigation_map.js:248:9)
01-06 06:25:28.599  5741  5741 I Settings: Content JS LOG: before-------info [object Object] 
01-06 06:25:28.599  5741  5741 I Settings:     at _rootReset (app://settings.gaiamobile.org/js/navigation_map.js:248:9)
01-06 06:25:28.599  5741  5741 I Settings: Content JS LOG: before-------info [object Object] 
01-06 06:25:28.599  5741  5741 I Settings:     at _rootReset (app://settings.gaiamobile.org/js/navigation_map.js:248:9)
01-06 06:25:28.609  5741  5741 I FocusManager: << focus() called >>
01-06 06:25:28.609  5741  5741 I FocusManager:    trying to set focus on, tag: LI, id: , class: focus
01-06 06:25:28.629  5741  5741 I FocusManager:    current focused element, tag: LI, id: , class: 
01-06 06:25:28.629  5741  5741 I FocusManager: <- blur on, tag: LI, id: , class: 
01-06 06:25:28.629  5741  5741 I FocusManager: -> focus is now on, tag: LI, id: , class: focus
01-06 06:25:28.639  5741  5741 I Settings: Content JS LOG: NavigationMap update 
01-06 06:25:28.639  5741  5741 I Settings:     at _update (app://settings.gaiamobile.org/js/navigation_map.js:401:7)
01-06 06:25:28.649  5741  5741 I Gecko   : [BrowserElement] event type: keydown, key: ArrowRight, target: [object HTMLLIElement]
01-06 06:25:28.649   475   658 D ThermalEngine: sensor_wait: xo_therm Wait done.
01-06 06:25:28.649   475   658 D ThermalEngine: sensor_monitor: xo_therm Reading 35000 .
01-06 06:25:28.649   475   658 I ThermalEngine: Sensor:xo_therm:35000 mC
01-06 06:25:28.649   475   658 D ThermalEngine: update_active_thresh: xo_therm Active(1), Hi(1) 39000, Lo(0) -2147483648, Interval(1) 5000
01-06 06:25:28.649   475   658 D ThermalEngine: sensor_monitor: xo_therm Sensor wait.
01-06 06:25:28.649   475   658 D ThermalEngine: sensor_wait: xo_therm Wait start. 5000ms
01-06 06:25:28.649   475   660 D ThermalEngine: sensor_wait: case_therm Wait done.
01-06 06:25:28.649   475   660 D ThermalEngine: sensor_monitor: case_therm Reading 30000 .
01-06 06:25:28.649   475   660 I ThermalEngine: Sensor:case_therm:30000 mC
01-06 06:25:28.649   475   660 D ThermalEngine: update_active_thresh: case_therm Active(1), Hi(1) 42000, Lo(0) -2147483648, Interval(1) 5000
01-06 06:25:28.649   475   660 D ThermalEngine: sensor_monitor: case_therm Sensor wait.
01-06 06:25:28.649   475   660 D ThermalEngine: sensor_wait: case_therm Wait start. 5000ms
01-06 06:25:28.689   485   485 I Gecko   : [BrowserElement] event type: keyup, key: ArrowRight, target: [object HTMLIFrameElement], src: app://settings.gaiamobile.org/index.html, id: browser6, class: browser
01-06 06:25:28.699  5741  5741 I Gecko   : [BrowserElement] event type: keyup, key: ArrowRight, target: [object HTMLLIElement], class: focus
01-06 06:25:29.199  5804  5804 I dnsmasq : DHCPDISCOVER(rndis0) 66:7c:d1:e6:51:6f 
01-06 06:25:29.199  5804  5804 I dnsmasq : DHCPOFFER(rndis0) 192.168.30.10 66:7c:d1:e6:51:6f 
01-06 06:25:29.199  5804  5804 I dnsmasq : DHCPREQUEST(rndis0) 192.168.30.10 66:7c:d1:e6:51:6f 
01-06 06:25:29.199  5804  5804 I dnsmasq : DHCPACK(rndis0) 192.168.30.10 66:7c:d1:e6:51:6f VTA003L
01-06 06:25:29.569  2525  2525 E sdcard  : missing packages.list; retrying
01-06 06:25:29.689   485   485 I Gecko   : [BrowserElement] event type: keydown, key: Enter, target: [object HTMLIFrameElement], src: app://settings.gaiamobile.org/index.html, id: browser6, class: browser
01-06 06:25:29.699  5741  5741 I FocusManager: << focus() called >>
01-06 06:25:29.699  5741  5741 I FocusManager:    trying to set focus on, tag: LI, id: , class: focus
01-06 06:25:29.699  5741  5741 I FocusManager: Warning: element is already focused.
01-06 06:25:29.749  5741  5741 I Gecko   : [BrowserElement] event type: keydown, key: Enter, target: [object HTMLLIElement], class: focus
01-06 06:25:29.829   485   485 I Gecko   : [BrowserElement] event type: keyup, key: Enter, target: [object HTMLIFrameElement], src: app://settings.gaiamobile.org/index.html, id: browser6, class: browser
01-06 06:25:29.879   485  5887 I DongleCrypto:  3. Generate my random string(16byte)
01-06 06:25:29.879   485  5887 E DongleCrypto: error in read socket options 271
01-06 06:25:29.879   485  5887 I DongleCrypto: main init fail...return connect_fail
01-06 06:25:29.899  2406  4514 E NetlinkEvent: Unknown ifindex 25 in RTM_DELADDR
01-06 06:25:29.939   485   485 I Gecko   : [SUB0] QCONTENT_HELPER Received observer notification: mozsettings-changed
01-06 06:25:30.049  5455  5455 D bt_btif : BTHF: device_status_notification
01-06 06:25:30.049  5455  5455 D bt_btif : BTHF: device_status_notification
01-06 06:25:30.049   485   485 I GeckoConsole: QLOC: MozSettingShim: Got topic change:gonkhal-battery-notifier
01-06 06:25:30.049   485   485 D QLOC-OSAgent: POWERSTATE: 0
01-06 06:25:30.049   485   485 E IzatSvc_OSObserver: I/LocTech-Label :: OSOBSERVER :: Data Items In
01-06 06:25:30.049   485   485 E IzatSvc_OSObserver: I/LocTech-Value :: Data Item Value: IS_POWER_CONNECTED: false
01-06 06:25:30.049   485  2991 E LocSvc_api_v02: I/---> locClientSendReq line 2035 QMI_LOC_SET_EXTERNAL_POWER_CONFIG_REQ_V02
01-06 06:25:30.049   485  3030 E LocSvc_libulp: I/int ulp_msg_process_system_update(UlpSystemEvent): systemEvent:3 
01-06 06:25:30.049   485  3030 E LocSvc_libulp: I/int ulp_msg_process_start_req(), at ulp state = 1
01-06 06:25:30.049   485  3021 E LocSvc_ApiV02: I/<--- void globalRespCb(locClientHandleType, uint32_t, locClientRespIndUnionType, uint32_t, void*) line 117 QMI_LOC_SET_EXTERNAL_POWER_CONFIG_REQ_V02
01-06 06:25:30.059  5741  5741 I Gecko   : [BrowserElement] event type: keyup, key: Enter, target: [object HTMLLIElement], class: focus
01-06 06:25:30.089  2406  4521 D TetherController: untetherInterface(rndis0)
01-06 06:25:30.169   485  1150 I AutoMounter: AutoMounter state changed from RNDIS_CONFIGURED to IDLE
01-06 06:25:30.169   485  1150 I AutoMounter: UpdateState: ums:A0C0E0 mtp:A1C0E0 mode:0 usb:0 tryToShare:0 state:IDLE
01-06 06:25:30.169   485  1150 I AutoMounter: UpdateState: Volume sdcard is Mounted and inserted @ /data/usbmsc_mnt gen 1 locked 0 sharing x
01-06 06:25:30.169   485   485 I DongleAutoMounter: Dongle USB Status : usb: 0, rndis: 0, retry: false
01-06 06:25:30.169   485   485 I DongleAutoMounter: Dongle disable debouncing start
01-06 06:25:30.169   485   485 I DongleAutoMounter: Dongle unpluged ?
01-06 06:25:30.199  2406  4521 D TetherController: Stopping tethering services
01-06 06:25:30.199  5804  5804 I dnsmasq : exiting on receipt of SIGTERM
01-06 06:25:30.199  5455  5455 D bt_btif : BTHF: device_status_notification
01-06 06:25:30.199  2406  4521 D TetherController: Tethering services stopped
01-06 06:25:30.209   485   485 I GeckoConsole: QLOC: MozSettingShim: Got topic change:gonkhal-battery-notifier
01-06 06:25:30.209  5455  5455 D bt_btif : BTHF: device_status_notification
01-06 06:25:30.209   485   485 D QLOC-OSAgent: POWERSTATE: 1
01-06 06:25:30.209   485   485 E IzatSvc_OSObserver: I/LocTech-Label :: OSOBSERVER :: Data Items In
01-06 06:25:30.209   485   485 E IzatSvc_OSObserver: I/LocTech-Value :: Data Item Value: IS_POWER_CONNECTED: true
01-06 06:25:30.209   485  2991 E LocSvc_api_v02: I/---> locClientSendReq line 2035 QMI_LOC_SET_EXTERNAL_POWER_CONFIG_REQ_V02
01-06 06:25:30.209   485  3030 E LocSvc_libulp: I/int ulp_msg_process_system_update(UlpSystemEvent): systemEvent:2 
01-06 06:25:30.209   485  3030 E LocSvc_libulp: I/int ulp_msg_process_start_req(), at ulp state = 1
01-06 06:25:30.209   485  3021 E LocSvc_ApiV02: I/<--- void globalRespCb(locClientHandleType, uint32_t, locClientRespIndUnionType, uint32_t, void*) line 117 QMI_LOC_SET_EXTERNAL_POWER_CONFIG_REQ_V02
01-06 06:25:30.209   485   485 I GeckoDump: fota_system:Network now is connected:false
01-06 06:25:30.209   485   485 I Gecko   : -*- SalesTrackerService: network:offline-status-changed - offline: Stop service when network status change to offline
01-06 06:25:30.409   485   485 I GeckoConsole: QLOC: MozSettingShim: Got topic change:gonkhal-battery-notifier
01-06 06:25:30.409  5455  5455 D bt_btif : BTHF: device_status_notification
01-06 06:25:30.409  5455  5455 D bt_btif : BTHF: device_status_notification
01-06 06:25:30.459   485   485 I GeckoConsole: QLOC: MozSettingShim: Got topic change:gonkhal-battery-notifier
01-06 06:25:30.459  5455  5455 D bt_btif : BTHF: device_status_notification
01-06 06:25:30.459  5455  5455 D bt_btif : BTHF: device_status_notification
01-06 06:25:30.499   485   485 I DongleAutoMounter: Dongle USB Status : usb: 1, rndis: 0, retry: false
01-06 06:25:30.499   485   485 I DongleAutoMounter: Dongle disable debouncing start
01-06 06:25:30.499   485   485 I DongleAutoMounter: Usb debouncing, no need to disable tether
01-06 06:25:30.499   485  1150 I AutoMounter: UpdateState: ums:A0C0E0 mtp:A1C0E0 mode:0 usb:1 tryToShare:0 state:IDLE
01-06 06:25:30.499   485  1150 I AutoMounter: UpdateState: Volume sdcard is Mounted and inserted @ /data/usbmsc_mnt gen 1 locked 0 sharing x
01-06 06:25:30.679   485   485 I DongleAutoMounter: Usb debouncing, no need to disable tether
01-06 06:25:30.679   485   485 I DongleAutoMounter: USB debouncing, no need to setup retry flag
01-06 06:25:30.889  5741  5741 I Settings: Content JS LOG: ***open new page operation, previous panel --> #root 
01-06 06:25:30.889  5741  5741 I Settings:     at _findNaviId (app://settings.gaiamobile.org/js/navigation_map.js:440:9)
01-06 06:25:30.889  5741  5741 I Settings: Content JS LOG: ***previous panel focus navi id --> 26 
01-06 06:25:30.889  5741  5741 I Settings:     at _findNaviId (app://settings.gaiamobile.org/js/navigation_map.js:452:9)
01-06 06:25:30.889  5741  5741 I FocusManager: << focus() called >>
01-06 06:25:30.899  5741  5741 I FocusManager:    trying to set focus on, tag: LI, id: , class: focus
01-06 06:25:30.959  5741  5741 I FocusManager:    current focused element, tag: LI, id: , class: 
01-06 06:25:30.959  5741  5741 I FocusManager: <- blur on, tag: LI, id: , class: 
01-06 06:25:30.959  5741  5741 I FocusManager: -> focus is now on, tag: LI, id: , class: focus
01-06 06:25:30.969  5741  5741 I Settings: Content JS LOG: NavigationMap update 
01-06 06:25:30.969  5741  5741 I Settings:     at _update (app://settings.gaiamobile.org/js/navigation_map.js:401:7)
01-06 06:25:31.239   485   485 D QLOC-OSAgent: WIFIHARDWARESTATE_DATA_ITEM_ID: 0
01-06 06:25:31.239   485   485 E IzatSvc_OSObserver: I/LocTech-Label :: OSOBSERVER :: Data Items In
01-06 06:25:31.239   485   485 E IzatSvc_OSObserver: I/LocTech-Value :: Data Item Value: IS_WIFI_HARDWARE_ON: false
01-06 06:25:31.249   485   485 E GeckoConsole: [JavaScript Error: "NS_ERROR_NOT_IMPLEMENTED: Component returned failure code: 0x80004001 (NS_ERROR_NOT_IMPLEMENTED) [nsIQMozSettingsCallback.notifyMozSettingChangeBool]" {file: "file:///system/b2g/distribution/bundles/location/QMozSettingsShim.js" line: 6}]
01-06 06:25:31.249   485   485 I Gecko   : [SUB0] QCONTENT_HELPER Received observer notification: mozsettings-changed
01-06 06:25:31.299   485   485 I Gecko   : [BrowserElement] event type: keydown, key: ArrowUp, target: [object HTMLIFrameElement], src: app://settings.gaiamobile.org/index.html, id: browser6, class: browser
01-06 06:25:31.339  5741  5741 I FocusManager: << focus() called >>
01-06 06:25:31.339  5741  5741 I FocusManager:    trying to set focus on, tag: FORM, id: softkeyPanel, class: skbar none-paddings visible focused
01-06 06:25:31.349  5741  5741 I FocusManager: Warning: element is not focusable.
01-06 06:25:31.359  5866  5916 I (Preallocated app): PAC file installed from data: URI
01-06 06:25:31.379  5741  5741 I FocusManager: << focus() called >>
01-06 06:25:31.379  5741  5741 I FocusManager:    trying to set focus on, tag: LI, id: , class: focus
01-06 06:25:31.379  5741  5741 I FocusManager:    current focused element, tag: LI, id: , class: 
01-06 06:25:31.379  5741  5741 I FocusManager: <- blur on, tag: LI, id: , class: 
01-06 06:25:31.379  5741  5741 I FocusManager: -> focus is now on, tag: LI, id: , class: focus
01-06 06:25:31.389  5741  5741 I Gecko   : [BrowserElement] event type: keydown, key: ArrowUp, target: [object HTMLLIElement]
01-06 06:25:31.479   485   485 I Gecko   : [BrowserElement] event type: keyup, key: ArrowUp, target: [object HTMLIFrameElement], src: app://settings.gaiamobile.org/index.html, id: browser6, class: browser
01-06 06:25:31.509  5741  5741 I Gecko   : [BrowserElement] event type: keyup, key: ArrowUp, target: [object HTMLLIElement], class: focus
01-06 06:25:31.849   485   485 I Gecko   : [BrowserElement] event type: keydown, key: ArrowDown, target: [object HTMLIFrameElement], src: app://settings.gaiamobile.org/index.html, id: browser6, class: browser
01-06 06:25:31.859  5741  5741 I FocusManager: << focus() called >>
01-06 06:25:31.859  5741  5741 I FocusManager:    trying to set focus on, tag: LI, id: , class: focus
01-06 06:25:31.859  5741  5741 I FocusManager:    current focused element, tag: LI, id: , class: 
01-06 06:25:31.859  5741  5741 I FocusManager: <- blur on, tag: LI, id: , class: 
01-06 06:25:31.859  5741  5741 I FocusManager: -> focus is now on, tag: LI, id: , class: focus
01-06 06:25:31.869  5741  5741 I Gecko   : [BrowserElement] event type: keydown, key: ArrowDown, target: [object HTMLLIElement]
01-06 06:25:31.989   485   485 I Gecko   : [BrowserElement] event type: keyup, key: ArrowDown, target: [object HTMLIFrameElement], src: app://settings.gaiamobile.org/index.html, id: browser6, class: browser
01-06 06:25:31.989  5741  5741 I Gecko   : [BrowserElement] event type: keyup, key: ArrowDown, target: [object HTMLLIElement], class: focus
01-06 06:25:32.259   485   485 I Gecko   : [BrowserElement] event type: keydown, key: Enter, target: [object HTMLIFrameElement], src: app://settings.gaiamobile.org/index.html, id: browser6, class: browser
01-06 06:25:32.269  5741  5741 I FocusManager: << focus() called >>
01-06 06:25:32.269  5741  5741 I FocusManager:    trying to set focus on, tag: LI, id: , class: focus
01-06 06:25:32.289  5741  5741 I FocusManager: Warning: element is already focused.
01-06 06:25:32.289  5741  5741 I FocusManager: << focus() called >>
01-06 06:25:32.289  5741  5741 I FocusManager:    trying to set focus on, tag: INPUT, id: , class: 
01-06 06:25:32.289  5741  5741 I FocusManager:    current focused element, tag: LI, id: , class: focus
01-06 06:25:32.289  5741  5741 I FocusManager: <- blur on, tag: LI, id: , class: focus
01-06 06:25:32.289  5741  5741 I FocusManager: -> focus is now on, tag: INPUT, id: , class: 
01-06 06:25:32.299  5741  5741 I Gecko   : [BrowserElement] event type: keydown, key: Enter, target: [object HTMLLIElement], class: focus
01-06 06:25:32.319   485   485 I Gecko   : [BrowserElement] event type: keydown, key: ArrowRight, target: [object HTMLIFrameElement], src: app://settings.gaiamobile.org/index.html, id: browser6, class: browser
01-06 06:25:32.319  5741  5741 I Gecko   : [BrowserElement] event type: keydown, key: ArrowRight, target: [object HTMLInputElement]
01-06 06:25:32.329  5741  5741 I FocusManager: << focus() called >>
01-06 06:25:32.329  5741  5741 I FocusManager:    trying to set focus on, tag: INPUT, id: , class: 
01-06 06:25:32.329  5741  5741 I FocusManager:    current focused element, tag: INPUT, id: , class: 
01-06 06:25:32.329  5741  5741 I FocusManager: <- blur on, tag: INPUT, id: , class: 
01-06 06:25:32.329  5741  5741 I FocusManager: -> focus is now on, tag: INPUT, id: , class: 
01-06 06:25:32.369   485   485 I Gecko   : [SUB0] QCONTENT_HELPER Received observer notification: mozsettings-changed
01-06 06:25:32.419   485   485 I Gecko   : [BrowserElement] event type: keyup, key: ArrowRight, target: [object HTMLIFrameElement], src: app://settings.gaiamobile.org/index.html, id: browser6, class: browser
01-06 06:25:32.419   485   485 I Gecko   : [SUB0] QCONTENT_HELPER Received observer notification: mozsettings-changed
01-06 06:25:32.439   485   485 I Gecko   : XXX FIXME : Dispatch a mozIACChromeEvent: inter-app-comm-permission
01-06 06:25:32.439   485   485 I Gecko   : XXX FIXME : Dispatch a mozIACContentEvent: inter-app-comm-permission
01-06 06:25:32.479   485   485 I Gecko   : [BrowserElement] event type: keyup, key: Enter, target: [object HTMLIFrameElement], src: app://settings.gaiamobile.org/index.html, id: browser6, class: browser
01-06 06:25:32.519  5741  5741 I Gecko   : [BrowserElement] event type: keyup, key: ArrowRight, target: [object HTMLInputElement]
01-06 06:25:32.569  2525  2525 E sdcard  : missing packages.list; retrying
01-06 06:25:32.639  5741  5741 I Gecko   : [BrowserElement] event type: keyup, key: Enter, target: [object HTMLInputElement]
01-06 06:25:32.959  5741  5741 I Settings: Content JS LOG: ***back to previous page*** 
01-06 06:25:32.959  5741  5741 I Settings:     at _findNaviId (app://settings.gaiamobile.org/js/navigation_map.js:431:13)
01-06 06:25:32.959  5741  5741 I FocusManager: << focus() called >>
01-06 06:25:32.959  5741  5741 I FocusManager:    trying to set focus on, tag: LI, id: , class: focus
01-06 06:25:32.989  5741  5741 I FocusManager:    current focused element, tag: INPUT, id: , class: 
01-06 06:25:32.989  5741  5741 I FocusManager: <- blur on, tag: INPUT, id: , class: 
01-06 06:25:32.989  5741  5741 I FocusManager: -> focus is now on, tag: LI, id: , class: focus
01-06 06:25:33.009  5741  5741 I Settings: Content JS LOG: NavigationMap update 
01-06 06:25:33.009  5741  5741 I Settings:     at _update (app://settings.gaiamobile.org/js/navigation_map.js:401:7)
01-06 06:25:33.039  5741  5741 I FocusManager: << focus() called >>
01-06 06:25:33.039  5741  5741 I FocusManager:    trying to set focus on, tag: LI, id: , class: focus
01-06 06:25:33.039  5741  5741 I FocusManager: Warning: element is already focused.
01-06 06:25:33.099   485   485 I Gecko   : XXX FIXME : Dispatch a mozFxAccountsChromeEvent: undefined
01-06 06:25:33.289  5741  5741 I FocusManager: << focus() called >>
01-06 06:25:33.289  5741  5741 I FocusManager:    trying to set focus on, tag: FORM, id: softkeyPanel, class: skbar none-paddings visible focused
01-06 06:25:33.309  5741  5741 I FocusManager: Warning: element is not focusable.
01-06 06:25:33.649   475   658 D ThermalEngine: sensor_wait: xo_therm Wait done.
01-06 06:25:33.649   475   658 D ThermalEngine: sensor_monitor: xo_therm Reading 36000 .
01-06 06:25:33.649   475   658 I ThermalEngine: Sensor:xo_therm:36000 mC
01-06 06:25:33.649   475   658 D ThermalEngine: update_active_thresh: xo_therm Active(1), Hi(1) 39000, Lo(0) -2147483648, Interval(1) 5000
01-06 06:25:33.649   475   658 D ThermalEngine: sensor_monitor: xo_therm Sensor wait.
01-06 06:25:33.649   475   658 D ThermalEngine: sensor_wait: xo_therm Wait start. 5000ms
01-06 06:25:33.649   475   660 D ThermalEngine: sensor_wait: case_therm Wait done.
01-06 06:25:33.659   475   660 D ThermalEngine: sensor_monitor: case_therm Reading 30000 .
01-06 06:25:33.659   475   660 I ThermalEngine: Sensor:case_therm:30000 mC
01-06 06:25:33.659   475   660 D ThermalEngine: update_active_thresh: case_therm Active(1), Hi(1) 42000, Lo(0) -2147483648, Interval(1) 5000
01-06 06:25:33.659   475   660 D ThermalEngine: sensor_monitor: case_therm Sensor wait.
01-06 06:25:33.659   475   660 D ThermalEngine: sensor_wait: case_therm Wait start. 5000ms
01-06 06:25:33.729   485   485 I Gecko   : [BrowserElement] event type: keydown, key: Enter, target: [object HTMLIFrameElement], src: app://settings.gaiamobile.org/index.html, id: browser6, class: browser
01-06 06:25:33.729  5741  5741 I FocusManager: << focus() called >>
01-06 06:25:33.729  5741  5741 I FocusManager:    trying to set focus on, tag: LI, id: , class: focus
01-06 06:25:33.729  5741  5741 I FocusManager: Warning: element is already focused.
01-06 06:25:33.739  5741  5741 I Gecko   : [BrowserElement] event type: keydown, key: Enter, target: [object HTMLLIElement], class: focus
01-06 06:25:33.949   485   485 I Gecko   : [BrowserElement] event type: keyup, key: Enter, target: [object HTMLIFrameElement], src: app://settings.gaiamobile.org/index.html, id: browser6, class: browser
01-06 06:25:33.989  5741  5741 I Gecko   : [BrowserElement] event type: keyup, key: Enter, target: [object HTMLLIElement], class: focus
01-06 06:25:34.389  5741  5741 I Settings: Content JS LOG: ***open new page operation, previous panel --> #root 
01-06 06:25:34.389  5741  5741 I Settings:     at _findNaviId (app://settings.gaiamobile.org/js/navigation_map.js:440:9)
01-06 06:25:34.389  5741  5741 I Settings: Content JS LOG: ***previous panel focus navi id --> 31 
01-06 06:25:34.389  5741  5741 I Settings:     at _findNaviId (app://settings.gaiamobile.org/js/navigation_map.js:452:9)
01-06 06:25:34.389  5741  5741 I FocusManager: << focus() called >>
01-06 06:25:34.389  5741  5741 I FocusManager:    trying to set focus on, tag: LI, id: , class: focus
01-06 06:25:34.449  5741  5741 I FocusManager:    current focused element, tag: LI, id: , class: 
01-06 06:25:34.449  5741  5741 I FocusManager: <- blur on, tag: LI, id: , class: 
01-06 06:25:34.449  5741  5741 I FocusManager: -> focus is now on, tag: LI, id: , class: focus
01-06 06:25:34.459  5741  5741 I Settings: Content JS LOG: NavigationMap update 
01-06 06:25:34.459  5741  5741 I Settings:     at _update (app://settings.gaiamobile.org/js/navigation_map.js:401:7)
01-06 06:25:34.659   485   485 I Gecko   : [BrowserElement] event type: keydown, key: ArrowUp, target: [object HTMLIFrameElement], src: app://settings.gaiamobile.org/index.html, id: browser6, class: browser
01-06 06:25:34.669  5741  5741 I FocusManager: << focus() called >>
01-06 06:25:34.669  5741  5741 I FocusManager:    trying to set focus on, tag: LI, id: , class: focus
01-06 06:25:34.669  5741  5741 I FocusManager:    current focused element, tag: LI, id: , class: 
01-06 06:25:34.669  5741  5741 I FocusManager: <- blur on, tag: LI, id: , class: 
01-06 06:25:34.679  5741  5741 I FocusManager: -> focus is now on, tag: LI, id: , class: focus
01-06 06:25:34.679  5741  5741 I Gecko   : [BrowserElement] event type: keydown, key: ArrowUp, target: [object HTMLLIElement]
01-06 06:25:34.729  5741  5741 I FocusManager: << focus() called >>
01-06 06:25:34.729  5741  5741 I FocusManager:    trying to set focus on, tag: FORM, id: softkeyPanel, class: skbar none-paddings visible focused
01-06 06:25:34.729  5741  5741 I FocusManager: Warning: element is not focusable.
01-06 06:25:34.799   485   485 I Gecko   : [BrowserElement] event type: keyup, key: ArrowUp, target: [object HTMLIFrameElement], src: app://settings.gaiamobile.org/index.html, id: browser6, class: browser
01-06 06:25:34.809  5741  5741 I Gecko   : [BrowserElement] event type: keyup, key: ArrowUp, target: [object HTMLLIElement], class: focus
01-06 06:25:35.259   485   485 I Gecko   : [BrowserElement] event type: keydown, key: ArrowDown, target: [object HTMLIFrameElement], src: app://settings.gaiamobile.org/index.html, id: browser6, class: browser
01-06 06:25:35.269  5741  5741 I FocusManager: << focus() called >>
01-06 06:25:35.269  5741  5741 I FocusManager:    trying to set focus on, tag: LI, id: , class: focus
01-06 06:25:35.269  5741  5741 I FocusManager:    current focused element, tag: LI, id: , class: 
01-06 06:25:35.269  5741  5741 I FocusManager: <- blur on, tag: LI, id: , class: 
01-06 06:25:35.279  5741  5741 I FocusManager: -> focus is now on, tag: LI, id: , class: focus
01-06 06:25:35.279  5741  5741 I Gecko   : [BrowserElement] event type: keydown, key: ArrowDown, target: [object HTMLLIElement]
01-06 06:25:35.409   485   485 I Gecko   : [BrowserElement] event type: keyup, key: ArrowDown, target: [object HTMLIFrameElement], src: app://settings.gaiamobile.org/index.html, id: browser6, class: browser
01-06 06:25:35.409  5741  5741 I Gecko   : [BrowserElement] event type: keyup, key: ArrowDown, target: [object HTMLLIElement], class: focus
01-06 06:25:35.569  2525  2525 E sdcard  : missing packages.list; retrying
01-06 06:25:35.669   485   485 I Gecko   : [BrowserElement] event type: keydown, key: Enter, target: [object HTMLIFrameElement], src: app://settings.gaiamobile.org/index.html, id: browser6, class: browser
01-06 06:25:35.689  5741  5741 I FocusManager: << focus() called >>
01-06 06:25:35.689  5741  5741 I FocusManager:    trying to set focus on, tag: LI, id: , class: focus
01-06 06:25:35.709  5741  5741 I FocusManager: Warning: element is already focused.
01-06 06:25:35.709  5741  5741 I FocusManager: << focus() called >>
01-06 06:25:35.709  5741  5741 I FocusManager:    trying to set focus on, tag: INPUT, id: , class: 
01-06 06:25:35.709  5741  5741 I FocusManager:    current focused element, tag: LI, id: , class: focus
01-06 06:25:35.709  5741  5741 I FocusManager: <- blur on, tag: LI, id: , class: focus
01-06 06:25:35.709  5741  5741 I FocusManager: -> focus is now on, tag: INPUT, id: , class: 
01-06 06:25:35.719  5741  5741 I Gecko   : [BrowserElement] event type: keydown, key: Enter, target: [object HTMLLIElement], class: focus
01-06 06:25:35.759   485   485 I Gecko   : [SUB0] QCONTENT_HELPER Received observer notification: mozsettings-changed
01-06 06:25:35.849   485   485 I Gecko   : [BrowserElement] event type: keyup, key: Enter, target: [object HTMLIFrameElement], src: app://settings.gaiamobile.org/index.html, id: browser6, class: browser
01-06 06:25:35.859   485   485 I Gecko   : [SUB0] QCONTENT_HELPER Received observer notification: mozsettings-changed
01-06 06:25:35.859   485  1150 I AutoMounter: Changing mode from 'Disable' to 'Enable-MTP'
01-06 06:25:35.869   485  1150 I AutoMounter: SetUsbFunction(mtp) sys.usb.config from 'diag,serial_smd,rmnet_qti_bam,adb' to 'mtp,adb'
01-06 06:25:35.869   485  1150 I AutoMounter: AutoMounter state changed from IDLE to MTP_CONFIGURING
01-06 06:25:35.869   485  1150 I AutoMounter: UpdateState: ums:A0C0E0 mtp:A1C0E1 mode:3 usb:1 tryToShare:0 state:MTP_CONFIGURING
01-06 06:25:35.869   485  1150 I AutoMounter: UpdateState: Volume sdcard is Mounted and inserted @ /data/usbmsc_mnt gen 1 locked 0 sharing x
01-06 06:25:35.869   485  1150 I AutoMounterSetting: Changing status from 'Disabled' to 'Enabled'
01-06 06:25:35.939  5455  5455 D bt_btif : BTHF: device_status_notification
01-06 06:25:35.949  5741  5741 I Gecko   : [BrowserElement] event type: keyup, key: Enter, target: [object HTMLInputElement]
01-06 06:25:35.959   485   485 I GeckoConsole: QLOC: MozSettingShim: Got topic change:gonkhal-battery-notifier
01-06 06:25:35.959   485   485 D QLOC-OSAgent: POWERSTATE: 0
01-06 06:25:35.959   485   485 E IzatSvc_OSObserver: I/LocTech-Label :: OSOBSERVER :: Data Items In
01-06 06:25:35.959   485   485 E IzatSvc_OSObserver: I/LocTech-Value :: Data Item Value: IS_POWER_CONNECTED: false
01-06 06:25:35.969   485  2991 E LocSvc_api_v02: I/---> locClientSendReq line 2035 QMI_LOC_SET_EXTERNAL_POWER_CONFIG_REQ_V02
01-06 06:25:35.969   485  3030 E LocSvc_libulp: I/int ulp_msg_process_system_update(UlpSystemEvent): systemEvent:3 
01-06 06:25:35.969   485  3030 E LocSvc_libulp: I/int ulp_msg_process_start_req(), at ulp state = 1
01-06 06:25:35.969   485  3021 E LocSvc_ApiV02: I/<--- void globalRespCb(locClientHandleType, uint32_t, locClientRespIndUnionType, uint32_t, void*) line 117 QMI_LOC_SET_EXTERNAL_POWER_CONFIG_REQ_V02
01-06 06:25:35.969  5455  5455 D bt_btif : BTHF: device_status_notification
01-06 06:25:36.059   485   485 I Gecko   : [SUB0] QCONTENT_HELPER Received observer notification: mozsettings-changed
01-06 06:25:36.059   485  1150 I AutoMounter: UpdateState: ums:A0C0E0 mtp:A1C0E1 mode:3 usb:0 tryToShare:0 state:MTP_CONFIGURING
01-06 06:25:36.059   485  1150 I AutoMounter: UpdateState: Volume sdcard is Mounted and inserted @ /data/usbmsc_mnt gen 1 locked 0 sharing x
01-06 06:25:36.069   485   485 I DongleAutoMounter: Dongle USB Status : usb: 0, rndis: 0, retry: false
01-06 06:25:36.069   485   485 I DongleAutoMounter: Dongle disable debouncing start
01-06 06:25:36.069   485   485 I DongleAutoMounter: Dongle unpluged ?
01-06 06:25:36.089  5455  5455 D bt_btif : BTHF: device_status_notification
01-06 06:25:36.089  5455  5455 D bt_btif : BTHF: device_status_notification
01-06 06:25:36.089   485   485 I GeckoConsole: QLOC: MozSettingShim: Got topic change:gonkhal-battery-notifier
01-06 06:25:36.089   485   485 D QLOC-OSAgent: POWERSTATE: 1
01-06 06:25:36.089   485   485 E IzatSvc_OSObserver: I/LocTech-Label :: OSOBSERVER :: Data Items In
01-06 06:25:36.089   485   485 E IzatSvc_OSObserver: I/LocTech-Value :: Data Item Value: IS_POWER_CONNECTED: true
01-06 06:25:36.089   485  3030 E LocSvc_libulp: I/int ulp_msg_process_system_update(UlpSystemEvent): systemEvent:2 
01-06 06:25:36.089   485  2991 E LocSvc_api_v02: I/---> locClientSendReq line 2035 QMI_LOC_SET_EXTERNAL_POWER_CONFIG_REQ_V02
01-06 06:25:36.089   485  3030 E LocSvc_libulp: I/int ulp_msg_process_start_req(), at ulp state = 1
01-06 06:25:36.089   485  3021 E LocSvc_ApiV02: I/<--- void globalRespCb(locClientHandleType, uint32_t, locClientRespIndUnionType, uint32_t, void*) line 117 QMI_LOC_SET_EXTERNAL_POWER_CONFIG_REQ_V02
01-06 06:25:36.199  5455  5455 D bt_btif : BTHF: device_status_notification
01-06 06:25:36.199   485   485 I GeckoConsole: QLOC: MozSettingShim: Got topic change:gonkhal-battery-notifier
01-06 06:25:36.199  5455  5455 D bt_btif : BTHF: device_status_notification
01-06 06:25:36.339  5455  5455 D bt_btif : BTHF: device_status_notification
01-06 06:25:36.339  5455  5455 D bt_btif : BTHF: device_status_notification
01-06 06:25:36.339   485   485 I GeckoConsole: QLOC: MozSettingShim: Got topic change:gonkhal-battery-notifier
01-06 06:25:36.349  5741  5741 I Settings: Content JS LOG: ***back to previous page*** 
01-06 06:25:36.349  5741  5741 I Settings:     at _findNaviId (app://settings.gaiamobile.org/js/navigation_map.js:431:13)
01-06 06:25:36.349  5741  5741 I FocusManager: << focus() called >>
01-06 06:25:36.349  5741  5741 I FocusManager:    trying to set focus on, tag: LI, id: , class: focus
01-06 06:25:36.369  5741  5741 I FocusManager:    current focused element, tag: INPUT, id: , class: 
01-06 06:25:36.369  5741  5741 I FocusManager: <- blur on, tag: INPUT, id: , class: 
01-06 06:25:36.369  5741  5741 I FocusManager: -> focus is now on, tag: LI, id: , class: focus
01-06 06:25:36.379   485  1150 I AutoMounter: Starting MtpServer
01-06 06:25:36.379   485  1150 I MozMtp  : Init: Opened '/dev/mtp_usb' fd 245
01-06 06:25:36.379  5741  5741 I Settings: Content JS LOG: NavigationMap update 
01-06 06:25:36.379  5741  5741 I Settings:     at _update (app://settings.gaiamobile.org/js/navigation_map.js:401:7)
01-06 06:25:36.379   485   485 I DongleAutoMounter: Dongle USB Status : usb: 1, rndis: 0, retry: false
01-06 06:25:36.379   485   485 I DongleAutoMounter: Dongle disable debouncing start
01-06 06:25:36.379   485   485 I DongleAutoMounter: Usb debouncing, no need to disable tether
01-06 06:25:36.389   485  1150 I MozMtp  : MozMtpStorage: Storage constructed for Volume sdcard mStorageID 0x00010001
01-06 06:25:36.389   485  1150 I MozMtp  : Notify: Volume sdcard mStorageID 0x00010001 state changed to Mounted SharingEnabled: 0
01-06 06:25:36.389   485  1150 I MozMtp  : StorageAvailable: Adding Volume sdcard mStorageID 0x00010001 mountPoint /data/usbmsc_mnt to MozMtpDatabase
